../Core/Inc/emlearn/eml_common.h:37:1:eml_error_valid	16	static
../Core/Inc/emlearn/eml_common.h:42:1:eml_error_str	16	static
../Core/Inc/emlearn/eml_net.h:55:1:eml_net_relu	16	static
../Core/Inc/emlearn/eml_net.h:60:1:eml_net_expit	16	static
../Core/Inc/emlearn/eml_net.h:65:1:eml_net_tanh	16	static
../Core/Inc/emlearn/eml_net.h:70:1:eml_net_softmax	48	static
../Core/Inc/emlearn/eml_net.h:95:1:eml_net_argmax	32	static
../Core/Inc/emlearn/eml_net.h:110:1:eml_net_valid	24	static
../Core/Inc/emlearn/eml_net.h:116:1:eml_net_outputs	16	static
../Core/Inc/emlearn/eml_net.h:122:1:eml_net_outputs_proba	24	static
../Core/Inc/emlearn/eml_net.h:132:1:eml_net_find_largest_layer	24	static
../Core/Inc/emlearn/eml_net.h:174:1:eml_net_layer_forward	64	static
../Core/Inc/emlearn/eml_net.h:229:1:eml_net_infer	72	static
../Core/Inc/emlearn/eml_net.h:262:1:eml_net_predict_proba	64	static
../Core/Inc/emlearn/eml_net.h:295:1:eml_net_predict	40	static
../Core/Inc/nevronskaMreza_HojaOseb.h:14:5:nevronskaMreza_HojaOseb_predict	16	static
../Core/Src/main.c:162:5:main	176	static
../Core/Src/main.c:552:6:SystemClock_Config	96	static
../Core/Src/main.c:609:13:MX_ADC1_Init	32	static
../Core/Src/main.c:668:13:MX_DFSDM1_Init	8	static
../Core/Src/main.c:721:13:MX_I2C1_Init	8	static
../Core/Src/main.c:769:13:MX_I2C3_Init	8	static
../Core/Src/main.c:817:13:MX_RTC_Init	32	static
../Core/Src/main.c:881:13:MX_SDMMC1_SD_Init	4	static
../Core/Src/main.c:909:13:MX_SPI1_Init	8	static
../Core/Src/main.c:949:13:MX_SPI2_Init	8	static
../Core/Src/main.c:989:13:MX_SPI3_Init	8	static
../Core/Src/main.c:1029:13:MX_TIM2_Init	40	static
../Core/Src/main.c:1074:13:MX_TIM6_Init	24	static
../Core/Src/main.c:1112:13:MX_TIM7_Init	24	static
../Core/Src/main.c:1148:13:MX_DMA_Init	16	static
../Core/Src/main.c:1167:13:MX_GPIO_Init	64	static
../Core/Src/main.c:1304:7:accMagnitude	32	static
../Core/Src/main.c:1316:6:Error_Handler	4	static,ignoring_inline_asm
