F:/FRI_novSSD/Diploma/Diploma-GitHub/AlgoBuilder/Klasifikacijsko_drevo-Jakost_gibanja/projekt/Drivers/BSP/SensorTile.box/SensorTile.box_bus.c:160:9:BSP_I2C1_DeInit	8	static
F:/FRI_novSSD/Diploma/Diploma-GitHub/AlgoBuilder/Klasifikacijsko_drevo-Jakost_gibanja/projekt/Drivers/BSP/SensorTile.box/SensorTile.box_bus.c:180:9:BSP_I2C1_IsReady	8	static
F:/FRI_novSSD/Diploma/Diploma-GitHub/AlgoBuilder/Klasifikacijsko_drevo-Jakost_gibanja/projekt/Drivers/BSP/SensorTile.box/SensorTile.box_bus.c:192:9:BSP_I2C1_WriteReg	24	static
F:/FRI_novSSD/Diploma/Diploma-GitHub/AlgoBuilder/Klasifikacijsko_drevo-Jakost_gibanja/projekt/Drivers/BSP/SensorTile.box/SensorTile.box_bus.c:212:10:BSP_I2C1_ReadReg	24	static
F:/FRI_novSSD/Diploma/Diploma-GitHub/AlgoBuilder/Klasifikacijsko_drevo-Jakost_gibanja/projekt/Drivers/BSP/SensorTile.box/SensorTile.box_bus.c:233:9:BSP_I2C1_WriteReg16	24	static
F:/FRI_novSSD/Diploma/Diploma-GitHub/AlgoBuilder/Klasifikacijsko_drevo-Jakost_gibanja/projekt/Drivers/BSP/SensorTile.box/SensorTile.box_bus.c:253:10:BSP_I2C1_ReadReg16	24	static
F:/FRI_novSSD/Diploma/Diploma-GitHub/AlgoBuilder/Klasifikacijsko_drevo-Jakost_gibanja/projekt/Drivers/BSP/SensorTile.box/SensorTile.box_bus.c:274:9:BSP_I2C1_Send	16	static
F:/FRI_novSSD/Diploma/Diploma-GitHub/AlgoBuilder/Klasifikacijsko_drevo-Jakost_gibanja/projekt/Drivers/BSP/SensorTile.box/SensorTile.box_bus.c:292:9:BSP_I2C1_Recv	16	static
F:/FRI_novSSD/Diploma/Diploma-GitHub/AlgoBuilder/Klasifikacijsko_drevo-Jakost_gibanja/projekt/Drivers/BSP/SensorTile.box/SensorTile.box_bus.c:311:9:BSP_I2C1_SendRecv	32	static
F:/FRI_novSSD/Diploma/Diploma-GitHub/AlgoBuilder/Klasifikacijsko_drevo-Jakost_gibanja/projekt/Drivers/BSP/SensorTile.box/SensorTile.box_bus.c:378:9:BSP_I2C3_DeInit	8	static
F:/FRI_novSSD/Diploma/Diploma-GitHub/AlgoBuilder/Klasifikacijsko_drevo-Jakost_gibanja/projekt/Drivers/BSP/SensorTile.box/SensorTile.box_bus.c:398:9:BSP_I2C3_IsReady	8	static
F:/FRI_novSSD/Diploma/Diploma-GitHub/AlgoBuilder/Klasifikacijsko_drevo-Jakost_gibanja/projekt/Drivers/BSP/SensorTile.box/SensorTile.box_bus.c:410:9:BSP_I2C3_WriteReg	24	static
F:/FRI_novSSD/Diploma/Diploma-GitHub/AlgoBuilder/Klasifikacijsko_drevo-Jakost_gibanja/projekt/Drivers/BSP/SensorTile.box/SensorTile.box_bus.c:430:10:BSP_I2C3_ReadReg	24	static
F:/FRI_novSSD/Diploma/Diploma-GitHub/AlgoBuilder/Klasifikacijsko_drevo-Jakost_gibanja/projekt/Drivers/BSP/SensorTile.box/SensorTile.box_bus.c:451:9:BSP_I2C3_WriteReg16	24	static
F:/FRI_novSSD/Diploma/Diploma-GitHub/AlgoBuilder/Klasifikacijsko_drevo-Jakost_gibanja/projekt/Drivers/BSP/SensorTile.box/SensorTile.box_bus.c:471:10:BSP_I2C3_ReadReg16	24	static
F:/FRI_novSSD/Diploma/Diploma-GitHub/AlgoBuilder/Klasifikacijsko_drevo-Jakost_gibanja/projekt/Drivers/BSP/SensorTile.box/SensorTile.box_bus.c:492:9:BSP_I2C3_Send	16	static
F:/FRI_novSSD/Diploma/Diploma-GitHub/AlgoBuilder/Klasifikacijsko_drevo-Jakost_gibanja/projekt/Drivers/BSP/SensorTile.box/SensorTile.box_bus.c:510:9:BSP_I2C3_Recv	16	static
F:/FRI_novSSD/Diploma/Diploma-GitHub/AlgoBuilder/Klasifikacijsko_drevo-Jakost_gibanja/projekt/Drivers/BSP/SensorTile.box/SensorTile.box_bus.c:529:9:BSP_I2C3_SendRecv	32	static
F:/FRI_novSSD/Diploma/Diploma-GitHub/AlgoBuilder/Klasifikacijsko_drevo-Jakost_gibanja/projekt/Drivers/BSP/SensorTile.box/SensorTile.box_bus.c:588:9:BSP_SPI1_DeInit	8	static
F:/FRI_novSSD/Diploma/Diploma-GitHub/AlgoBuilder/Klasifikacijsko_drevo-Jakost_gibanja/projekt/Drivers/BSP/SensorTile.box/SensorTile.box_bus.c:609:9:BSP_SPI1_Send	8	static
F:/FRI_novSSD/Diploma/Diploma-GitHub/AlgoBuilder/Klasifikacijsko_drevo-Jakost_gibanja/projekt/Drivers/BSP/SensorTile.box/SensorTile.box_bus.c:626:10:BSP_SPI1_Recv	8	static
F:/FRI_novSSD/Diploma/Diploma-GitHub/AlgoBuilder/Klasifikacijsko_drevo-Jakost_gibanja/projekt/Drivers/BSP/SensorTile.box/SensorTile.box_bus.c:643:9:BSP_SPI1_SendRecv	16	static
F:/FRI_novSSD/Diploma/Diploma-GitHub/AlgoBuilder/Klasifikacijsko_drevo-Jakost_gibanja/projekt/Drivers/BSP/SensorTile.box/SensorTile.box_bus.c:697:9:BSP_SPI2_DeInit	8	static
F:/FRI_novSSD/Diploma/Diploma-GitHub/AlgoBuilder/Klasifikacijsko_drevo-Jakost_gibanja/projekt/Drivers/BSP/SensorTile.box/SensorTile.box_bus.c:718:9:BSP_SPI2_Send	8	static
F:/FRI_novSSD/Diploma/Diploma-GitHub/AlgoBuilder/Klasifikacijsko_drevo-Jakost_gibanja/projekt/Drivers/BSP/SensorTile.box/SensorTile.box_bus.c:735:9:BSP_SPI2_Recv	8	static
F:/FRI_novSSD/Diploma/Diploma-GitHub/AlgoBuilder/Klasifikacijsko_drevo-Jakost_gibanja/projekt/Drivers/BSP/SensorTile.box/SensorTile.box_bus.c:752:9:BSP_SPI2_SendRecv	16	static
F:/FRI_novSSD/Diploma/Diploma-GitHub/AlgoBuilder/Klasifikacijsko_drevo-Jakost_gibanja/projekt/Drivers/BSP/SensorTile.box/SensorTile.box_bus.c:803:9:BSP_SPI3_DeInit	8	static
F:/FRI_novSSD/Diploma/Diploma-GitHub/AlgoBuilder/Klasifikacijsko_drevo-Jakost_gibanja/projekt/Drivers/BSP/SensorTile.box/SensorTile.box_bus.c:824:9:BSP_SPI3_Send	8	static
F:/FRI_novSSD/Diploma/Diploma-GitHub/AlgoBuilder/Klasifikacijsko_drevo-Jakost_gibanja/projekt/Drivers/BSP/SensorTile.box/SensorTile.box_bus.c:841:10:BSP_SPI3_Recv	8	static
F:/FRI_novSSD/Diploma/Diploma-GitHub/AlgoBuilder/Klasifikacijsko_drevo-Jakost_gibanja/projekt/Drivers/BSP/SensorTile.box/SensorTile.box_bus.c:858:9:BSP_SPI3_SendRecv	16	static
F:/FRI_novSSD/Diploma/Diploma-GitHub/AlgoBuilder/Klasifikacijsko_drevo-Jakost_gibanja/projekt/Drivers/BSP/SensorTile.box/SensorTile.box_bus.c:1138:9:BSP_GetTick	0	static
F:/FRI_novSSD/Diploma/Diploma-GitHub/AlgoBuilder/Klasifikacijsko_drevo-Jakost_gibanja/projekt/Drivers/BSP/SensorTile.box/SensorTile.box_bus.c:1143:26:MX_SPI1_Init	8	static
F:/FRI_novSSD/Diploma/Diploma-GitHub/AlgoBuilder/Klasifikacijsko_drevo-Jakost_gibanja/projekt/Drivers/BSP/SensorTile.box/SensorTile.box_bus.c:553:9:BSP_SPI1_Init	40	static
F:/FRI_novSSD/Diploma/Diploma-GitHub/AlgoBuilder/Klasifikacijsko_drevo-Jakost_gibanja/projekt/Drivers/BSP/SensorTile.box/SensorTile.box_bus.c:1202:26:MX_SPI2_Init	8	static
F:/FRI_novSSD/Diploma/Diploma-GitHub/AlgoBuilder/Klasifikacijsko_drevo-Jakost_gibanja/projekt/Drivers/BSP/SensorTile.box/SensorTile.box_bus.c:660:9:BSP_SPI2_Init	64	static
F:/FRI_novSSD/Diploma/Diploma-GitHub/AlgoBuilder/Klasifikacijsko_drevo-Jakost_gibanja/projekt/Drivers/BSP/SensorTile.box/SensorTile.box_bus.c:1273:26:MX_SPI3_Init	8	static
F:/FRI_novSSD/Diploma/Diploma-GitHub/AlgoBuilder/Klasifikacijsko_drevo-Jakost_gibanja/projekt/Drivers/BSP/SensorTile.box/SensorTile.box_bus.c:768:9:BSP_SPI3_Init	40	static
F:/FRI_novSSD/Diploma/Diploma-GitHub/AlgoBuilder/Klasifikacijsko_drevo-Jakost_gibanja/projekt/Drivers/BSP/SensorTile.box/SensorTile.box_bus.c:1333:26:MX_I2C1_Init	16	static
F:/FRI_novSSD/Diploma/Diploma-GitHub/AlgoBuilder/Klasifikacijsko_drevo-Jakost_gibanja/projekt/Drivers/BSP/SensorTile.box/SensorTile.box_bus.c:115:9:BSP_I2C1_Init	48	static
F:/FRI_novSSD/Diploma/Diploma-GitHub/AlgoBuilder/Klasifikacijsko_drevo-Jakost_gibanja/projekt/Drivers/BSP/SensorTile.box/SensorTile.box_bus.c:1398:26:MX_I2C3_Init	16	static
F:/FRI_novSSD/Diploma/Diploma-GitHub/AlgoBuilder/Klasifikacijsko_drevo-Jakost_gibanja/projekt/Drivers/BSP/SensorTile.box/SensorTile.box_bus.c:333:9:BSP_I2C3_Init	56	static
