F:/FRI_novSSD/Diploma/Diploma-GitHub/AlgoBuilder/Zajem_podatkov-Jakost_gibanja/Projekt/Drivers/BSP/SensorTile.box/SensorTile.box.c:144:9:BSP_ADC1_Initialization	56	static
F:/FRI_novSSD/Diploma/Diploma-GitHub/AlgoBuilder/Zajem_podatkov-Jakost_gibanja/Projekt/Drivers/BSP/SensorTile.box/SensorTile.box.c:249:6:HAL_ADC_MspInit	8	static
F:/FRI_novSSD/Diploma/Diploma-GitHub/AlgoBuilder/Zajem_podatkov-Jakost_gibanja/Projekt/Drivers/BSP/SensorTile.box/SensorTile.box.c:259:6:HAL_ADC_MspDeInit	0	static
F:/FRI_novSSD/Diploma/Diploma-GitHub/AlgoBuilder/Zajem_podatkov-Jakost_gibanja/Projekt/Drivers/BSP/SensorTile.box/SensorTile.box.c:271:9:BSP_ADC1_DeInitialization	8	static
F:/FRI_novSSD/Diploma/Diploma-GitHub/AlgoBuilder/Zajem_podatkov-Jakost_gibanja/Projekt/Drivers/BSP/SensorTile.box/SensorTile.box.c:292:10:BSP_GetVersion	0	static
F:/FRI_novSSD/Diploma/Diploma-GitHub/AlgoBuilder/Zajem_podatkov-Jakost_gibanja/Projekt/Drivers/BSP/SensorTile.box/SensorTile.box.c:305:6:BSP_LED_Init	56	static
F:/FRI_novSSD/Diploma/Diploma-GitHub/AlgoBuilder/Zajem_podatkov-Jakost_gibanja/Projekt/Drivers/BSP/SensorTile.box/SensorTile.box.c:336:6:BSP_LED_DeInit	0	static
F:/FRI_novSSD/Diploma/Diploma-GitHub/AlgoBuilder/Zajem_podatkov-Jakost_gibanja/Projekt/Drivers/BSP/SensorTile.box/SensorTile.box.c:349:6:BSP_LED_On	0	static
F:/FRI_novSSD/Diploma/Diploma-GitHub/AlgoBuilder/Zajem_podatkov-Jakost_gibanja/Projekt/Drivers/BSP/SensorTile.box/SensorTile.box.c:366:6:BSP_LED_Off	0	static
F:/FRI_novSSD/Diploma/Diploma-GitHub/AlgoBuilder/Zajem_podatkov-Jakost_gibanja/Projekt/Drivers/BSP/SensorTile.box/SensorTile.box.c:383:6:BSP_LED_Toggle	0	static
F:/FRI_novSSD/Diploma/Diploma-GitHub/AlgoBuilder/Zajem_podatkov-Jakost_gibanja/Projekt/Drivers/BSP/SensorTile.box/SensorTile.box.c:399:6:BSP_PB_Init	48	static
F:/FRI_novSSD/Diploma/Diploma-GitHub/AlgoBuilder/Zajem_podatkov-Jakost_gibanja/Projekt/Drivers/BSP/SensorTile.box/SensorTile.box.c:442:6:BSP_PB_DeInit	8	static
F:/FRI_novSSD/Diploma/Diploma-GitHub/AlgoBuilder/Zajem_podatkov-Jakost_gibanja/Projekt/Drivers/BSP/SensorTile.box/SensorTile.box.c:457:10:BSP_PB_GetState	8	static
F:/FRI_novSSD/Diploma/Diploma-GitHub/AlgoBuilder/Zajem_podatkov-Jakost_gibanja/Projekt/Drivers/BSP/SensorTile.box/SensorTile.box.c:467:10:BSP_PowerButton_Init	48	static
F:/FRI_novSSD/Diploma/Diploma-GitHub/AlgoBuilder/Zajem_podatkov-Jakost_gibanja/Projekt/Drivers/BSP/SensorTile.box/SensorTile.box.c:494:10:BSP_PowerButton_DeInit	8	static
