../Core/Src/main.c:103:5:main	8	static
../Core/Src/main.c:164:6:SystemClock_Config	96	static
../Core/Src/main.c:221:13:MX_ADC1_Init	32	static
../Core/Src/main.c:280:13:MX_CRC_Init	8	static
../Core/Src/main.c:311:13:MX_DFSDM1_Init	8	static
../Core/Src/main.c:364:13:MX_I2C1_Init	8	static
../Core/Src/main.c:412:13:MX_I2C3_Init	8	static
../Core/Src/main.c:460:13:MX_RTC_Init	32	static
../Core/Src/main.c:524:13:MX_SDMMC1_SD_Init	4	static
../Core/Src/main.c:552:13:MX_SPI1_Init	8	static
../Core/Src/main.c:592:13:MX_SPI2_Init	8	static
../Core/Src/main.c:632:13:MX_SPI3_Init	8	static
../Core/Src/main.c:672:13:MX_TIM2_Init	40	static
../Core/Src/main.c:717:13:MX_TIM6_Init	24	static
../Core/Src/main.c:755:13:MX_TIM7_Init	24	static
../Core/Src/main.c:791:13:MX_DMA_Init	16	static
../Core/Src/main.c:810:13:MX_GPIO_Init	64	static
../Core/Src/main.c:953:6:Error_Handler	4	static,ignoring_inline_asm
