F:/FRI_novSSD/Diploma/Diploma-GitHub/AlgoBuilder/Klasifikacijsko_drevo-Hoja_oseb/projekt/Drivers/BSP/SensorTile.box/SensorTile.box_motion_sensors.c:949:16:BSP_LIS2MDL_WriteReg	24	static
F:/FRI_novSSD/Diploma/Diploma-GitHub/AlgoBuilder/Klasifikacijsko_drevo-Hoja_oseb/projekt/Drivers/BSP/SensorTile.box/SensorTile.box_motion_sensors.c:937:16:BSP_LIS2MDL_DeInit	8	static
F:/FRI_novSSD/Diploma/Diploma-GitHub/AlgoBuilder/Klasifikacijsko_drevo-Hoja_oseb/projekt/Drivers/BSP/SensorTile.box/SensorTile.box_motion_sensors.c:911:16:BSP_LIS2MDL_Init	40	static
F:/FRI_novSSD/Diploma/Diploma-GitHub/AlgoBuilder/Klasifikacijsko_drevo-Hoja_oseb/projekt/Drivers/BSP/SensorTile.box/SensorTile.box_motion_sensors.c:1355:16:BSP_LSM6DSOX_WriteReg	24	static
F:/FRI_novSSD/Diploma/Diploma-GitHub/AlgoBuilder/Klasifikacijsko_drevo-Hoja_oseb/projekt/Drivers/BSP/SensorTile.box/SensorTile.box_motion_sensors.c:1379:16:BSP_LSM6DSOX_ReadReg	24	static
F:/FRI_novSSD/Diploma/Diploma-GitHub/AlgoBuilder/Klasifikacijsko_drevo-Hoja_oseb/projekt/Drivers/BSP/SensorTile.box/SensorTile.box_motion_sensors.c:1343:16:BSP_LSM6DSOX_DeInit	8	static
F:/FRI_novSSD/Diploma/Diploma-GitHub/AlgoBuilder/Klasifikacijsko_drevo-Hoja_oseb/projekt/Drivers/BSP/SensorTile.box/SensorTile.box_motion_sensors.c:1317:16:BSP_LSM6DSOX_Init	40	static
F:/FRI_novSSD/Diploma/Diploma-GitHub/AlgoBuilder/Klasifikacijsko_drevo-Hoja_oseb/projekt/Drivers/BSP/SensorTile.box/SensorTile.box_motion_sensors.c:973:16:BSP_LIS2MDL_ReadReg	24	static,ignoring_inline_asm
F:/FRI_novSSD/Diploma/Diploma-GitHub/AlgoBuilder/Klasifikacijsko_drevo-Hoja_oseb/projekt/Drivers/BSP/SensorTile.box/SensorTile.box_motion_sensors.c:125:10:BSP_MOTION_SENSOR_Init	96	static
F:/FRI_novSSD/Diploma/Diploma-GitHub/AlgoBuilder/Klasifikacijsko_drevo-Hoja_oseb/projekt/Drivers/BSP/SensorTile.box/SensorTile.box_motion_sensors.c:265:9:BSP_MOTION_SENSOR_DeInit	8	static
F:/FRI_novSSD/Diploma/Diploma-GitHub/AlgoBuilder/Klasifikacijsko_drevo-Hoja_oseb/projekt/Drivers/BSP/SensorTile.box/SensorTile.box_motion_sensors.c:291:9:BSP_MOTION_SENSOR_GetCapabilities	8	static
F:/FRI_novSSD/Diploma/Diploma-GitHub/AlgoBuilder/Klasifikacijsko_drevo-Hoja_oseb/projekt/Drivers/BSP/SensorTile.box/SensorTile.box_motion_sensors.c:317:9:BSP_MOTION_SENSOR_ReadID	8	static
F:/FRI_novSSD/Diploma/Diploma-GitHub/AlgoBuilder/Klasifikacijsko_drevo-Hoja_oseb/projekt/Drivers/BSP/SensorTile.box/SensorTile.box_motion_sensors.c:346:9:BSP_MOTION_SENSOR_Enable	8	static
F:/FRI_novSSD/Diploma/Diploma-GitHub/AlgoBuilder/Klasifikacijsko_drevo-Hoja_oseb/projekt/Drivers/BSP/SensorTile.box/SensorTile.box_motion_sensors.c:385:9:BSP_MOTION_SENSOR_Disable	8	static
F:/FRI_novSSD/Diploma/Diploma-GitHub/AlgoBuilder/Klasifikacijsko_drevo-Hoja_oseb/projekt/Drivers/BSP/SensorTile.box/SensorTile.box_motion_sensors.c:425:9:BSP_MOTION_SENSOR_GetAxes	8	static
F:/FRI_novSSD/Diploma/Diploma-GitHub/AlgoBuilder/Klasifikacijsko_drevo-Hoja_oseb/projekt/Drivers/BSP/SensorTile.box/SensorTile.box_motion_sensors.c:465:9:BSP_MOTION_SENSOR_GetAxesRaw	8	static
F:/FRI_novSSD/Diploma/Diploma-GitHub/AlgoBuilder/Klasifikacijsko_drevo-Hoja_oseb/projekt/Drivers/BSP/SensorTile.box/SensorTile.box_motion_sensors.c:505:9:BSP_MOTION_SENSOR_GetSensitivity	8	static
F:/FRI_novSSD/Diploma/Diploma-GitHub/AlgoBuilder/Klasifikacijsko_drevo-Hoja_oseb/projekt/Drivers/BSP/SensorTile.box/SensorTile.box_motion_sensors.c:546:9:BSP_MOTION_SENSOR_GetOutputDataRate	8	static
F:/FRI_novSSD/Diploma/Diploma-GitHub/AlgoBuilder/Klasifikacijsko_drevo-Hoja_oseb/projekt/Drivers/BSP/SensorTile.box/SensorTile.box_motion_sensors.c:586:9:BSP_MOTION_SENSOR_GetFullScale	8	static
F:/FRI_novSSD/Diploma/Diploma-GitHub/AlgoBuilder/Klasifikacijsko_drevo-Hoja_oseb/projekt/Drivers/BSP/SensorTile.box/SensorTile.box_motion_sensors.c:626:9:BSP_MOTION_SENSOR_SetOutputDataRate	8	static
F:/FRI_novSSD/Diploma/Diploma-GitHub/AlgoBuilder/Klasifikacijsko_drevo-Hoja_oseb/projekt/Drivers/BSP/SensorTile.box/SensorTile.box_motion_sensors.c:666:9:BSP_MOTION_SENSOR_SetFullScale	8	static
