F:/FRI_novSSD/Diploma/Diploma-GitHub/AlgoBuilder/Klasifikacijsko_drevo-Jakost_gibanja/projekt/Drivers/BSP/Components/lsm6dsox/lsm6dsox.c:270:9:LSM6DSOX_GetCapabilities	4	static
F:/FRI_novSSD/Diploma/Diploma-GitHub/AlgoBuilder/Klasifikacijsko_drevo-Jakost_gibanja/projekt/Drivers/BSP/Components/lsm6dsox/lsm6dsox.c:3528:16:ReadRegWrap	4	static
F:/FRI_novSSD/Diploma/Diploma-GitHub/AlgoBuilder/Klasifikacijsko_drevo-Jakost_gibanja/projekt/Drivers/BSP/Components/lsm6dsox/lsm6dsox.c:3543:16:WriteRegWrap	4	static
F:/FRI_novSSD/Diploma/Diploma-GitHub/AlgoBuilder/Klasifikacijsko_drevo-Jakost_gibanja/projekt/Drivers/BSP/Components/lsm6dsox/lsm6dsox.c:714:9:LSM6DSOX_ACC_SetFullScale	8	static
F:/FRI_novSSD/Diploma/Diploma-GitHub/AlgoBuilder/Klasifikacijsko_drevo-Jakost_gibanja/projekt/Drivers/BSP/Components/lsm6dsox/lsm6dsox.c:159:9:LSM6DSOX_Init	16	static
F:/FRI_novSSD/Diploma/Diploma-GitHub/AlgoBuilder/Klasifikacijsko_drevo-Jakost_gibanja/projekt/Drivers/BSP/Components/lsm6dsox/lsm6dsox.c:1102:9:LSM6DSOX_GYRO_SetFullScale	8	static
F:/FRI_novSSD/Diploma/Diploma-GitHub/AlgoBuilder/Klasifikacijsko_drevo-Jakost_gibanja/projekt/Drivers/BSP/Components/lsm6dsox/lsm6dsox.c:254:9:LSM6DSOX_ReadID	8	static
F:/FRI_novSSD/Diploma/Diploma-GitHub/AlgoBuilder/Klasifikacijsko_drevo-Jakost_gibanja/projekt/Drivers/BSP/Components/lsm6dsox/lsm6dsox.c:392:9:LSM6DSOX_ACC_GetOutputDataRate	16	static
F:/FRI_novSSD/Diploma/Diploma-GitHub/AlgoBuilder/Klasifikacijsko_drevo-Jakost_gibanja/projekt/Drivers/BSP/Components/lsm6dsox/lsm6dsox.c:348:9:LSM6DSOX_ACC_GetSensitivity	16	static
F:/FRI_novSSD/Diploma/Diploma-GitHub/AlgoBuilder/Klasifikacijsko_drevo-Jakost_gibanja/projekt/Drivers/BSP/Components/lsm6dsox/lsm6dsox.c:671:9:LSM6DSOX_ACC_GetFullScale	16	static
F:/FRI_novSSD/Diploma/Diploma-GitHub/AlgoBuilder/Klasifikacijsko_drevo-Jakost_gibanja/projekt/Drivers/BSP/Components/lsm6dsox/lsm6dsox.c:739:9:LSM6DSOX_ACC_GetAxesRaw	16	static
F:/FRI_novSSD/Diploma/Diploma-GitHub/AlgoBuilder/Klasifikacijsko_drevo-Jakost_gibanja/projekt/Drivers/BSP/Components/lsm6dsox/lsm6dsox.c:896:9:LSM6DSOX_GYRO_GetOutputDataRate	16	static
F:/FRI_novSSD/Diploma/Diploma-GitHub/AlgoBuilder/Klasifikacijsko_drevo-Jakost_gibanja/projekt/Drivers/BSP/Components/lsm6dsox/lsm6dsox.c:848:9:LSM6DSOX_GYRO_GetSensitivity	16	static
F:/FRI_novSSD/Diploma/Diploma-GitHub/AlgoBuilder/Klasifikacijsko_drevo-Jakost_gibanja/projekt/Drivers/BSP/Components/lsm6dsox/lsm6dsox.c:1055:9:LSM6DSOX_GYRO_GetFullScale	16	static
F:/FRI_novSSD/Diploma/Diploma-GitHub/AlgoBuilder/Klasifikacijsko_drevo-Jakost_gibanja/projekt/Drivers/BSP/Components/lsm6dsox/lsm6dsox.c:1126:9:LSM6DSOX_GYRO_GetAxesRaw	16	static
F:/FRI_novSSD/Diploma/Diploma-GitHub/AlgoBuilder/Klasifikacijsko_drevo-Jakost_gibanja/projekt/Drivers/BSP/Components/lsm6dsox/lsm6dsox.c:293:9:LSM6DSOX_ACC_Enable	8	static
F:/FRI_novSSD/Diploma/Diploma-GitHub/AlgoBuilder/Klasifikacijsko_drevo-Jakost_gibanja/projekt/Drivers/BSP/Components/lsm6dsox/lsm6dsox.c:793:9:LSM6DSOX_GYRO_Enable	8	static
F:/FRI_novSSD/Diploma/Diploma-GitHub/AlgoBuilder/Klasifikacijsko_drevo-Jakost_gibanja/projekt/Drivers/BSP/Components/lsm6dsox/lsm6dsox.c:317:9:LSM6DSOX_ACC_Disable	16	static
F:/FRI_novSSD/Diploma/Diploma-GitHub/AlgoBuilder/Klasifikacijsko_drevo-Jakost_gibanja/projekt/Drivers/BSP/Components/lsm6dsox/lsm6dsox.c:817:9:LSM6DSOX_GYRO_Disable	16	static
F:/FRI_novSSD/Diploma/Diploma-GitHub/AlgoBuilder/Klasifikacijsko_drevo-Jakost_gibanja/projekt/Drivers/BSP/Components/lsm6dsox/lsm6dsox.c:226:9:LSM6DSOX_DeInit	16	static
F:/FRI_novSSD/Diploma/Diploma-GitHub/AlgoBuilder/Klasifikacijsko_drevo-Jakost_gibanja/projekt/Drivers/BSP/Components/lsm6dsox/lsm6dsox.c:763:9:LSM6DSOX_ACC_GetAxes	32	static
F:/FRI_novSSD/Diploma/Diploma-GitHub/AlgoBuilder/Klasifikacijsko_drevo-Jakost_gibanja/projekt/Drivers/BSP/Components/lsm6dsox/lsm6dsox.c:1150:9:LSM6DSOX_GYRO_GetAxes	32	static
F:/FRI_novSSD/Diploma/Diploma-GitHub/AlgoBuilder/Klasifikacijsko_drevo-Jakost_gibanja/projekt/Drivers/BSP/Components/lsm6dsox/lsm6dsox.c:480:9:LSM6DSOX_ACC_SetOutputDataRate_With_Mode.constprop	32	static
F:/FRI_novSSD/Diploma/Diploma-GitHub/AlgoBuilder/Klasifikacijsko_drevo-Jakost_gibanja/projekt/Drivers/BSP/Components/lsm6dsox/lsm6dsox.c:967:9:LSM6DSOX_GYRO_SetOutputDataRate	32	static
F:/FRI_novSSD/Diploma/Diploma-GitHub/AlgoBuilder/Klasifikacijsko_drevo-Jakost_gibanja/projekt/Drivers/BSP/Components/lsm6dsox/lsm6dsox.c:467:9:LSM6DSOX_ACC_SetOutputDataRate	32	static
F:/FRI_novSSD/Diploma/Diploma-GitHub/AlgoBuilder/Klasifikacijsko_drevo-Jakost_gibanja/projekt/Drivers/BSP/Components/lsm6dsox/lsm6dsox.c:101:9:LSM6DSOX_RegisterBusIO	16	static
F:/FRI_novSSD/Diploma/Diploma-GitHub/AlgoBuilder/Klasifikacijsko_drevo-Jakost_gibanja/projekt/Drivers/BSP/Components/lsm6dsox/lsm6dsox.c:480:9:LSM6DSOX_ACC_SetOutputDataRate_With_Mode	40	static
F:/FRI_novSSD/Diploma/Diploma-GitHub/AlgoBuilder/Klasifikacijsko_drevo-Jakost_gibanja/projekt/Drivers/BSP/Components/lsm6dsox/lsm6dsox.c:979:9:LSM6DSOX_GYRO_SetOutputDataRate_With_Mode	32	static
F:/FRI_novSSD/Diploma/Diploma-GitHub/AlgoBuilder/Klasifikacijsko_drevo-Jakost_gibanja/projekt/Drivers/BSP/Components/lsm6dsox/lsm6dsox.c:1182:9:LSM6DSOX_Read_Reg	8	static
F:/FRI_novSSD/Diploma/Diploma-GitHub/AlgoBuilder/Klasifikacijsko_drevo-Jakost_gibanja/projekt/Drivers/BSP/Components/lsm6dsox/lsm6dsox.c:1199:9:LSM6DSOX_Write_Reg	16	static
F:/FRI_novSSD/Diploma/Diploma-GitHub/AlgoBuilder/Klasifikacijsko_drevo-Jakost_gibanja/projekt/Drivers/BSP/Components/lsm6dsox/lsm6dsox.c:1215:9:LSM6DSOX_Set_Interrupt_Latch	8	static
F:/FRI_novSSD/Diploma/Diploma-GitHub/AlgoBuilder/Klasifikacijsko_drevo-Jakost_gibanja/projekt/Drivers/BSP/Components/lsm6dsox/lsm6dsox.c:1236:9:LSM6DSOX_Set_DRDY_Mode	8	static
F:/FRI_novSSD/Diploma/Diploma-GitHub/AlgoBuilder/Klasifikacijsko_drevo-Jakost_gibanja/projekt/Drivers/BSP/Components/lsm6dsox/lsm6dsox.c:1257:9:LSM6DSOX_Set_Pin_INT1_Route	16	static
F:/FRI_novSSD/Diploma/Diploma-GitHub/AlgoBuilder/Klasifikacijsko_drevo-Jakost_gibanja/projekt/Drivers/BSP/Components/lsm6dsox/lsm6dsox.c:1273:9:LSM6DSOX_ACC_Enable_Free_Fall_Detection	24	static
F:/FRI_novSSD/Diploma/Diploma-GitHub/AlgoBuilder/Klasifikacijsko_drevo-Jakost_gibanja/projekt/Drivers/BSP/Components/lsm6dsox/lsm6dsox.c:1359:9:LSM6DSOX_ACC_Disable_Free_Fall_Detection	32	static
F:/FRI_novSSD/Diploma/Diploma-GitHub/AlgoBuilder/Klasifikacijsko_drevo-Jakost_gibanja/projekt/Drivers/BSP/Components/lsm6dsox/lsm6dsox.c:1410:9:LSM6DSOX_ACC_Set_Free_Fall_Threshold	8	static
F:/FRI_novSSD/Diploma/Diploma-GitHub/AlgoBuilder/Klasifikacijsko_drevo-Jakost_gibanja/projekt/Drivers/BSP/Components/lsm6dsox/lsm6dsox.c:1426:9:LSM6DSOX_ACC_Set_Free_Fall_Duration	8	static
F:/FRI_novSSD/Diploma/Diploma-GitHub/AlgoBuilder/Klasifikacijsko_drevo-Jakost_gibanja/projekt/Drivers/BSP/Components/lsm6dsox/lsm6dsox.c:1441:9:LSM6DSOX_ACC_Enable_Pedometer	32	static
F:/FRI_novSSD/Diploma/Diploma-GitHub/AlgoBuilder/Klasifikacijsko_drevo-Jakost_gibanja/projekt/Drivers/BSP/Components/lsm6dsox/lsm6dsox.c:1508:9:LSM6DSOX_ACC_Disable_Pedometer	32	static
F:/FRI_novSSD/Diploma/Diploma-GitHub/AlgoBuilder/Klasifikacijsko_drevo-Jakost_gibanja/projekt/Drivers/BSP/Components/lsm6dsox/lsm6dsox.c:1549:9:LSM6DSOX_ACC_Get_Step_Count	8	static
F:/FRI_novSSD/Diploma/Diploma-GitHub/AlgoBuilder/Klasifikacijsko_drevo-Jakost_gibanja/projekt/Drivers/BSP/Components/lsm6dsox/lsm6dsox.c:1564:9:LSM6DSOX_ACC_Step_Counter_Reset	8	static
F:/FRI_novSSD/Diploma/Diploma-GitHub/AlgoBuilder/Klasifikacijsko_drevo-Jakost_gibanja/projekt/Drivers/BSP/Components/lsm6dsox/lsm6dsox.c:1580:9:LSM6DSOX_ACC_Enable_Tilt_Detection	40	static
F:/FRI_novSSD/Diploma/Diploma-GitHub/AlgoBuilder/Klasifikacijsko_drevo-Jakost_gibanja/projekt/Drivers/BSP/Components/lsm6dsox/lsm6dsox.c:1667:9:LSM6DSOX_ACC_Disable_Tilt_Detection	40	static
F:/FRI_novSSD/Diploma/Diploma-GitHub/AlgoBuilder/Klasifikacijsko_drevo-Jakost_gibanja/projekt/Drivers/BSP/Components/lsm6dsox/lsm6dsox.c:1721:9:LSM6DSOX_ACC_Enable_Wake_Up_Detection	24	static
F:/FRI_novSSD/Diploma/Diploma-GitHub/AlgoBuilder/Klasifikacijsko_drevo-Jakost_gibanja/projekt/Drivers/BSP/Components/lsm6dsox/lsm6dsox.c:1795:9:LSM6DSOX_ACC_Disable_Wake_Up_Detection	32	static
F:/FRI_novSSD/Diploma/Diploma-GitHub/AlgoBuilder/Klasifikacijsko_drevo-Jakost_gibanja/projekt/Drivers/BSP/Components/lsm6dsox/lsm6dsox.c:1846:9:LSM6DSOX_ACC_Set_Wake_Up_Threshold	8	static
F:/FRI_novSSD/Diploma/Diploma-GitHub/AlgoBuilder/Klasifikacijsko_drevo-Jakost_gibanja/projekt/Drivers/BSP/Components/lsm6dsox/lsm6dsox.c:1863:9:LSM6DSOX_ACC_Set_Wake_Up_Duration	8	static
F:/FRI_novSSD/Diploma/Diploma-GitHub/AlgoBuilder/Klasifikacijsko_drevo-Jakost_gibanja/projekt/Drivers/BSP/Components/lsm6dsox/lsm6dsox.c:1880:9:LSM6DSOX_ACC_Enable_Single_Tap_Detection	24	static
F:/FRI_novSSD/Diploma/Diploma-GitHub/AlgoBuilder/Klasifikacijsko_drevo-Jakost_gibanja/projekt/Drivers/BSP/Components/lsm6dsox/lsm6dsox.c:1982:9:LSM6DSOX_ACC_Disable_Single_Tap_Detection	32	static
F:/FRI_novSSD/Diploma/Diploma-GitHub/AlgoBuilder/Klasifikacijsko_drevo-Jakost_gibanja/projekt/Drivers/BSP/Components/lsm6dsox/lsm6dsox.c:2057:9:LSM6DSOX_ACC_Enable_Double_Tap_Detection	24	static
F:/FRI_novSSD/Diploma/Diploma-GitHub/AlgoBuilder/Klasifikacijsko_drevo-Jakost_gibanja/projekt/Drivers/BSP/Components/lsm6dsox/lsm6dsox.c:2167:9:LSM6DSOX_ACC_Disable_Double_Tap_Detection	32	static
F:/FRI_novSSD/Diploma/Diploma-GitHub/AlgoBuilder/Klasifikacijsko_drevo-Jakost_gibanja/projekt/Drivers/BSP/Components/lsm6dsox/lsm6dsox.c:2254:9:LSM6DSOX_ACC_Set_Tap_Threshold	8	static
F:/FRI_novSSD/Diploma/Diploma-GitHub/AlgoBuilder/Klasifikacijsko_drevo-Jakost_gibanja/projekt/Drivers/BSP/Components/lsm6dsox/lsm6dsox.c:2271:9:LSM6DSOX_ACC_Set_Tap_Shock_Time	8	static
F:/FRI_novSSD/Diploma/Diploma-GitHub/AlgoBuilder/Klasifikacijsko_drevo-Jakost_gibanja/projekt/Drivers/BSP/Components/lsm6dsox/lsm6dsox.c:2288:9:LSM6DSOX_ACC_Set_Tap_Quiet_Time	8	static
F:/FRI_novSSD/Diploma/Diploma-GitHub/AlgoBuilder/Klasifikacijsko_drevo-Jakost_gibanja/projekt/Drivers/BSP/Components/lsm6dsox/lsm6dsox.c:2305:9:LSM6DSOX_ACC_Set_Tap_Duration_Time	8	static
F:/FRI_novSSD/Diploma/Diploma-GitHub/AlgoBuilder/Klasifikacijsko_drevo-Jakost_gibanja/projekt/Drivers/BSP/Components/lsm6dsox/lsm6dsox.c:2322:9:LSM6DSOX_ACC_Enable_6D_Orientation	40	static
F:/FRI_novSSD/Diploma/Diploma-GitHub/AlgoBuilder/Klasifikacijsko_drevo-Jakost_gibanja/projekt/Drivers/BSP/Components/lsm6dsox/lsm6dsox.c:2390:9:LSM6DSOX_ACC_Disable_6D_Orientation	32	static
F:/FRI_novSSD/Diploma/Diploma-GitHub/AlgoBuilder/Klasifikacijsko_drevo-Jakost_gibanja/projekt/Drivers/BSP/Components/lsm6dsox/lsm6dsox.c:2435:9:LSM6DSOX_ACC_Set_6D_Orientation_Threshold	8	static
F:/FRI_novSSD/Diploma/Diploma-GitHub/AlgoBuilder/Klasifikacijsko_drevo-Jakost_gibanja/projekt/Drivers/BSP/Components/lsm6dsox/lsm6dsox.c:2451:9:LSM6DSOX_ACC_Get_6D_Orientation_XL	16	static
F:/FRI_novSSD/Diploma/Diploma-GitHub/AlgoBuilder/Klasifikacijsko_drevo-Jakost_gibanja/projekt/Drivers/BSP/Components/lsm6dsox/lsm6dsox.c:2471:9:LSM6DSOX_ACC_Get_6D_Orientation_XH	16	static
F:/FRI_novSSD/Diploma/Diploma-GitHub/AlgoBuilder/Klasifikacijsko_drevo-Jakost_gibanja/projekt/Drivers/BSP/Components/lsm6dsox/lsm6dsox.c:2491:9:LSM6DSOX_ACC_Get_6D_Orientation_YL	16	static
F:/FRI_novSSD/Diploma/Diploma-GitHub/AlgoBuilder/Klasifikacijsko_drevo-Jakost_gibanja/projekt/Drivers/BSP/Components/lsm6dsox/lsm6dsox.c:2511:9:LSM6DSOX_ACC_Get_6D_Orientation_YH	16	static
F:/FRI_novSSD/Diploma/Diploma-GitHub/AlgoBuilder/Klasifikacijsko_drevo-Jakost_gibanja/projekt/Drivers/BSP/Components/lsm6dsox/lsm6dsox.c:2531:9:LSM6DSOX_ACC_Get_6D_Orientation_ZL	16	static
F:/FRI_novSSD/Diploma/Diploma-GitHub/AlgoBuilder/Klasifikacijsko_drevo-Jakost_gibanja/projekt/Drivers/BSP/Components/lsm6dsox/lsm6dsox.c:2551:9:LSM6DSOX_ACC_Get_6D_Orientation_ZH	16	static
F:/FRI_novSSD/Diploma/Diploma-GitHub/AlgoBuilder/Klasifikacijsko_drevo-Jakost_gibanja/projekt/Drivers/BSP/Components/lsm6dsox/lsm6dsox.c:2571:9:LSM6DSOX_ACC_Get_DRDY_Status	8	static
F:/FRI_novSSD/Diploma/Diploma-GitHub/AlgoBuilder/Klasifikacijsko_drevo-Jakost_gibanja/projekt/Drivers/BSP/Components/lsm6dsox/lsm6dsox.c:2587:9:LSM6DSOX_ACC_Get_Event_Status	48	static
F:/FRI_novSSD/Diploma/Diploma-GitHub/AlgoBuilder/Klasifikacijsko_drevo-Jakost_gibanja/projekt/Drivers/BSP/Components/lsm6dsox/lsm6dsox.c:2721:9:LSM6DSOX_ACC_Set_SelfTest	8	static
F:/FRI_novSSD/Diploma/Diploma-GitHub/AlgoBuilder/Klasifikacijsko_drevo-Jakost_gibanja/projekt/Drivers/BSP/Components/lsm6dsox/lsm6dsox.c:2744:9:LSM6DSOX_GYRO_Get_DRDY_Status	8	static
F:/FRI_novSSD/Diploma/Diploma-GitHub/AlgoBuilder/Klasifikacijsko_drevo-Jakost_gibanja/projekt/Drivers/BSP/Components/lsm6dsox/lsm6dsox.c:2760:9:LSM6DSOX_GYRO_Set_SelfTest	8	static
F:/FRI_novSSD/Diploma/Diploma-GitHub/AlgoBuilder/Klasifikacijsko_drevo-Jakost_gibanja/projekt/Drivers/BSP/Components/lsm6dsox/lsm6dsox.c:2784:9:LSM6DSOX_FIFO_Get_Num_Samples	8	static
F:/FRI_novSSD/Diploma/Diploma-GitHub/AlgoBuilder/Klasifikacijsko_drevo-Jakost_gibanja/projekt/Drivers/BSP/Components/lsm6dsox/lsm6dsox.c:2800:9:LSM6DSOX_FIFO_Get_Full_Status	16	static
F:/FRI_novSSD/Diploma/Diploma-GitHub/AlgoBuilder/Klasifikacijsko_drevo-Jakost_gibanja/projekt/Drivers/BSP/Components/lsm6dsox/lsm6dsox.c:2820:9:LSM6DSOX_FIFO_Set_INT1_FIFO_Full	24	static
F:/FRI_novSSD/Diploma/Diploma-GitHub/AlgoBuilder/Klasifikacijsko_drevo-Jakost_gibanja/projekt/Drivers/BSP/Components/lsm6dsox/lsm6dsox.c:2845:9:LSM6DSOX_FIFO_Set_Watermark_Level	8	static
F:/FRI_novSSD/Diploma/Diploma-GitHub/AlgoBuilder/Klasifikacijsko_drevo-Jakost_gibanja/projekt/Drivers/BSP/Components/lsm6dsox/lsm6dsox.c:2861:9:LSM6DSOX_FIFO_Set_Stop_On_Fth	8	static
F:/FRI_novSSD/Diploma/Diploma-GitHub/AlgoBuilder/Klasifikacijsko_drevo-Jakost_gibanja/projekt/Drivers/BSP/Components/lsm6dsox/lsm6dsox.c:2877:9:LSM6DSOX_FIFO_Set_Mode	8	static
F:/FRI_novSSD/Diploma/Diploma-GitHub/AlgoBuilder/Klasifikacijsko_drevo-Jakost_gibanja/projekt/Drivers/BSP/Components/lsm6dsox/lsm6dsox.c:2915:9:LSM6DSOX_FIFO_Get_Tag	16	static
F:/FRI_novSSD/Diploma/Diploma-GitHub/AlgoBuilder/Klasifikacijsko_drevo-Jakost_gibanja/projekt/Drivers/BSP/Components/lsm6dsox/lsm6dsox.c:2935:9:LSM6DSOX_FIFO_Get_Data	8	static
F:/FRI_novSSD/Diploma/Diploma-GitHub/AlgoBuilder/Klasifikacijsko_drevo-Jakost_gibanja/projekt/Drivers/BSP/Components/lsm6dsox/lsm6dsox.c:2951:9:LSM6DSOX_FIFO_ACC_Get_Axes	40	static
F:/FRI_novSSD/Diploma/Diploma-GitHub/AlgoBuilder/Klasifikacijsko_drevo-Jakost_gibanja/projekt/Drivers/BSP/Components/lsm6dsox/lsm6dsox.c:2989:9:LSM6DSOX_FIFO_ACC_Set_BDR	8	static
F:/FRI_novSSD/Diploma/Diploma-GitHub/AlgoBuilder/Klasifikacijsko_drevo-Jakost_gibanja/projekt/Drivers/BSP/Components/lsm6dsox/lsm6dsox.c:3019:9:LSM6DSOX_FIFO_GYRO_Get_Axes	40	static
F:/FRI_novSSD/Diploma/Diploma-GitHub/AlgoBuilder/Klasifikacijsko_drevo-Jakost_gibanja/projekt/Drivers/BSP/Components/lsm6dsox/lsm6dsox.c:3057:9:LSM6DSOX_FIFO_GYRO_Set_BDR	8	static
F:/FRI_novSSD/Diploma/Diploma-GitHub/AlgoBuilder/Klasifikacijsko_drevo-Jakost_gibanja/projekt/Drivers/BSP/Components/lsm6dsox/lsm6dsox.c:3215:9:LSM6DSOX_ACC_Enable_DRDY_Interrupt	24	static
F:/FRI_novSSD/Diploma/Diploma-GitHub/AlgoBuilder/Klasifikacijsko_drevo-Jakost_gibanja/projekt/Drivers/BSP/Components/lsm6dsox/lsm6dsox.c:3239:9:LSM6DSOX_GYRO_Enable_DRDY_Interrupt	24	static
F:/FRI_novSSD/Diploma/Diploma-GitHub/AlgoBuilder/Klasifikacijsko_drevo-Jakost_gibanja/projekt/Drivers/BSP/Components/lsm6dsox/lsm6dsox.c:3264:9:LSM6DSOX_ACC_Set_Power_Mode	8	static
F:/FRI_novSSD/Diploma/Diploma-GitHub/AlgoBuilder/Klasifikacijsko_drevo-Jakost_gibanja/projekt/Drivers/BSP/Components/lsm6dsox/lsm6dsox.c:3280:9:LSM6DSOX_GYRO_Set_Power_Mode	8	static
F:/FRI_novSSD/Diploma/Diploma-GitHub/AlgoBuilder/Klasifikacijsko_drevo-Jakost_gibanja/projekt/Drivers/BSP/Components/lsm6dsox/lsm6dsox.c:3297:9:LSM6DSOX_ACC_Set_Filter_Mode	16	static
F:/FRI_novSSD/Diploma/Diploma-GitHub/AlgoBuilder/Klasifikacijsko_drevo-Jakost_gibanja/projekt/Drivers/BSP/Components/lsm6dsox/lsm6dsox.c:3331:9:LSM6DSOX_GYRO_Set_Filter_Mode	16	static
F:/FRI_novSSD/Diploma/Diploma-GitHub/AlgoBuilder/Klasifikacijsko_drevo-Jakost_gibanja/projekt/Drivers/BSP/Components/lsm6dsox/lsm6dsox.c:3366:9:LSM6DSOX_ACC_Enable_Inactivity_Detection	24	static
F:/FRI_novSSD/Diploma/Diploma-GitHub/AlgoBuilder/Klasifikacijsko_drevo-Jakost_gibanja/projekt/Drivers/BSP/Components/lsm6dsox/lsm6dsox.c:3459:9:LSM6DSOX_ACC_Disable_Inactivity_Detection	32	static
F:/FRI_novSSD/Diploma/Diploma-GitHub/AlgoBuilder/Klasifikacijsko_drevo-Jakost_gibanja/projekt/Drivers/BSP/Components/lsm6dsox/lsm6dsox.c:3509:9:LSM6DSOX_ACC_Set_Sleep_Duration	8	static
