F:/FRI_novSSD/Diploma/Diploma-GitHub/AlgoBuilder/Klasifikacijsko_drevo-Hoja_oseb/projekt/Drivers/STM32L4xx_HAL_Driver/Src/stm32l4xx_hal_pcd_ex.c:71:19:HAL_PCDEx_SetTxFiFo	4	static
F:/FRI_novSSD/Diploma/Diploma-GitHub/AlgoBuilder/Klasifikacijsko_drevo-Hoja_oseb/projekt/Drivers/STM32L4xx_HAL_Driver/Src/stm32l4xx_hal_pcd_ex.c:113:19:HAL_PCDEx_SetRxFiFo	0	static
F:/FRI_novSSD/Diploma/Diploma-GitHub/AlgoBuilder/Klasifikacijsko_drevo-Hoja_oseb/projekt/Drivers/STM32L4xx_HAL_Driver/Src/stm32l4xx_hal_pcd_ex.c:125:19:HAL_PCDEx_ActivateLPM	4	static
F:/FRI_novSSD/Diploma/Diploma-GitHub/AlgoBuilder/Klasifikacijsko_drevo-Hoja_oseb/projekt/Drivers/STM32L4xx_HAL_Driver/Src/stm32l4xx_hal_pcd_ex.c:142:19:HAL_PCDEx_DeActivateLPM	0	static
F:/FRI_novSSD/Diploma/Diploma-GitHub/AlgoBuilder/Klasifikacijsko_drevo-Hoja_oseb/projekt/Drivers/STM32L4xx_HAL_Driver/Src/stm32l4xx_hal_pcd_ex.c:256:19:HAL_PCDEx_ActivateBCD	4	static
F:/FRI_novSSD/Diploma/Diploma-GitHub/AlgoBuilder/Klasifikacijsko_drevo-Hoja_oseb/projekt/Drivers/STM32L4xx_HAL_Driver/Src/stm32l4xx_hal_pcd_ex.c:279:19:HAL_PCDEx_DeActivateBCD	0	static
F:/FRI_novSSD/Diploma/Diploma-GitHub/AlgoBuilder/Klasifikacijsko_drevo-Hoja_oseb/projekt/Drivers/STM32L4xx_HAL_Driver/Src/stm32l4xx_hal_pcd_ex.c:524:13:HAL_PCDEx_LPM_Callback	0	static
F:/FRI_novSSD/Diploma/Diploma-GitHub/AlgoBuilder/Klasifikacijsko_drevo-Hoja_oseb/projekt/Drivers/STM32L4xx_HAL_Driver/Src/stm32l4xx_hal_pcd_ex.c:541:13:HAL_PCDEx_BCD_Callback	0	static
F:/FRI_novSSD/Diploma/Diploma-GitHub/AlgoBuilder/Klasifikacijsko_drevo-Hoja_oseb/projekt/Drivers/STM32L4xx_HAL_Driver/Src/stm32l4xx_hal_pcd_ex.c:159:6:HAL_PCDEx_BCD_VBUSDetect	16	static
