F:/FRI_novSSD/Diploma/Diploma-GitHub/AlgoBuilder/Zajem_podatkov-Jakost_gibanja/Projekt/Project/Src/sd_diskio_SensorTile.box.c:106:9:SD_initialize	16	static
F:/FRI_novSSD/Diploma/Diploma-GitHub/AlgoBuilder/Zajem_podatkov-Jakost_gibanja/Projekt/Project/Src/sd_diskio_SensorTile.box.c:126:9:SD_status	8	static
F:/FRI_novSSD/Diploma/Diploma-GitHub/AlgoBuilder/Zajem_podatkov-Jakost_gibanja/Projekt/Project/Src/sd_diskio_SensorTile.box.c:139:9:SD_read	16	static
F:/FRI_novSSD/Diploma/Diploma-GitHub/AlgoBuilder/Zajem_podatkov-Jakost_gibanja/Projekt/Project/Src/sd_diskio_SensorTile.box.c:192:9:SD_write	16	static
F:/FRI_novSSD/Diploma/Diploma-GitHub/AlgoBuilder/Zajem_podatkov-Jakost_gibanja/Projekt/Project/Src/sd_diskio_SensorTile.box.c:244:9:SD_ioctl	56	static
F:/FRI_novSSD/Diploma/Diploma-GitHub/AlgoBuilder/Zajem_podatkov-Jakost_gibanja/Projekt/Project/Src/sd_diskio_SensorTile.box.c:291:6:BSP_SD_WriteCpltCallback	0	static
F:/FRI_novSSD/Diploma/Diploma-GitHub/AlgoBuilder/Zajem_podatkov-Jakost_gibanja/Projekt/Project/Src/sd_diskio_SensorTile.box.c:301:6:BSP_SD_ReadCpltCallback	0	static
