F:/FRI_novSSD/Diploma/Diploma-GitHub/AlgoBuilder/Klasifikacijsko_drevo-Jakost_gibanja/projekt/Project/Src/ab_signal.c:62:6:PulseWidth	16	static
F:/FRI_novSSD/Diploma/Diploma-GitHub/AlgoBuilder/Klasifikacijsko_drevo-Jakost_gibanja/projekt/Project/Src/ab_signal.c:91:6:PulseGenerator	24	static
F:/FRI_novSSD/Diploma/Diploma-GitHub/AlgoBuilder/Klasifikacijsko_drevo-Jakost_gibanja/projekt/Project/Src/ab_signal.c:124:6:MovingAverage	8	static
F:/FRI_novSSD/Diploma/Diploma-GitHub/AlgoBuilder/Klasifikacijsko_drevo-Jakost_gibanja/projekt/Project/Src/ab_signal.c:143:6:Counter	4	static
F:/FRI_novSSD/Diploma/Diploma-GitHub/AlgoBuilder/Klasifikacijsko_drevo-Jakost_gibanja/projekt/Project/Src/ab_signal.c:167:6:FIR_Filter_Init	16	static
F:/FRI_novSSD/Diploma/Diploma-GitHub/AlgoBuilder/Klasifikacijsko_drevo-Jakost_gibanja/projekt/Project/Src/ab_signal.c:175:6:FIR_Filter	0	static
F:/FRI_novSSD/Diploma/Diploma-GitHub/AlgoBuilder/Klasifikacijsko_drevo-Jakost_gibanja/projekt/Project/Src/ab_signal.c:183:6:IIR_Filter_Init	0	static
F:/FRI_novSSD/Diploma/Diploma-GitHub/AlgoBuilder/Klasifikacijsko_drevo-Jakost_gibanja/projekt/Project/Src/ab_signal.c:191:6:IIR_Filter	0	static
F:/FRI_novSSD/Diploma/Diploma-GitHub/AlgoBuilder/Klasifikacijsko_drevo-Jakost_gibanja/projekt/Project/Src/ab_signal.c:199:6:Integrator	0	static
F:/FRI_novSSD/Diploma/Diploma-GitHub/AlgoBuilder/Klasifikacijsko_drevo-Jakost_gibanja/projekt/Project/Src/ab_signal.c:208:6:Derivator	0	static
F:/FRI_novSSD/Diploma/Diploma-GitHub/AlgoBuilder/Klasifikacijsko_drevo-Jakost_gibanja/projekt/Project/Src/ab_signal.c:218:6:SignalSwitchInt	0	static
F:/FRI_novSSD/Diploma/Diploma-GitHub/AlgoBuilder/Klasifikacijsko_drevo-Jakost_gibanja/projekt/Project/Src/ab_signal.c:234:6:SignalSwitchFloat	0	static
F:/FRI_novSSD/Diploma/Diploma-GitHub/AlgoBuilder/Klasifikacijsko_drevo-Jakost_gibanja/projekt/Project/Src/ab_signal.c:249:6:Feature_Computation	32	static
F:/FRI_novSSD/Diploma/Diploma-GitHub/AlgoBuilder/Klasifikacijsko_drevo-Jakost_gibanja/projekt/Project/Src/ab_signal.c:328:6:Signal_Delay	12	static
F:/FRI_novSSD/Diploma/Diploma-GitHub/AlgoBuilder/Klasifikacijsko_drevo-Jakost_gibanja/projekt/Project/Src/ab_signal.c:338:6:Feature_Computation_2_Init	0	static
F:/FRI_novSSD/Diploma/Diploma-GitHub/AlgoBuilder/Klasifikacijsko_drevo-Jakost_gibanja/projekt/Project/Src/ab_signal.c:347:6:Feature_Computation_2	40	static
F:/FRI_novSSD/Diploma/Diploma-GitHub/AlgoBuilder/Klasifikacijsko_drevo-Jakost_gibanja/projekt/Project/Src/ab_signal.c:455:6:Zero_Crossing	0	static
F:/FRI_novSSD/Diploma/Diploma-GitHub/AlgoBuilder/Klasifikacijsko_drevo-Jakost_gibanja/projekt/Project/Src/ab_signal.c:485:6:Zero_Crossing_Hyst	4	static
F:/FRI_novSSD/Diploma/Diploma-GitHub/AlgoBuilder/Klasifikacijsko_drevo-Jakost_gibanja/projekt/Project/Src/ab_signal.c:519:6:Peak_Detector	4	static
F:/FRI_novSSD/Diploma/Diploma-GitHub/AlgoBuilder/Klasifikacijsko_drevo-Jakost_gibanja/projekt/Project/Src/ab_signal.c:557:6:Peak_Detector_RelTh	8	static
F:/FRI_novSSD/Diploma/Diploma-GitHub/AlgoBuilder/Klasifikacijsko_drevo-Jakost_gibanja/projekt/Project/Src/ab_signal.c:654:6:Spike_Detector	4	static
