../X-CUBE-AI/App/aiTestUtility.h:275:22:dwtIpInit	0	static
../X-CUBE-AI/App/aiValidation.c:179:13:fill_tensor_desc_msg	12	static
../X-CUBE-AI/App/aiValidation.c:211:13:encode_ai_buffer_to_tensor_desc	24	static
../X-CUBE-AI/App/aiValidation.c:812:6:aiPbCmdSysInfo	40	static
../X-CUBE-AI/App/aiValidation.c:221:13:encode_mempool_to_tensor_desc	16	static
../X-CUBE-AI/App/aiValidation.c:143:15:_get_buffer_size	16	static
../X-CUBE-AI/App/aiTestUtility.h:356:22:cyclesCounterStart	8	static
../X-CUBE-AI/App/aiTestUtility.h:377:26:cyclesCounterEnd	24	static
../X-CUBE-AI/App/aiValidation.c:665:36:aiExecCtx	24	static
../X-CUBE-AI/App/aiValidation.c:359:13:send_ai_io_tensor.isra	64	static
../X-CUBE-AI/App/aiValidation.c:476:15:aiOnExecNode_cb	112	static
../X-CUBE-AI/App/aiValidation.c:829:6:aiPbCmdNNInfo	136	static
../X-CUBE-AI/App/aiValidation.c:410:6:_print_debug	20	static
../X-CUBE-AI/App/aiValidation.c:844:6:aiPbCmdNNRun	176	static
../X-CUBE-AI/App/aiValidation.c:951:5:aiValidationInit	32	static
../X-CUBE-AI/App/aiValidation.c:965:5:aiValidationProcess	32	static
../X-CUBE-AI/App/aiValidation.c:996:6:aiValidationDeInit	8	static
