../X-CUBE-AI/App/app_x-cube-ai.c:120:26:ai_mnetwork_handle	0	static
../X-CUBE-AI/App/app_x-cube-ai.c:110:9:ai_mnetwork_is_valid.constprop	8	static
../X-CUBE-AI/App/app_x-cube-ai.c:59:6:MX_X_CUBE_AI_Init	16	static
../X-CUBE-AI/App/app_x-cube-ai.c:73:6:MX_X_CUBE_AI_Process	0	static
../X-CUBE-AI/App/app_x-cube-ai.c:143:13:ai_mnetwork_find	8	static
../X-CUBE-AI/App/app_x-cube-ai.c:160:10:ai_mnetwork_create	24	static
../X-CUBE-AI/App/app_x-cube-ai.c:202:11:ai_mnetwork_destroy	16	static
../X-CUBE-AI/App/app_x-cube-ai.c:217:9:ai_mnetwork_get_report	8	static
../X-CUBE-AI/App/app_x-cube-ai.c:228:10:ai_mnetwork_get_error	8	static
../X-CUBE-AI/App/app_x-cube-ai.c:243:9:ai_mnetwork_init	72	static
../X-CUBE-AI/App/app_x-cube-ai.c:260:8:ai_mnetwork_run	16	static
../X-CUBE-AI/App/app_x-cube-ai.c:272:8:ai_mnetwork_forward	8	static
../X-CUBE-AI/App/app_x-cube-ai.c:283:6:ai_mnetwork_get_private_handle	16	static
