../Core/Inc/emlearn/eml_common.h:37:1:eml_error_valid	16	static
../Core/Inc/emlearn/eml_common.h:42:1:eml_error_str	16	static
../Core/Inc/emlearn/eml_net.h:55:1:eml_net_relu	16	static
../Core/Inc/emlearn/eml_net.h:60:1:eml_net_expit	16	static
../Core/Inc/emlearn/eml_net.h:65:1:eml_net_tanh	16	static
../Core/Inc/emlearn/eml_net.h:70:1:eml_net_softmax	48	static
../Core/Inc/emlearn/eml_net.h:95:1:eml_net_argmax	32	static
../Core/Inc/emlearn/eml_net.h:110:1:eml_net_valid	24	static
../Core/Inc/emlearn/eml_net.h:116:1:eml_net_outputs	16	static
../Core/Inc/emlearn/eml_net.h:122:1:eml_net_outputs_proba	24	static
../Core/Inc/emlearn/eml_net.h:132:1:eml_net_find_largest_layer	24	static
../Core/Inc/emlearn/eml_net.h:174:1:eml_net_layer_forward	64	static
../Core/Inc/emlearn/eml_net.h:229:1:eml_net_infer	72	static
../Core/Inc/emlearn/eml_net.h:262:1:eml_net_predict_proba	48	static
../Core/Inc/emlearn/eml_net.h:295:1:eml_net_predict	40	static
../Core/Inc/nevronskaMreza_HojaOseb.h:14:5:nevronskaMreza_HojaOseb_predict	16	static
../Core/Src/main.c:307:5:main	88	static
../Core/Src/main.c:416:6:SystemClock_Config	120	static
../Core/Src/main.c:477:13:MX_ADC3_Init	40	static
../Core/Src/main.c:535:13:MX_QUADSPI_Init	8	static
../Core/Src/main.c:570:13:MX_TIM16_Init	8	static
../Core/Src/main.c:602:13:MX_GPIO_Init	72	static
../Core/Src/main.c:979:6:Error_Handler	4	static,ignoring_inline_asm
