F:/FRI_novSSD/Diploma/Diploma-GitHub/AlgoBuilder/Klasifikacijsko_drevo-Jakost_gibanja/projekt/Middlewares/Third_Party/FatFs/src/ff.c:808:6:inc_lock	16	static
F:/FRI_novSSD/Diploma/Diploma-GitHub/AlgoBuilder/Klasifikacijsko_drevo-Jakost_gibanja/projekt/Middlewares/Third_Party/FatFs/src/ff.c:2613:5:pattern_matching	32	static
F:/FRI_novSSD/Diploma/Diploma-GitHub/AlgoBuilder/Klasifikacijsko_drevo-Jakost_gibanja/projekt/Middlewares/Third_Party/FatFs/src/ff.c:2487:6:get_fileinfo	24	static
F:/FRI_novSSD/Diploma/Diploma-GitHub/AlgoBuilder/Klasifikacijsko_drevo-Jakost_gibanja/projekt/Middlewares/Third_Party/FatFs/src/ff.c:3008:6:check_fs	16	static
F:/FRI_novSSD/Diploma/Diploma-GitHub/AlgoBuilder/Klasifikacijsko_drevo-Jakost_gibanja/projekt/Middlewares/Third_Party/FatFs/src/ff.c:912:9:move_window.part.0	32	static
F:/FRI_novSSD/Diploma/Diploma-GitHub/AlgoBuilder/Klasifikacijsko_drevo-Jakost_gibanja/projekt/Middlewares/Third_Party/FatFs/src/ff.c:3036:9:find_volume	32	static
F:/FRI_novSSD/Diploma/Diploma-GitHub/AlgoBuilder/Klasifikacijsko_drevo-Jakost_gibanja/projekt/Middlewares/Third_Party/FatFs/src/ff.c:1081:9:put_fat.part.0	32	static
F:/FRI_novSSD/Diploma/Diploma-GitHub/AlgoBuilder/Klasifikacijsko_drevo-Jakost_gibanja/projekt/Middlewares/Third_Party/FatFs/src/ff.c:1001:7:get_fat.isra	24	static
F:/FRI_novSSD/Diploma/Diploma-GitHub/AlgoBuilder/Klasifikacijsko_drevo-Jakost_gibanja/projekt/Middlewares/Third_Party/FatFs/src/ff.c:1519:9:dir_next.constprop	24	static
F:/FRI_novSSD/Diploma/Diploma-GitHub/AlgoBuilder/Klasifikacijsko_drevo-Jakost_gibanja/projekt/Middlewares/Third_Party/FatFs/src/ff.c:2174:9:dir_read.constprop	48	static
F:/FRI_novSSD/Diploma/Diploma-GitHub/AlgoBuilder/Klasifikacijsko_drevo-Jakost_gibanja/projekt/Middlewares/Third_Party/FatFs/src/ff.c:944:9:sync_fs	24	static
F:/FRI_novSSD/Diploma/Diploma-GitHub/AlgoBuilder/Klasifikacijsko_drevo-Jakost_gibanja/projekt/Middlewares/Third_Party/FatFs/src/ff.c:1351:7:create_chain	40	static
F:/FRI_novSSD/Diploma/Diploma-GitHub/AlgoBuilder/Klasifikacijsko_drevo-Jakost_gibanja/projekt/Middlewares/Third_Party/FatFs/src/ff.c:1470:9:dir_sdi	40	static
F:/FRI_novSSD/Diploma/Diploma-GitHub/AlgoBuilder/Klasifikacijsko_drevo-Jakost_gibanja/projekt/Middlewares/Third_Party/FatFs/src/ff.c:2439:9:dir_remove	48	static
F:/FRI_novSSD/Diploma/Diploma-GitHub/AlgoBuilder/Klasifikacijsko_drevo-Jakost_gibanja/projekt/Middlewares/Third_Party/FatFs/src/ff.c:2253:9:dir_find	56	static
F:/FRI_novSSD/Diploma/Diploma-GitHub/AlgoBuilder/Klasifikacijsko_drevo-Jakost_gibanja/projekt/Middlewares/Third_Party/FatFs/src/ff.c:2856:9:follow_path	48	static
F:/FRI_novSSD/Diploma/Diploma-GitHub/AlgoBuilder/Klasifikacijsko_drevo-Jakost_gibanja/projekt/Middlewares/Third_Party/FatFs/src/ff.c:1271:9:remove_chain	32	static
F:/FRI_novSSD/Diploma/Diploma-GitHub/AlgoBuilder/Klasifikacijsko_drevo-Jakost_gibanja/projekt/Middlewares/Third_Party/FatFs/src/ff.c:2335:9:dir_register	112	static
F:/FRI_novSSD/Diploma/Diploma-GitHub/AlgoBuilder/Klasifikacijsko_drevo-Jakost_gibanja/projekt/Middlewares/Third_Party/FatFs/src/ff.c:3303:9:f_mount	16	static
F:/FRI_novSSD/Diploma/Diploma-GitHub/AlgoBuilder/Klasifikacijsko_drevo-Jakost_gibanja/projekt/Middlewares/Third_Party/FatFs/src/ff.c:3351:9:f_open	112	static
F:/FRI_novSSD/Diploma/Diploma-GitHub/AlgoBuilder/Klasifikacijsko_drevo-Jakost_gibanja/projekt/Middlewares/Third_Party/FatFs/src/ff.c:3554:9:f_read	56	static
F:/FRI_novSSD/Diploma/Diploma-GitHub/AlgoBuilder/Klasifikacijsko_drevo-Jakost_gibanja/projekt/Middlewares/Third_Party/FatFs/src/ff.c:3654:9:f_write	56	static
F:/FRI_novSSD/Diploma/Diploma-GitHub/AlgoBuilder/Klasifikacijsko_drevo-Jakost_gibanja/projekt/Middlewares/Third_Party/FatFs/src/ff.c:3775:9:f_sync	16	static
F:/FRI_novSSD/Diploma/Diploma-GitHub/AlgoBuilder/Klasifikacijsko_drevo-Jakost_gibanja/projekt/Middlewares/Third_Party/FatFs/src/ff.c:3856:9:f_close	16	static
F:/FRI_novSSD/Diploma/Diploma-GitHub/AlgoBuilder/Klasifikacijsko_drevo-Jakost_gibanja/projekt/Middlewares/Third_Party/FatFs/src/ff.c:4044:9:f_lseek	56	static
F:/FRI_novSSD/Diploma/Diploma-GitHub/AlgoBuilder/Klasifikacijsko_drevo-Jakost_gibanja/projekt/Middlewares/Third_Party/FatFs/src/ff.c:4205:9:f_opendir	32	static
F:/FRI_novSSD/Diploma/Diploma-GitHub/AlgoBuilder/Klasifikacijsko_drevo-Jakost_gibanja/projekt/Middlewares/Third_Party/FatFs/src/ff.c:4275:9:f_closedir	8	static
F:/FRI_novSSD/Diploma/Diploma-GitHub/AlgoBuilder/Klasifikacijsko_drevo-Jakost_gibanja/projekt/Middlewares/Third_Party/FatFs/src/ff.c:4308:9:f_readdir	24	static
F:/FRI_novSSD/Diploma/Diploma-GitHub/AlgoBuilder/Klasifikacijsko_drevo-Jakost_gibanja/projekt/Middlewares/Third_Party/FatFs/src/ff.c:4344:9:f_findnext	24	static
F:/FRI_novSSD/Diploma/Diploma-GitHub/AlgoBuilder/Klasifikacijsko_drevo-Jakost_gibanja/projekt/Middlewares/Third_Party/FatFs/src/ff.c:4369:9:f_findfirst	40	static
F:/FRI_novSSD/Diploma/Diploma-GitHub/AlgoBuilder/Klasifikacijsko_drevo-Jakost_gibanja/projekt/Middlewares/Third_Party/FatFs/src/ff.c:4396:9:f_stat	80	static
F:/FRI_novSSD/Diploma/Diploma-GitHub/AlgoBuilder/Klasifikacijsko_drevo-Jakost_gibanja/projekt/Middlewares/Third_Party/FatFs/src/ff.c:4431:9:f_getfree	48	static
F:/FRI_novSSD/Diploma/Diploma-GitHub/AlgoBuilder/Klasifikacijsko_drevo-Jakost_gibanja/projekt/Middlewares/Third_Party/FatFs/src/ff.c:4518:9:f_truncate	16	static
F:/FRI_novSSD/Diploma/Diploma-GitHub/AlgoBuilder/Klasifikacijsko_drevo-Jakost_gibanja/projekt/Middlewares/Third_Party/FatFs/src/ff.c:4568:9:f_unlink	144	static
F:/FRI_novSSD/Diploma/Diploma-GitHub/AlgoBuilder/Klasifikacijsko_drevo-Jakost_gibanja/projekt/Middlewares/Third_Party/FatFs/src/ff.c:4663:9:f_mkdir	136	static
F:/FRI_novSSD/Diploma/Diploma-GitHub/AlgoBuilder/Klasifikacijsko_drevo-Jakost_gibanja/projekt/Middlewares/Third_Party/FatFs/src/ff.c:4760:9:f_rename	176	static
F:/FRI_novSSD/Diploma/Diploma-GitHub/AlgoBuilder/Klasifikacijsko_drevo-Jakost_gibanja/projekt/Middlewares/Third_Party/FatFs/src/ff.c:5344:9:f_mkfs	80	static
F:/FRI_novSSD/Diploma/Diploma-GitHub/AlgoBuilder/Klasifikacijsko_drevo-Jakost_gibanja/projekt/Middlewares/Third_Party/FatFs/src/ff.c:5873:8:f_gets	40	static
F:/FRI_novSSD/Diploma/Diploma-GitHub/AlgoBuilder/Klasifikacijsko_drevo-Jakost_gibanja/projekt/Middlewares/Third_Party/FatFs/src/ff.c:6041:5:f_putc	128	static
F:/FRI_novSSD/Diploma/Diploma-GitHub/AlgoBuilder/Klasifikacijsko_drevo-Jakost_gibanja/projekt/Middlewares/Third_Party/FatFs/src/ff.c:6061:5:f_puts	104	static
F:/FRI_novSSD/Diploma/Diploma-GitHub/AlgoBuilder/Klasifikacijsko_drevo-Jakost_gibanja/projekt/Middlewares/Third_Party/FatFs/src/ff.c:6081:5:f_printf	164	static
