../Core/Src/stm32l4xx_hal_msp.c:64:6:HAL_MspInit	16	static
../Core/Src/stm32l4xx_hal_msp.c:86:6:HAL_ADC_MspInit	208	static
../Core/Src/stm32l4xx_hal_msp.c:144:6:HAL_ADC_MspDeInit	16	static
../Core/Src/stm32l4xx_hal_msp.c:175:6:HAL_CRC_MspInit	24	static
../Core/Src/stm32l4xx_hal_msp.c:197:6:HAL_CRC_MspDeInit	16	static
../Core/Src/stm32l4xx_hal_msp.c:222:6:HAL_DFSDM_FilterMspInit	176	static
../Core/Src/stm32l4xx_hal_msp.c:282:6:HAL_DFSDM_ChannelMspInit	176	static
../Core/Src/stm32l4xx_hal_msp.c:319:6:HAL_DFSDM_FilterMspDeInit	16	static
../Core/Src/stm32l4xx_hal_msp.c:346:6:HAL_DFSDM_ChannelMspDeInit	16	static
../Core/Src/stm32l4xx_hal_msp.c:369:6:HAL_I2C_MspInit	208	static
../Core/Src/stm32l4xx_hal_msp.c:449:6:HAL_I2C_MspDeInit	16	static
../Core/Src/stm32l4xx_hal_msp.c:500:6:HAL_RTC_MspInit	176	static
../Core/Src/stm32l4xx_hal_msp.c:533:6:HAL_RTC_MspDeInit	16	static
../Core/Src/stm32l4xx_hal_msp.c:555:6:HAL_SD_MspInit	208	static
../Core/Src/stm32l4xx_hal_msp.c:637:6:HAL_SD_MspDeInit	16	static
../Core/Src/stm32l4xx_hal_msp.c:681:6:HAL_SPI_MspInit	64	static
../Core/Src/stm32l4xx_hal_msp.c:790:6:HAL_SPI_MspDeInit	16	static
../Core/Src/stm32l4xx_hal_msp.c:860:6:HAL_TIM_Base_MspInit	32	static
../Core/Src/stm32l4xx_hal_msp.c:907:6:HAL_TIM_Base_MspDeInit	16	static
