F:/FRI_novSSD/Diploma/Diploma-GitHub/AlgoBuilder/Klasifikacijsko_drevo-Jakost_gibanja/projekt/Middlewares/ST/STM32_USB_Device_Library/Class/MSC/Src/usbd_msc.c:528:10:USBD_MSC_GetHSCfgDesc	0	static
F:/FRI_novSSD/Diploma/Diploma-GitHub/AlgoBuilder/Klasifikacijsko_drevo-Jakost_gibanja/projekt/Middlewares/ST/STM32_USB_Device_Library/Class/MSC/Src/usbd_msc.c:541:10:USBD_MSC_GetFSCfgDesc	0	static
F:/FRI_novSSD/Diploma/Diploma-GitHub/AlgoBuilder/Klasifikacijsko_drevo-Jakost_gibanja/projekt/Middlewares/ST/STM32_USB_Device_Library/Class/MSC/Src/usbd_msc.c:554:10:USBD_MSC_GetOtherSpeedCfgDesc	0	static
F:/FRI_novSSD/Diploma/Diploma-GitHub/AlgoBuilder/Klasifikacijsko_drevo-Jakost_gibanja/projekt/Middlewares/ST/STM32_USB_Device_Library/Class/MSC/Src/usbd_msc.c:566:10:USBD_MSC_GetDeviceQualifierDescriptor	0	static
F:/FRI_novSSD/Diploma/Diploma-GitHub/AlgoBuilder/Klasifikacijsko_drevo-Jakost_gibanja/projekt/Middlewares/ST/STM32_USB_Device_Library/Class/MSC/Src/usbd_msc.c:275:9:USBD_MSC_Init	16	static
F:/FRI_novSSD/Diploma/Diploma-GitHub/AlgoBuilder/Klasifikacijsko_drevo-Jakost_gibanja/projekt/Middlewares/ST/STM32_USB_Device_Library/Class/MSC/Src/usbd_msc.c:317:9:USBD_MSC_DeInit	16	static
F:/FRI_novSSD/Diploma/Diploma-GitHub/AlgoBuilder/Klasifikacijsko_drevo-Jakost_gibanja/projekt/Middlewares/ST/STM32_USB_Device_Library/Class/MSC/Src/usbd_msc.c:347:9:USBD_MSC_Setup	32	static
F:/FRI_novSSD/Diploma/Diploma-GitHub/AlgoBuilder/Klasifikacijsko_drevo-Jakost_gibanja/projekt/Middlewares/ST/STM32_USB_Device_Library/Class/MSC/Src/usbd_msc.c:501:9:USBD_MSC_DataIn	8	static
F:/FRI_novSSD/Diploma/Diploma-GitHub/AlgoBuilder/Klasifikacijsko_drevo-Jakost_gibanja/projekt/Middlewares/ST/STM32_USB_Device_Library/Class/MSC/Src/usbd_msc.c:515:9:USBD_MSC_DataOut	8	static
F:/FRI_novSSD/Diploma/Diploma-GitHub/AlgoBuilder/Klasifikacijsko_drevo-Jakost_gibanja/projekt/Middlewares/ST/STM32_USB_Device_Library/Class/MSC/Src/usbd_msc.c:578:9:USBD_MSC_RegisterStorage	0	static
