../Core/Src/stm32h7xx_hal_msp.c:63:6:HAL_MspInit	8	static
../Core/Src/stm32h7xx_hal_msp.c:86:6:HAL_ADC_MspInit	64	static
../Core/Src/stm32h7xx_hal_msp.c:188:6:HAL_ADC_MspDeInit	8	static
../Core/Src/stm32h7xx_hal_msp.c:259:6:HAL_CRC_MspInit	8	static
../Core/Src/stm32h7xx_hal_msp.c:281:6:HAL_CRC_MspDeInit	0	static
../Core/Src/stm32h7xx_hal_msp.c:303:6:HAL_ETH_MspInit	80	static
../Core/Src/stm32h7xx_hal_msp.c:405:6:HAL_ETH_MspDeInit	8	static
../Core/Src/stm32h7xx_hal_msp.c:466:6:HAL_FDCAN_MspInit	240	static
../Core/Src/stm32h7xx_hal_msp.c:553:6:HAL_FDCAN_MspDeInit	0	static
../Core/Src/stm32h7xx_hal_msp.c:606:6:HAL_LTDC_MspInit	248	static
../Core/Src/stm32h7xx_hal_msp.c:715:6:HAL_LTDC_MspDeInit	8	static
../Core/Src/stm32h7xx_hal_msp.c:781:6:HAL_QSPI_MspInit	256	static
../Core/Src/stm32h7xx_hal_msp.c:862:6:HAL_QSPI_MspDeInit	8	static
../Core/Src/stm32h7xx_hal_msp.c:899:6:HAL_RTC_MspInit	200	static
../Core/Src/stm32h7xx_hal_msp.c:932:6:HAL_RTC_MspDeInit	0	static
../Core/Src/stm32h7xx_hal_msp.c:954:6:HAL_MMC_MspInit	256	static
../Core/Src/stm32h7xx_hal_msp.c:1026:6:HAL_MMC_MspDeInit	8	static
../Core/Src/stm32h7xx_hal_msp.c:1068:6:HAL_SPI_MspInit	248	static
../Core/Src/stm32h7xx_hal_msp.c:1140:6:HAL_SPI_MspDeInit	8	static
../Core/Src/stm32h7xx_hal_msp.c:1175:6:HAL_UART_MspInit	232	static
../Core/Src/stm32h7xx_hal_msp.c:1222:6:HAL_UART_MspDeInit	0	static
../Core/Src/stm32h7xx_hal_msp.c:1251:6:HAL_PCD_MspInit	240	static
../Core/Src/stm32h7xx_hal_msp.c:1307:6:HAL_PCD_MspDeInit	0	static
../Core/Src/stm32h7xx_hal_msp.c:1442:6:HAL_SDRAM_MspInit	240	static
../Core/Src/stm32h7xx_hal_msp.c:1526:6:HAL_SDRAM_MspDeInit	8	static
../Core/Src/stm32h7xx_hal_msp.c:1538:6:HAL_SAI_MspInit	232	static
../Core/Src/stm32h7xx_hal_msp.c:1609:6:HAL_SAI_MspDeInit	8	static
