Archive member included to satisfy reference by file (symbol)

../NEAI_Lib/Lib\libneai.a(NanoEdgeAI.o)
                              ./Core/Src/main.o (neai_classification_init)
f:/fri_novssd/stm32-cubeide/stm32cubeide_1.9.0/stm32cubeide/plugins/com.st.stm32cube.ide.mcu.externaltools.gnu-tools-for-stm32.10.3-2021.10.win32_1.0.200.202301161003/tools/bin/../lib/gcc/arm-none-eabi/10.3.1/../../../../arm-none-eabi/lib/thumb/v7e-m+dp/hard\libc_nano.a(lib_a-errno.o)
                              ./Core/Src/syscalls.o (__errno)
f:/fri_novssd/stm32-cubeide/stm32cubeide_1.9.0/stm32cubeide/plugins/com.st.stm32cube.ide.mcu.externaltools.gnu-tools-for-stm32.10.3-2021.10.win32_1.0.200.202301161003/tools/bin/../lib/gcc/arm-none-eabi/10.3.1/../../../../arm-none-eabi/lib/thumb/v7e-m+dp/hard\libc_nano.a(lib_a-exit.o)
                              f:/fri_novssd/stm32-cubeide/stm32cubeide_1.9.0/stm32cubeide/plugins/com.st.stm32cube.ide.mcu.externaltools.gnu-tools-for-stm32.10.3-2021.10.win32_1.0.200.202301161003/tools/bin/../lib/gcc/arm-none-eabi/10.3.1/../../../../arm-none-eabi/lib/thumb/v7e-m+dp/hard/crt0.o (exit)
f:/fri_novssd/stm32-cubeide/stm32cubeide_1.9.0/stm32cubeide/plugins/com.st.stm32cube.ide.mcu.externaltools.gnu-tools-for-stm32.10.3-2021.10.win32_1.0.200.202301161003/tools/bin/../lib/gcc/arm-none-eabi/10.3.1/../../../../arm-none-eabi/lib/thumb/v7e-m+dp/hard\libc_nano.a(lib_a-impure.o)
                              f:/fri_novssd/stm32-cubeide/stm32cubeide_1.9.0/stm32cubeide/plugins/com.st.stm32cube.ide.mcu.externaltools.gnu-tools-for-stm32.10.3-2021.10.win32_1.0.200.202301161003/tools/bin/../lib/gcc/arm-none-eabi/10.3.1/../../../../arm-none-eabi/lib/thumb/v7e-m+dp/hard\libc_nano.a(lib_a-exit.o) (_global_impure_ptr)
f:/fri_novssd/stm32-cubeide/stm32cubeide_1.9.0/stm32cubeide/plugins/com.st.stm32cube.ide.mcu.externaltools.gnu-tools-for-stm32.10.3-2021.10.win32_1.0.200.202301161003/tools/bin/../lib/gcc/arm-none-eabi/10.3.1/../../../../arm-none-eabi/lib/thumb/v7e-m+dp/hard\libc_nano.a(lib_a-init.o)
                              f:/fri_novssd/stm32-cubeide/stm32cubeide_1.9.0/stm32cubeide/plugins/com.st.stm32cube.ide.mcu.externaltools.gnu-tools-for-stm32.10.3-2021.10.win32_1.0.200.202301161003/tools/bin/../lib/gcc/arm-none-eabi/10.3.1/../../../../arm-none-eabi/lib/thumb/v7e-m+dp/hard/crt0.o (__libc_init_array)
f:/fri_novssd/stm32-cubeide/stm32cubeide_1.9.0/stm32cubeide/plugins/com.st.stm32cube.ide.mcu.externaltools.gnu-tools-for-stm32.10.3-2021.10.win32_1.0.200.202301161003/tools/bin/../lib/gcc/arm-none-eabi/10.3.1/../../../../arm-none-eabi/lib/thumb/v7e-m+dp/hard\libc_nano.a(lib_a-memset.o)
                              f:/fri_novssd/stm32-cubeide/stm32cubeide_1.9.0/stm32cubeide/plugins/com.st.stm32cube.ide.mcu.externaltools.gnu-tools-for-stm32.10.3-2021.10.win32_1.0.200.202301161003/tools/bin/../lib/gcc/arm-none-eabi/10.3.1/../../../../arm-none-eabi/lib/thumb/v7e-m+dp/hard/crt0.o (memset)
f:/fri_novssd/stm32-cubeide/stm32cubeide_1.9.0/stm32cubeide/plugins/com.st.stm32cube.ide.mcu.externaltools.gnu-tools-for-stm32.10.3-2021.10.win32_1.0.200.202301161003/tools/bin/../lib/gcc/arm-none-eabi/10.3.1/../../../../arm-none-eabi/lib/thumb/v7e-m+dp/hard\libc_nano.a(lib_a-snprintf.o)
                              ./Core/Src/main.o (snprintf)
f:/fri_novssd/stm32-cubeide/stm32cubeide_1.9.0/stm32cubeide/plugins/com.st.stm32cube.ide.mcu.externaltools.gnu-tools-for-stm32.10.3-2021.10.win32_1.0.200.202301161003/tools/bin/../lib/gcc/arm-none-eabi/10.3.1/../../../../arm-none-eabi/lib/thumb/v7e-m+dp/hard\libc_nano.a(lib_a-strlen.o)
                              ./Core/Src/main.o (strlen)
f:/fri_novssd/stm32-cubeide/stm32cubeide_1.9.0/stm32cubeide/plugins/com.st.stm32cube.ide.mcu.externaltools.gnu-tools-for-stm32.10.3-2021.10.win32_1.0.200.202301161003/tools/bin/../lib/gcc/arm-none-eabi/10.3.1/../../../../arm-none-eabi/lib/thumb/v7e-m+dp/hard\libc_nano.a(lib_a-nano-svfprintf.o)
                              f:/fri_novssd/stm32-cubeide/stm32cubeide_1.9.0/stm32cubeide/plugins/com.st.stm32cube.ide.mcu.externaltools.gnu-tools-for-stm32.10.3-2021.10.win32_1.0.200.202301161003/tools/bin/../lib/gcc/arm-none-eabi/10.3.1/../../../../arm-none-eabi/lib/thumb/v7e-m+dp/hard\libc_nano.a(lib_a-snprintf.o) (_svfprintf_r)
f:/fri_novssd/stm32-cubeide/stm32cubeide_1.9.0/stm32cubeide/plugins/com.st.stm32cube.ide.mcu.externaltools.gnu-tools-for-stm32.10.3-2021.10.win32_1.0.200.202301161003/tools/bin/../lib/gcc/arm-none-eabi/10.3.1/../../../../arm-none-eabi/lib/thumb/v7e-m+dp/hard\libc_nano.a(lib_a-nano-vfprintf_i.o)
                              f:/fri_novssd/stm32-cubeide/stm32cubeide_1.9.0/stm32cubeide/plugins/com.st.stm32cube.ide.mcu.externaltools.gnu-tools-for-stm32.10.3-2021.10.win32_1.0.200.202301161003/tools/bin/../lib/gcc/arm-none-eabi/10.3.1/../../../../arm-none-eabi/lib/thumb/v7e-m+dp/hard\libc_nano.a(lib_a-nano-svfprintf.o) (_printf_i)
[...]
Memory Configuration

Name             Origin             Length             Attributes
FLASH            0x0000000008000000 0x0000000000020000 xr
DTCMRAM          0x0000000020000000 0x0000000000020000 xrw
RAM_D1           0x0000000024000000 0x0000000000080000 xrw
RAM_D2           0x0000000030000000 0x0000000000048000 xrw
RAM_D3           0x0000000038000000 0x0000000000010000 xrw
ITCMRAM          0x0000000000000000 0x0000000000010000 xrw
*default*        0x0000000000000000 0xffffffffffffffff

Linker script and memory map

LOAD f:/fri_novssd/stm32-cubeide/stm32cubeide_1.9.0/stm32cubeide/plugins/com.st.stm32cube.ide.mcu.externaltools.gnu-tools-for-stm32.10.3-2021.10.win32_1.0.200.202301161003/tools/bin/../lib/gcc/arm-none-eabi/10.3.1/thumb/v7e-m+dp/hard/crti.o
LOAD f:/fri_novssd/stm32-cubeide/stm32cubeide_1.9.0/stm32cubeide/plugins/com.st.stm32cube.ide.mcu.externaltools.gnu-tools-for-stm32.10.3-2021.10.win32_1.0.200.202301161003/tools/bin/../lib/gcc/arm-none-eabi/10.3.1/thumb/v7e-m+dp/hard/crtbegin.o
LOAD f:/fri_novssd/stm32-cubeide/stm32cubeide_1.9.0/stm32cubeide/plugins/com.st.stm32cube.ide.mcu.externaltools.gnu-tools-for-stm32.10.3-2021.10.win32_1.0.200.202301161003/tools/bin/../lib/gcc/arm-none-eabi/10.3.1/../../../../arm-none-eabi/lib/thumb/v7e-m+dp/hard/crt0.o
LOAD ./Core/Src/main.o
LOAD ./Core/Src/stm32h7xx_hal_msp.o
LOAD ./Core/Src/stm32h7xx_it.o
LOAD ./Core/Src/syscalls.o
LOAD ./Core/Src/sysmem.o
LOAD ./Core/Src/system_stm32h7xx.o
LOAD ./Core/Startup/startup_stm32h750xbhx.o
LOAD ./Drivers/STM32H7xx_HAL_Driver/Src/stm32h7xx_hal.o
LOAD ./Drivers/STM32H7xx_HAL_Driver/Src/stm32h7xx_hal_adc.o
LOAD ./Drivers/STM32H7xx_HAL_Driver/Src/stm32h7xx_hal_adc_ex.o
LOAD ./Drivers/STM32H7xx_HAL_Driver/Src/stm32h7xx_hal_cortex.o
LOAD ./Drivers/STM32H7xx_HAL_Driver/Src/stm32h7xx_hal_dma.o
LOAD ./Drivers/STM32H7xx_HAL_Driver/Src/stm32h7xx_hal_dma_ex.o
LOAD ./Drivers/STM32H7xx_HAL_Driver/Src/stm32h7xx_hal_exti.o
LOAD ./Drivers/STM32H7xx_HAL_Driver/Src/stm32h7xx_hal_flash.o
LOAD ./Drivers/STM32H7xx_HAL_Driver/Src/stm32h7xx_hal_flash_ex.o
LOAD ./Drivers/STM32H7xx_HAL_Driver/Src/stm32h7xx_hal_gpio.o
LOAD ./Drivers/STM32H7xx_HAL_Driver/Src/stm32h7xx_hal_hsem.o
LOAD ./Drivers/STM32H7xx_HAL_Driver/Src/stm32h7xx_hal_i2c.o
LOAD ./Drivers/STM32H7xx_HAL_Driver/Src/stm32h7xx_hal_i2c_ex.o
LOAD ./Drivers/STM32H7xx_HAL_Driver/Src/stm32h7xx_hal_mdma.o
LOAD ./Drivers/STM32H7xx_HAL_Driver/Src/stm32h7xx_hal_pcd.o
LOAD ./Drivers/STM32H7xx_HAL_Driver/Src/stm32h7xx_hal_pcd_ex.o
LOAD ./Drivers/STM32H7xx_HAL_Driver/Src/stm32h7xx_hal_pwr.o
LOAD ./Drivers/STM32H7xx_HAL_Driver/Src/stm32h7xx_hal_pwr_ex.o
LOAD ./Drivers/STM32H7xx_HAL_Driver/Src/stm32h7xx_hal_rcc.o
LOAD ./Drivers/STM32H7xx_HAL_Driver/Src/stm32h7xx_hal_rcc_ex.o
LOAD ./Drivers/STM32H7xx_HAL_Driver/Src/stm32h7xx_hal_tim.o
LOAD ./Drivers/STM32H7xx_HAL_Driver/Src/stm32h7xx_hal_tim_ex.o
LOAD ./Drivers/STM32H7xx_HAL_Driver/Src/stm32h7xx_ll_usb.o
LOAD ./Middlewares/ST/STM32_USB_Device_Library/Class/CDC/Src/usbd_cdc.o
LOAD ./Middlewares/ST/STM32_USB_Device_Library/Core/Src/usbd_core.o
LOAD ./Middlewares/ST/STM32_USB_Device_Library/Core/Src/usbd_ctlreq.o
LOAD ./Middlewares/ST/STM32_USB_Device_Library/Core/Src/usbd_ioreq.o
LOAD ./USB_DEVICE/App/usb_device.o
LOAD ./USB_DEVICE/App/usbd_cdc_if.o
LOAD ./USB_DEVICE/App/usbd_desc.o
LOAD ./USB_DEVICE/Target/usbd_conf.o
LOAD ../NEAI_Lib/Lib\libneai.a
START GROUP
LOAD f:/fri_novssd/stm32-cubeide/stm32cubeide_1.9.0/stm32cubeide/plugins/com.st.stm32cube.ide.mcu.externaltools.gnu-tools-for-stm32.10.3-2021.10.win32_1.0.200.202301161003/tools/bin/../lib/gcc/arm-none-eabi/10.3.1/../../../../arm-none-eabi/lib/thumb/v7e-m+dp/hard\libc_nano.a
LOAD f:/fri_novssd/stm32-cubeide/stm32cubeide_1.9.0/stm32cubeide/plugins/com.st.stm32cube.ide.mcu.externaltools.gnu-tools-for-stm32.10.3-2021.10.win32_1.0.200.202301161003/tools/bin/../lib/gcc/arm-none-eabi/10.3.1/../../../../arm-none-eabi/lib/thumb/v7e-m+dp/hard\libm.a
END GROUP
START GROUP
LOAD f:/fri_novssd/stm32-cubeide/stm32cubeide_1.9.0/stm32cubeide/plugins/com.st.stm32cube.ide.mcu.externaltools.gnu-tools-for-stm32.10.3-2021.10.win32_1.0.200.202301161003/tools/bin/../lib/gcc/arm-none-eabi/10.3.1/thumb/v7e-m+dp/hard\libgcc.a
LOAD f:/fri_novssd/stm32-cubeide/stm32cubeide_1.9.0/stm32cubeide/plugins/com.st.stm32cube.ide.mcu.externaltools.gnu-tools-for-stm32.10.3-2021.10.win32_1.0.200.202301161003/tools/bin/../lib/gcc/arm-none-eabi/10.3.1/../../../../arm-none-eabi/lib/thumb/v7e-m+dp/hard\libc_nano.a
END GROUP
START GROUP
LOAD f:/fri_novssd/stm32-cubeide/stm32cubeide_1.9.0/stm32cubeide/plugins/com.st.stm32cube.ide.mcu.externaltools.gnu-tools-for-stm32.10.3-2021.10.win32_1.0.200.202301161003/tools/bin/../lib/gcc/arm-none-eabi/10.3.1/thumb/v7e-m+dp/hard\libgcc.a
LOAD f:/fri_novssd/stm32-cubeide/stm32cubeide_1.9.0/stm32cubeide/plugins/com.st.stm32cube.ide.mcu.externaltools.gnu-tools-for-stm32.10.3-2021.10.win32_1.0.200.202301161003/tools/bin/../lib/gcc/arm-none-eabi/10.3.1/../../../../arm-none-eabi/lib/thumb/v7e-m+dp/hard\libc_nano.a
LOAD f:/fri_novssd/stm32-cubeide/stm32cubeide_1.9.0/stm32cubeide/plugins/com.st.stm32cube.ide.mcu.externaltools.gnu-tools-for-stm32.10.3-2021.10.win32_1.0.200.202301161003/tools/bin/../lib/gcc/arm-none-eabi/10.3.1/../../../../arm-none-eabi/lib/thumb/v7e-m+dp/hard\libnosys.a
END GROUP
START GROUP
LOAD f:/fri_novssd/stm32-cubeide/stm32cubeide_1.9.0/stm32cubeide/plugins/com.st.stm32cube.ide.mcu.externaltools.gnu-tools-for-stm32.10.3-2021.10.win32_1.0.200.202301161003/tools/bin/../lib/gcc/arm-none-eabi/10.3.1/thumb/v7e-m+dp/hard\libgcc.a
LOAD f:/fri_novssd/stm32-cubeide/stm32cubeide_1.9.0/stm32cubeide/plugins/com.st.stm32cube.ide.mcu.externaltools.gnu-tools-for-stm32.10.3-2021.10.win32_1.0.200.202301161003/tools/bin/../lib/gcc/arm-none-eabi/10.3.1/../../../../arm-none-eabi/lib/thumb/v7e-m+dp/hard\libc_nano.a
LOAD f:/fri_novssd/stm32-cubeide/stm32cubeide_1.9.0/stm32cubeide/plugins/com.st.stm32cube.ide.mcu.externaltools.gnu-tools-for-stm32.10.3-2021.10.win32_1.0.200.202301161003/tools/bin/../lib/gcc/arm-none-eabi/10.3.1/../../../../arm-none-eabi/lib/thumb/v7e-m+dp/hard\libnosys.a
END GROUP
LOAD f:/fri_novssd/stm32-cubeide/stm32cubeide_1.9.0/stm32cubeide/plugins/com.st.stm32cube.ide.mcu.externaltools.gnu-tools-for-stm32.10.3-2021.10.win32_1.0.200.202301161003/tools/bin/../lib/gcc/arm-none-eabi/10.3.1/thumb/v7e-m+dp/hard/crtend.o
LOAD f:/fri_novssd/stm32-cubeide/stm32cubeide_1.9.0/stm32cubeide/plugins/com.st.stm32cube.ide.mcu.externaltools.gnu-tools-for-stm32.10.3-2021.10.win32_1.0.200.202301161003/tools/bin/../lib/gcc/arm-none-eabi/10.3.1/thumb/v7e-m+dp/hard/crtn.o
                0x0000000024080000                _estack = (ORIGIN (RAM_D1) + LENGTH (RAM_D1))
                0x0000000000000200                _Min_Heap_Size = 0x200
                0x0000000000000400                _Min_Stack_Size = 0x400

.isr_vector     0x0000000008000000      0x298
                0x0000000008000000                . = ALIGN (0x4)
 *(.isr_vector)
 .isr_vector    0x0000000008000000      0x298 ./Core/Startup/startup_stm32h750xbhx.o
                0x0000000008000000                g_pfnVectors
                0x0000000008000298                . = ALIGN (0x4)

.text           0x00000000080002a0     0xce98
                0x00000000080002a0                . = ALIGN (0x4)
 *(.text)
 .text          0x00000000080002a0       0x40 f:/fri_novssd/stm32-cubeide/stm32cubeide_1.9.0/stm32cubeide/plugins/com.st.stm32cube.ide.mcu.externaltools.gnu-tools-for-stm32.10.3-2021.10.win32_1.0.200.202301161003/tools/bin/../lib/gcc/arm-none-eabi/10.3.1/thumb/v7e-m+dp/hard/crtbegin.o
 .text          0x00000000080002e0       0x10 f:/fri_novssd/stm32-cubeide/stm32cubeide_1.9.0/stm32cubeide/plugins/com.st.stm32cube.ide.mcu.externaltools.gnu-tools-for-stm32.10.3-2021.10.win32_1.0.200.202301161003/tools/bin/../lib/gcc/arm-none-eabi/10.3.1/../../../../arm-none-eabi/lib/thumb/v7e-m+dp/hard\libc_nano.a(lib_a-strlen.o)
                0x00000000080002e0                strlen
 .text          0x00000000080002f0       0xa0 f:/fri_novssd/stm32-cubeide/stm32cubeide_1.9.0/stm32cubeide/plugins/com.st.stm32cube.ide.mcu.externaltools.gnu-tools-for-stm32.10.3-2021.10.win32_1.0.200.202301161003/tools/bin/../lib/gcc/arm-none-eabi/10.3.1/../../../../arm-none-eabi/lib/thumb/v7e-m+dp/hard\libc_nano.a(lib_a-memchr.o)
                0x00000000080002f0                memchr
 .text          0x0000000008000390      0x378 f:/fri_novssd/stm32-cubeide/stm32cubeide_1.9.0/stm32cubeide/plugins/com.st.stm32cube.ide.mcu.externaltools.gnu-tools-for-stm32.10.3-2021.10.win32_1.0.200.202301161003/tools/bin/../lib/gcc/arm-none-eabi/10.3.1/thumb/v7e-m+dp/hard\libgcc.a(_arm_addsubdf3.o)
                0x0000000008000390                __aeabi_drsub
                0x0000000008000398                __aeabi_dsub
                0x0000000008000398                __subdf3
                0x000000000800039c                __aeabi_dadd
                0x000000000800039c                __adddf3
                0x0000000008000614                __floatunsidf
                0x0000000008000614                __aeabi_ui2d
                0x0000000008000634                __floatsidf
                0x0000000008000634                __aeabi_i2d
                0x0000000008000658                __aeabi_f2d
                0x0000000008000658                __extendsfdf2
                0x000000000800069c                __floatundidf
                0x000000000800069c                __aeabi_ul2d
                0x00000000080006ac                __floatdidf
                0x00000000080006ac                __aeabi_l2d
 .text          0x0000000008000708       0xa0 f:/fri_novssd/stm32-cubeide/stm32cubeide_1.9.0/stm32cubeide/plugins/com.st.stm32cube.ide.mcu.externaltools.gnu-tools-for-stm32.10.3-2021.10.win32_1.0.200.202301161003/tools/bin/../lib/gcc/arm-none-eabi/10.3.1/thumb/v7e-m+dp/hard\libgcc.a(_arm_truncdfsf2.o)
                0x0000000008000708                __truncdfsf2
                0x0000000008000708                __aeabi_d2f
 *(.text*)
 .text.main     0x00000000080007a8       0x8c ./Core/Src/main.o
                0x00000000080007a8                main
 .text.SystemClock_Config
                0x0000000008000834      0x100 ./Core/Src/main.o
                0x0000000008000834                SystemClock_Config
 .text.MX_ADC3_Init
                0x0000000008000934       0xc8 ./Core/Src/main.o
 .text.MX_TIM16_Init
                0x00000000080009fc       0x4c ./Core/Src/main.o
 .text.MX_GPIO_Init
                0x0000000008000a48      0x7b8 ./Core/Src/main.o
 .text.FillBuffer
                0x0000000008001200       0x74 ./Core/Src/main.o
                0x0000000008001200                FillBuffer
 .text.Inference
                0x0000000008001274       0xf0 ./Core/Src/main.o
                0x0000000008001274                Inference
 .text.Error_Handler
                0x0000000008001364        0xa ./Core/Src/main.o
                0x0000000008001364                Error_Handler
 *fill*         0x000000000800136e        0x2 
 .text.HAL_MspInit
                0x0000000008001370       0x34 ./Core/Src/stm32h7xx_hal_msp.o
                0x0000000008001370                HAL_MspInit
 .text.HAL_ADC_MspInit
                0x00000000080013a4      0x140 ./Core/Src/stm32h7xx_hal_msp.o
                0x00000000080013a4                HAL_ADC_MspInit
 .text.HAL_TIM_Base_MspInit
                0x00000000080014e4       0x44 ./Core/Src/stm32h7xx_hal_msp.o
                0x00000000080014e4                HAL_TIM_Base_MspInit
 .text.NMI_Handler
                0x0000000008001528        0x6 ./Core/Src/stm32h7xx_it.o
                0x0000000008001528                NMI_Handler
 .text.HardFault_Handler
                0x000000000800152e        0x6 ./Core/Src/stm32h7xx_it.o
                0x000000000800152e                HardFault_Handler
 .text.MemManage_Handler
                0x0000000008001534        0x6 ./Core/Src/stm32h7xx_it.o
                0x0000000008001534                MemManage_Handler
 .text.BusFault_Handler
                0x000000000800153a        0x6 ./Core/Src/stm32h7xx_it.o
                0x000000000800153a                BusFault_Handler
 .text.UsageFault_Handler
                0x0000000008001540        0x6 ./Core/Src/stm32h7xx_it.o
                0x0000000008001540                UsageFault_Handler
 .text.SVC_Handler
                0x0000000008001546        0xe ./Core/Src/stm32h7xx_it.o
                0x0000000008001546                SVC_Handler
 .text.DebugMon_Handler
                0x0000000008001554        0xe ./Core/Src/stm32h7xx_it.o
                0x0000000008001554                DebugMon_Handler
 .text.PendSV_Handler
                0x0000000008001562        0xe ./Core/Src/stm32h7xx_it.o
                0x0000000008001562                PendSV_Handler
 .text.SysTick_Handler
                0x0000000008001570        0xc ./Core/Src/stm32h7xx_it.o
                0x0000000008001570                SysTick_Handler
 .text.OTG_FS_IRQHandler
                0x000000000800157c       0x14 ./Core/Src/stm32h7xx_it.o
                0x000000000800157c                OTG_FS_IRQHandler
 .text._sbrk    0x0000000008001590       0x6c ./Core/Src/sysmem.o
                0x0000000008001590                _sbrk
 .text.SystemInit
                0x00000000080015fc      0x110 ./Core/Src/system_stm32h7xx.o
                0x00000000080015fc                SystemInit
 .text.Reset_Handler
                0x000000000800170c       0x50 ./Core/Startup/startup_stm32h750xbhx.o
                0x000000000800170c                Reset_Handler
 .text.Default_Handler
                0x000000000800175c        0x2 ./Core/Startup/startup_stm32h750xbhx.o
                0x000000000800175c                RTC_Alarm_IRQHandler
                0x000000000800175c                HASH_RNG_IRQHandler
                0x000000000800175c                EXTI2_IRQHandler
                0x000000000800175c                TIM8_CC_IRQHandler
                0x000000000800175c                HRTIM1_Master_IRQHandler
                0x000000000800175c                UART8_IRQHandler
                0x000000000800175c                SPI4_IRQHandler
                0x000000000800175c                TIM1_CC_IRQHandler
                0x000000000800175c                BDMA_Channel6_IRQHandler
                0x000000000800175c                DMA2_Stream5_IRQHandler
                0x000000000800175c                HRTIM1_FLT_IRQHandler
                0x000000000800175c                JPEG_IRQHandler
                0x000000000800175c                DMA1_Stream5_IRQHandler
                0x000000000800175c                BDMA_Channel1_IRQHandler
                0x000000000800175c                HRTIM1_TIMD_IRQHandler
                0x000000000800175c                TAMP_STAMP_IRQHandler
                0x000000000800175c                EXTI3_IRQHandler
                0x000000000800175c                LPTIM4_IRQHandler
                0x000000000800175c                TIM8_TRG_COM_TIM14_IRQHandler
                0x000000000800175c                LPTIM2_IRQHandler
                0x000000000800175c                DFSDM1_FLT1_IRQHandler
                0x000000000800175c                DMAMUX2_OVR_IRQHandler
                0x000000000800175c                TIM8_UP_TIM13_IRQHandler
                0x000000000800175c                I2C3_ER_IRQHandler
                0x000000000800175c                DFSDM1_FLT2_IRQHandler
                0x000000000800175c                MDMA_IRQHandler
                0x000000000800175c                LPTIM3_IRQHandler
                0x000000000800175c                HSEM1_IRQHandler
                0x000000000800175c                EXTI0_IRQHandler
                0x000000000800175c                I2C2_EV_IRQHandler
                0x000000000800175c                DMA1_Stream2_IRQHandler
                0x000000000800175c                FPU_IRQHandler
                0x000000000800175c                OTG_HS_WKUP_IRQHandler
                0x000000000800175c                FDCAN1_IT1_IRQHandler
                0x000000000800175c                LTDC_ER_IRQHandler
                0x000000000800175c                DMA2_Stream2_IRQHandler
                0x000000000800175c                HRTIM1_TIME_IRQHandler
                0x000000000800175c                SPI1_IRQHandler
                0x000000000800175c                TIM6_DAC_IRQHandler
                0x000000000800175c                DCMI_IRQHandler
                0x000000000800175c                HRTIM1_TIMC_IRQHandler
                0x000000000800175c                DMA2_Stream3_IRQHandler
                0x000000000800175c                SAI2_IRQHandler
                0x000000000800175c                DFSDM1_FLT3_IRQHandler
                0x000000000800175c                USART6_IRQHandler
                0x000000000800175c                TIM17_IRQHandler
                0x000000000800175c                USART3_IRQHandler
                0x000000000800175c                BDMA_Channel7_IRQHandler
                0x000000000800175c                CRYP_IRQHandler
                0x000000000800175c                LPTIM5_IRQHandler
                0x000000000800175c                UART5_IRQHandler
                0x000000000800175c                ADC3_IRQHandler
                0x000000000800175c                DMA2_Stream0_IRQHandler
                0x000000000800175c                TIM4_IRQHandler
                0x000000000800175c                BDMA_Channel2_IRQHandler
                0x000000000800175c                QUADSPI_IRQHandler
                0x000000000800175c                I2C1_EV_IRQHandler
                0x000000000800175c                DMA1_Stream6_IRQHandler
                0x000000000800175c                DMAMUX1_OVR_IRQHandler
                0x000000000800175c                DMA1_Stream1_IRQHandler
                0x000000000800175c                TIM16_IRQHandler
                0x000000000800175c                UART4_IRQHandler
                0x000000000800175c                BDMA_Channel5_IRQHandler
                0x000000000800175c                TIM3_IRQHandler
                0x000000000800175c                RCC_IRQHandler
                0x000000000800175c                TIM8_BRK_TIM12_IRQHandler
                0x000000000800175c                TIM1_TRG_COM_IRQHandler
                0x000000000800175c                Default_Handler
                0x000000000800175c                ECC_IRQHandler
                0x000000000800175c                CEC_IRQHandler
                0x000000000800175c                EXTI15_10_IRQHandler
                0x000000000800175c                BDMA_Channel0_IRQHandler
                0x000000000800175c                ADC_IRQHandler
                0x000000000800175c                DMA1_Stream7_IRQHandler
                0x000000000800175c                HRTIM1_TIMA_IRQHandler
                0x000000000800175c                SPI5_IRQHandler
                0x000000000800175c                TIM7_IRQHandler
                0x000000000800175c                SDMMC1_IRQHandler
                0x000000000800175c                TIM5_IRQHandler
                0x000000000800175c                DMA2_Stream7_IRQHandler
                0x000000000800175c                TIM15_IRQHandler
                0x000000000800175c                PVD_AVD_IRQHandler
                0x000000000800175c                I2C3_EV_IRQHandler
                0x000000000800175c                EXTI9_5_IRQHandler
                0x000000000800175c                RTC_WKUP_IRQHandler
                0x000000000800175c                LTDC_IRQHandler
                0x000000000800175c                SAI3_IRQHandler
                0x000000000800175c                ETH_WKUP_IRQHandler
                0x000000000800175c                SPDIF_RX_IRQHandler
                0x000000000800175c                SPI2_IRQHandler
                0x000000000800175c                OTG_HS_EP1_IN_IRQHandler
                0x000000000800175c                DMA1_Stream0_IRQHandler
                0x000000000800175c                CRS_IRQHandler
                0x000000000800175c                EXTI4_IRQHandler
                0x000000000800175c                HRTIM1_TIMB_IRQHandler
                0x000000000800175c                FDCAN2_IT1_IRQHandler
                0x000000000800175c                ETH_IRQHandler
                0x000000000800175c                TIM1_UP_IRQHandler
                0x000000000800175c                BDMA_Channel4_IRQHandler
                0x000000000800175c                OTG_HS_EP1_OUT_IRQHandler
                0x000000000800175c                WWDG_IRQHandler
                0x000000000800175c                SPI6_IRQHandler
                0x000000000800175c                MDIOS_IRQHandler
                0x000000000800175c                I2C4_EV_IRQHandler
                0x000000000800175c                FDCAN2_IT0_IRQHandler
                0x000000000800175c                LPUART1_IRQHandler
                0x000000000800175c                FDCAN1_IT0_IRQHandler
                0x000000000800175c                TIM2_IRQHandler
                0x000000000800175c                OTG_FS_WKUP_IRQHandler
                0x000000000800175c                OTG_HS_IRQHandler
                0x000000000800175c                DMA2D_IRQHandler
                0x000000000800175c                TIM1_BRK_IRQHandler
                0x000000000800175c                EXTI1_IRQHandler
                0x000000000800175c                SDMMC2_IRQHandler
                0x000000000800175c                OTG_FS_EP1_OUT_IRQHandler
                0x000000000800175c                BDMA_Channel3_IRQHandler
                0x000000000800175c                UART7_IRQHandler
                0x000000000800175c                MDIOS_WKUP_IRQHandler
                0x000000000800175c                USART2_IRQHandler
                0x000000000800175c                DFSDM1_FLT0_IRQHandler
                0x000000000800175c                SAI4_IRQHandler
                0x000000000800175c                I2C2_ER_IRQHandler
                0x000000000800175c                DMA2_Stream1_IRQHandler
                0x000000000800175c                FLASH_IRQHandler
                0x000000000800175c                DMA2_Stream4_IRQHandler
                0x000000000800175c                USART1_IRQHandler
                0x000000000800175c                SPI3_IRQHandler
                0x000000000800175c                WAKEUP_PIN_IRQHandler
                0x000000000800175c                DMA1_Stream4_IRQHandler
                0x000000000800175c                OTG_FS_EP1_IN_IRQHandler
                0x000000000800175c                I2C1_ER_IRQHandler
                0x000000000800175c                FMC_IRQHandler
                0x000000000800175c                FDCAN_CAL_IRQHandler
                0x000000000800175c                SWPMI1_IRQHandler
                0x000000000800175c                COMP1_IRQHandler
                0x000000000800175c                LPTIM1_IRQHandler
                0x000000000800175c                I2C4_ER_IRQHandler
                0x000000000800175c                DMA2_Stream6_IRQHandler
                0x000000000800175c                SAI1_IRQHandler
                0x000000000800175c                DMA1_Stream3_IRQHandler
 *fill*         0x000000000800175e        0x2 
 .text.HAL_Init
                0x0000000008001760       0x78 ./Drivers/STM32H7xx_HAL_Driver/Src/stm32h7xx_hal.o
                0x0000000008001760                HAL_Init
 .text.HAL_InitTick
                0x00000000080017d8       0x6c ./Drivers/STM32H7xx_HAL_Driver/Src/stm32h7xx_hal.o
                0x00000000080017d8                HAL_InitTick
 .text.HAL_IncTick
                0x0000000008001844       0x28 ./Drivers/STM32H7xx_HAL_Driver/Src/stm32h7xx_hal.o
                0x0000000008001844                HAL_IncTick
 .text.HAL_GetTick
                0x000000000800186c       0x18 ./Drivers/STM32H7xx_HAL_Driver/Src/stm32h7xx_hal.o
                0x000000000800186c                HAL_GetTick
 .text.HAL_Delay
                0x0000000008001884       0x48 ./Drivers/STM32H7xx_HAL_Driver/Src/stm32h7xx_hal.o
                0x0000000008001884                HAL_Delay
 .text.HAL_GetREVID
                0x00000000080018cc       0x18 ./Drivers/STM32H7xx_HAL_Driver/Src/stm32h7xx_hal.o
                0x00000000080018cc                HAL_GetREVID
 .text.HAL_SYSCFG_AnalogSwitchConfig
                0x00000000080018e4       0x2c ./Drivers/STM32H7xx_HAL_Driver/Src/stm32h7xx_hal.o
                0x00000000080018e4                HAL_SYSCFG_AnalogSwitchConfig
 .text.LL_ADC_SetCommonClock
                0x0000000008001910       0x26 ./Drivers/STM32H7xx_HAL_Driver/Src/stm32h7xx_hal_adc.o
 .text.LL_ADC_SetCommonPathInternalCh
                0x0000000008001936       0x26 ./Drivers/STM32H7xx_HAL_Driver/Src/stm32h7xx_hal_adc.o
 .text.LL_ADC_GetCommonPathInternalCh
                0x000000000800195c       0x1c ./Drivers/STM32H7xx_HAL_Driver/Src/stm32h7xx_hal_adc.o
 .text.LL_ADC_SetOffset
                0x0000000008001978       0x40 ./Drivers/STM32H7xx_HAL_Driver/Src/stm32h7xx_hal_adc.o
 .text.LL_ADC_SetDataRightShift
                0x00000000080019b8       0x32 ./Drivers/STM32H7xx_HAL_Driver/Src/stm32h7xx_hal_adc.o
 .text.LL_ADC_SetOffsetSignedSaturation
                0x00000000080019ea       0x36 ./Drivers/STM32H7xx_HAL_Driver/Src/stm32h7xx_hal_adc.o
 .text.LL_ADC_REG_SetSequencerRanks
                0x0000000008001a20       0x58 ./Drivers/STM32H7xx_HAL_Driver/Src/stm32h7xx_hal_adc.o
 .text.LL_ADC_SetChannelSamplingTime
                0x0000000008001a78       0x56 ./Drivers/STM32H7xx_HAL_Driver/Src/stm32h7xx_hal_adc.o
 *fill*         0x0000000008001ace        0x2 
 .text.LL_ADC_SetChannelSingleDiff
                0x0000000008001ad0       0x48 ./Drivers/STM32H7xx_HAL_Driver/Src/stm32h7xx_hal_adc.o
 .text.LL_ADC_DisableDeepPowerDown
                0x0000000008001b18       0x24 ./Drivers/STM32H7xx_HAL_Driver/Src/stm32h7xx_hal_adc.o
 .text.LL_ADC_IsDeepPowerDownEnabled
                0x0000000008001b3c       0x28 ./Drivers/STM32H7xx_HAL_Driver/Src/stm32h7xx_hal_adc.o
 .text.LL_ADC_EnableInternalRegulator
                0x0000000008001b64       0x28 ./Drivers/STM32H7xx_HAL_Driver/Src/stm32h7xx_hal_adc.o
 .text.LL_ADC_IsInternalRegulatorEnabled
                0x0000000008001b8c       0x28 ./Drivers/STM32H7xx_HAL_Driver/Src/stm32h7xx_hal_adc.o
 .text.LL_ADC_IsEnabled
                0x0000000008001bb4       0x26 ./Drivers/STM32H7xx_HAL_Driver/Src/stm32h7xx_hal_adc.o
 .text.LL_ADC_REG_IsConversionOngoing
                0x0000000008001bda       0x26 ./Drivers/STM32H7xx_HAL_Driver/Src/stm32h7xx_hal_adc.o
 .text.LL_ADC_INJ_IsConversionOngoing
                0x0000000008001c00       0x26 ./Drivers/STM32H7xx_HAL_Driver/Src/stm32h7xx_hal_adc.o
 *fill*         0x0000000008001c26        0x2 
 .text.HAL_ADC_Init
                0x0000000008001c28      0x344 ./Drivers/STM32H7xx_HAL_Driver/Src/stm32h7xx_hal_adc.o
                0x0000000008001c28                HAL_ADC_Init
 .text.HAL_ADC_ConfigChannel
                0x0000000008001f6c      0x6a0 ./Drivers/STM32H7xx_HAL_Driver/Src/stm32h7xx_hal_adc.o
                0x0000000008001f6c                HAL_ADC_ConfigChannel
 .text.ADC_ConfigureBoostMode
                0x000000000800260c      0x218 ./Drivers/STM32H7xx_HAL_Driver/Src/stm32h7xx_hal_adc.o
                0x000000000800260c                ADC_ConfigureBoostMode
 .text.__NVIC_SetPriorityGrouping
                0x0000000008002824       0x48 ./Drivers/STM32H7xx_HAL_Driver/Src/stm32h7xx_hal_cortex.o
 .text.__NVIC_GetPriorityGrouping
                0x000000000800286c       0x1c ./Drivers/STM32H7xx_HAL_Driver/Src/stm32h7xx_hal_cortex.o
 .text.__NVIC_EnableIRQ
                0x0000000008002888       0x3c ./Drivers/STM32H7xx_HAL_Driver/Src/stm32h7xx_hal_cortex.o
 .text.__NVIC_SetPriority
                0x00000000080028c4       0x54 ./Drivers/STM32H7xx_HAL_Driver/Src/stm32h7xx_hal_cortex.o
 .text.NVIC_EncodePriority
                0x0000000008002918       0x66 ./Drivers/STM32H7xx_HAL_Driver/Src/stm32h7xx_hal_cortex.o
 *fill*         0x000000000800297e        0x2 
 .text.SysTick_Config
                0x0000000008002980       0x44 ./Drivers/STM32H7xx_HAL_Driver/Src/stm32h7xx_hal_cortex.o
 .text.HAL_NVIC_SetPriorityGrouping
                0x00000000080029c4       0x16 ./Drivers/STM32H7xx_HAL_Driver/Src/stm32h7xx_hal_cortex.o
                0x00000000080029c4                HAL_NVIC_SetPriorityGrouping
 .text.HAL_NVIC_SetPriority
                0x00000000080029da       0x34 ./Drivers/STM32H7xx_HAL_Driver/Src/stm32h7xx_hal_cortex.o
                0x00000000080029da                HAL_NVIC_SetPriority
 .text.HAL_NVIC_EnableIRQ
                0x0000000008002a0e       0x1c ./Drivers/STM32H7xx_HAL_Driver/Src/stm32h7xx_hal_cortex.o
                0x0000000008002a0e                HAL_NVIC_EnableIRQ
 .text.HAL_SYSTICK_Config
                0x0000000008002a2a       0x18 ./Drivers/STM32H7xx_HAL_Driver/Src/stm32h7xx_hal_cortex.o
                0x0000000008002a2a                HAL_SYSTICK_Config
 *fill*         0x0000000008002a42        0x2 
 .text.HAL_GPIO_Init
                0x0000000008002a44      0x360 ./Drivers/STM32H7xx_HAL_Driver/Src/stm32h7xx_hal_gpio.o
                0x0000000008002a44                HAL_GPIO_Init
 .text.HAL_GPIO_WritePin
                0x0000000008002da4       0x32 ./Drivers/STM32H7xx_HAL_Driver/Src/stm32h7xx_hal_gpio.o
                0x0000000008002da4                HAL_GPIO_WritePin
 .text.HAL_PCD_Init
                0x0000000008002dd6      0x248 ./Drivers/STM32H7xx_HAL_Driver/Src/stm32h7xx_hal_pcd.o
                0x0000000008002dd6                HAL_PCD_Init
 .text.HAL_PCD_Start
                0x000000000800301e       0x6a ./Drivers/STM32H7xx_HAL_Driver/Src/stm32h7xx_hal_pcd.o
                0x000000000800301e                HAL_PCD_Start
 .text.HAL_PCD_IRQHandler
                0x0000000008003088      0x998 ./Drivers/STM32H7xx_HAL_Driver/Src/stm32h7xx_hal_pcd.o
                0x0000000008003088                HAL_PCD_IRQHandler
 .text.HAL_PCD_SetAddress
                0x0000000008003a20       0x4a ./Drivers/STM32H7xx_HAL_Driver/Src/stm32h7xx_hal_pcd.o
                0x0000000008003a20                HAL_PCD_SetAddress
 .text.HAL_PCD_EP_Open
                0x0000000008003a6a       0xd0 ./Drivers/STM32H7xx_HAL_Driver/Src/stm32h7xx_hal_pcd.o
                0x0000000008003a6a                HAL_PCD_EP_Open
 .text.HAL_PCD_EP_Close
                0x0000000008003b3a       0x94 ./Drivers/STM32H7xx_HAL_Driver/Src/stm32h7xx_hal_pcd.o
                0x0000000008003b3a                HAL_PCD_EP_Close
 .text.HAL_PCD_EP_Receive
                0x0000000008003bce       0x78 ./Drivers/STM32H7xx_HAL_Driver/Src/stm32h7xx_hal_pcd.o
                0x0000000008003bce                HAL_PCD_EP_Receive
 .text.HAL_PCD_EP_GetRxCount
                0x0000000008003c46       0x30 ./Drivers/STM32H7xx_HAL_Driver/Src/stm32h7xx_hal_pcd.o
                0x0000000008003c46                HAL_PCD_EP_GetRxCount
 .text.HAL_PCD_EP_Transmit
                0x0000000008003c76       0x76 ./Drivers/STM32H7xx_HAL_Driver/Src/stm32h7xx_hal_pcd.o
                0x0000000008003c76                HAL_PCD_EP_Transmit
 .text.HAL_PCD_EP_SetStall
                0x0000000008003cec       0xc8 ./Drivers/STM32H7xx_HAL_Driver/Src/stm32h7xx_hal_pcd.o
                0x0000000008003cec                HAL_PCD_EP_SetStall
 .text.HAL_PCD_EP_ClrStall
                0x0000000008003db4       0xac ./Drivers/STM32H7xx_HAL_Driver/Src/stm32h7xx_hal_pcd.o
                0x0000000008003db4                HAL_PCD_EP_ClrStall
 .text.HAL_PCD_EP_Abort
                0x0000000008003e60       0x62 ./Drivers/STM32H7xx_HAL_Driver/Src/stm32h7xx_hal_pcd.o
                0x0000000008003e60                HAL_PCD_EP_Abort
 .text.PCD_WriteEmptyTxFifo
                0x0000000008003ec2      0x11a ./Drivers/STM32H7xx_HAL_Driver/Src/stm32h7xx_hal_pcd.o
 .text.PCD_EP_OutXfrComplete_int
                0x0000000008003fdc      0x1d0 ./Drivers/STM32H7xx_HAL_Driver/Src/stm32h7xx_hal_pcd.o
 .text.PCD_EP_OutSetupPacket_int
                0x00000000080041ac       0x8c ./Drivers/STM32H7xx_HAL_Driver/Src/stm32h7xx_hal_pcd.o
 .text.HAL_PCDEx_SetTxFiFo
                0x0000000008004238       0x8e ./Drivers/STM32H7xx_HAL_Driver/Src/stm32h7xx_hal_pcd_ex.o
                0x0000000008004238                HAL_PCDEx_SetTxFiFo
 .text.HAL_PCDEx_SetRxFiFo
                0x00000000080042c6       0x22 ./Drivers/STM32H7xx_HAL_Driver/Src/stm32h7xx_hal_pcd_ex.o
                0x00000000080042c6                HAL_PCDEx_SetRxFiFo
 .text.HAL_PCDEx_ActivateLPM
                0x00000000080042e8       0x48 ./Drivers/STM32H7xx_HAL_Driver/Src/stm32h7xx_hal_pcd_ex.o
                0x00000000080042e8                HAL_PCDEx_ActivateLPM
 .text.HAL_PCDEx_LPM_Callback
                0x0000000008004330       0x18 ./Drivers/STM32H7xx_HAL_Driver/Src/stm32h7xx_hal_pcd_ex.o
                0x0000000008004330                HAL_PCDEx_LPM_Callback
 .text.HAL_PWREx_ConfigSupply
                0x0000000008004348       0x74 ./Drivers/STM32H7xx_HAL_Driver/Src/stm32h7xx_hal_pwr_ex.o
                0x0000000008004348                HAL_PWREx_ConfigSupply
 .text.HAL_PWREx_EnableUSBVoltageDetector
                0x00000000080043bc       0x20 ./Drivers/STM32H7xx_HAL_Driver/Src/stm32h7xx_hal_pwr_ex.o
                0x00000000080043bc                HAL_PWREx_EnableUSBVoltageDetector
 .text.HAL_RCC_OscConfig
                0x00000000080043dc      0x8b4 ./Drivers/STM32H7xx_HAL_Driver/Src/stm32h7xx_hal_rcc.o
                0x00000000080043dc                HAL_RCC_OscConfig
 .text.HAL_RCC_ClockConfig
                0x0000000008004c90      0x36c ./Drivers/STM32H7xx_HAL_Driver/Src/stm32h7xx_hal_rcc.o
                0x0000000008004c90                HAL_RCC_ClockConfig
 .text.HAL_RCC_GetSysClockFreq
                0x0000000008004ffc      0x2f4 ./Drivers/STM32H7xx_HAL_Driver/Src/stm32h7xx_hal_rcc.o
                0x0000000008004ffc                HAL_RCC_GetSysClockFreq
 .text.HAL_RCC_GetHCLKFreq
                0x00000000080052f0       0x60 ./Drivers/STM32H7xx_HAL_Driver/Src/stm32h7xx_hal_rcc.o
                0x00000000080052f0                HAL_RCC_GetHCLKFreq
 .text.HAL_RCC_GetPCLK1Freq
                0x0000000008005350       0x2c ./Drivers/STM32H7xx_HAL_Driver/Src/stm32h7xx_hal_rcc.o
                0x0000000008005350                HAL_RCC_GetPCLK1Freq
 .text.HAL_RCCEx_PeriphCLKConfig
                0x000000000800537c     0x1414 ./Drivers/STM32H7xx_HAL_Driver/Src/stm32h7xx_hal_rcc_ex.o
                0x000000000800537c                HAL_RCCEx_PeriphCLKConfig
 .text.HAL_RCCEx_GetPeriphCLKFreq
                0x0000000008006790      0xb00 ./Drivers/STM32H7xx_HAL_Driver/Src/stm32h7xx_hal_rcc_ex.o
                0x0000000008006790                HAL_RCCEx_GetPeriphCLKFreq
 .text.HAL_RCCEx_GetD3PCLK1Freq
                0x0000000008007290       0x2c ./Drivers/STM32H7xx_HAL_Driver/Src/stm32h7xx_hal_rcc_ex.o
                0x0000000008007290                HAL_RCCEx_GetD3PCLK1Freq
 .text.HAL_RCCEx_GetPLL2ClockFreq
                0x00000000080072bc      0x2a8 ./Drivers/STM32H7xx_HAL_Driver/Src/stm32h7xx_hal_rcc_ex.o
                0x00000000080072bc                HAL_RCCEx_GetPLL2ClockFreq
 .text.HAL_RCCEx_GetPLL3ClockFreq
                0x0000000008007564      0x2a8 ./Drivers/STM32H7xx_HAL_Driver/Src/stm32h7xx_hal_rcc_ex.o
                0x0000000008007564                HAL_RCCEx_GetPLL3ClockFreq
 .text.HAL_RCCEx_GetPLL1ClockFreq
                0x000000000800780c      0x2a4 ./Drivers/STM32H7xx_HAL_Driver/Src/stm32h7xx_hal_rcc_ex.o
                0x000000000800780c                HAL_RCCEx_GetPLL1ClockFreq
 .text.RCCEx_PLL2_Config
                0x0000000008007ab0      0x164 ./Drivers/STM32H7xx_HAL_Driver/Src/stm32h7xx_hal_rcc_ex.o
 .text.RCCEx_PLL3_Config
                0x0000000008007c14      0x164 ./Drivers/STM32H7xx_HAL_Driver/Src/stm32h7xx_hal_rcc_ex.o
 .text.HAL_TIM_Base_Init
                0x0000000008007d78       0xae ./Drivers/STM32H7xx_HAL_Driver/Src/stm32h7xx_hal_tim.o
                0x0000000008007d78                HAL_TIM_Base_Init
 *fill*         0x0000000008007e26        0x2 
 .text.HAL_TIM_Base_Start
                0x0000000008007e28       0xe0 ./Drivers/STM32H7xx_HAL_Driver/Src/stm32h7xx_hal_tim.o
                0x0000000008007e28                HAL_TIM_Base_Start
 .text.TIM_Base_SetConfig
                0x0000000008007f08      0x134 ./Drivers/STM32H7xx_HAL_Driver/Src/stm32h7xx_hal_tim.o
                0x0000000008007f08                TIM_Base_SetConfig
 .text.USB_CoreInit
                0x000000000800803c       0xdc ./Drivers/STM32H7xx_HAL_Driver/Src/stm32h7xx_ll_usb.o
                0x000000000800803c                USB_CoreInit
 .text.USB_SetTurnaroundTime
                0x0000000008008118      0x144 ./Drivers/STM32H7xx_HAL_Driver/Src/stm32h7xx_ll_usb.o
                0x0000000008008118                USB_SetTurnaroundTime
 .text.USB_EnableGlobalInt
                0x000000000800825c       0x22 ./Drivers/STM32H7xx_HAL_Driver/Src/stm32h7xx_ll_usb.o
                0x000000000800825c                USB_EnableGlobalInt
 .text.USB_DisableGlobalInt
                0x000000000800827e       0x22 ./Drivers/STM32H7xx_HAL_Driver/Src/stm32h7xx_ll_usb.o
                0x000000000800827e                USB_DisableGlobalInt
 .text.USB_SetCurrentMode
                0x00000000080082a0       0x98 ./Drivers/STM32H7xx_HAL_Driver/Src/stm32h7xx_ll_usb.o
                0x00000000080082a0                USB_SetCurrentMode
 .text.USB_DevInit
                0x0000000008008338      0x2bc ./Drivers/STM32H7xx_HAL_Driver/Src/stm32h7xx_ll_usb.o
                0x0000000008008338                USB_DevInit
 .text.USB_FlushTxFifo
                0x00000000080085f4       0x68 ./Drivers/STM32H7xx_HAL_Driver/Src/stm32h7xx_ll_usb.o
                0x00000000080085f4                USB_FlushTxFifo
 .text.USB_FlushRxFifo
                0x000000000800865c       0x60 ./Drivers/STM32H7xx_HAL_Driver/Src/stm32h7xx_ll_usb.o
                0x000000000800865c                USB_FlushRxFifo
 .text.USB_SetDevSpeed
                0x00000000080086bc       0x32 ./Drivers/STM32H7xx_HAL_Driver/Src/stm32h7xx_ll_usb.o
                0x00000000080086bc                USB_SetDevSpeed
 .text.USB_GetDevSpeed
                0x00000000080086ee       0x4a ./Drivers/STM32H7xx_HAL_Driver/Src/stm32h7xx_ll_usb.o
                0x00000000080086ee                USB_GetDevSpeed
 .text.USB_ActivateEndpoint
                0x0000000008008738      0x110 ./Drivers/STM32H7xx_HAL_Driver/Src/stm32h7xx_ll_usb.o
                0x0000000008008738                USB_ActivateEndpoint
 .text.USB_DeactivateEndpoint
                0x0000000008008848      0x1b8 ./Drivers/STM32H7xx_HAL_Driver/Src/stm32h7xx_ll_usb.o
                0x0000000008008848                USB_DeactivateEndpoint
 .text.USB_EPStartXfer
                0x0000000008008a00      0x540 ./Drivers/STM32H7xx_HAL_Driver/Src/stm32h7xx_ll_usb.o
                0x0000000008008a00                USB_EPStartXfer
 .text.USB_EPStopXfer
                0x0000000008008f40      0x154 ./Drivers/STM32H7xx_HAL_Driver/Src/stm32h7xx_ll_usb.o
                0x0000000008008f40                USB_EPStopXfer
 .text.USB_WritePacket
                0x0000000008009094       0x7c ./Drivers/STM32H7xx_HAL_Driver/Src/stm32h7xx_ll_usb.o
                0x0000000008009094                USB_WritePacket
 .text.USB_ReadPacket
                0x0000000008009110       0xb0 ./Drivers/STM32H7xx_HAL_Driver/Src/stm32h7xx_ll_usb.o
                0x0000000008009110                USB_ReadPacket
 .text.USB_EPSetStall
                0x00000000080091c0       0xdc ./Drivers/STM32H7xx_HAL_Driver/Src/stm32h7xx_ll_usb.o
                0x00000000080091c0                USB_EPSetStall
 .text.USB_EPClearStall
                0x000000000800929c       0xcc ./Drivers/STM32H7xx_HAL_Driver/Src/stm32h7xx_ll_usb.o
                0x000000000800929c                USB_EPClearStall
 .text.USB_SetDevAddress
                0x0000000008009368       0x4c ./Drivers/STM32H7xx_HAL_Driver/Src/stm32h7xx_ll_usb.o
                0x0000000008009368                USB_SetDevAddress
 .text.USB_DevConnect
                0x00000000080093b4       0x42 ./Drivers/STM32H7xx_HAL_Driver/Src/stm32h7xx_ll_usb.o
                0x00000000080093b4                USB_DevConnect
 .text.USB_DevDisconnect
                0x00000000080093f6       0x42 ./Drivers/STM32H7xx_HAL_Driver/Src/stm32h7xx_ll_usb.o
                0x00000000080093f6                USB_DevDisconnect
 .text.USB_ReadInterrupts
                0x0000000008009438       0x26 ./Drivers/STM32H7xx_HAL_Driver/Src/stm32h7xx_ll_usb.o
                0x0000000008009438                USB_ReadInterrupts
 .text.USB_ReadDevAllOutEpInterrupt
                0x000000000800945e       0x34 ./Drivers/STM32H7xx_HAL_Driver/Src/stm32h7xx_ll_usb.o
                0x000000000800945e                USB_ReadDevAllOutEpInterrupt
 .text.USB_ReadDevAllInEpInterrupt
                0x0000000008009492       0x34 ./Drivers/STM32H7xx_HAL_Driver/Src/stm32h7xx_ll_usb.o
                0x0000000008009492                USB_ReadDevAllInEpInterrupt
 .text.USB_ReadDevOutEPInterrupt
                0x00000000080094c6       0x3c ./Drivers/STM32H7xx_HAL_Driver/Src/stm32h7xx_ll_usb.o
                0x00000000080094c6                USB_ReadDevOutEPInterrupt
 .text.USB_ReadDevInEPInterrupt
                0x0000000008009502       0x5c ./Drivers/STM32H7xx_HAL_Driver/Src/stm32h7xx_ll_usb.o
                0x0000000008009502                USB_ReadDevInEPInterrupt
 .text.USB_GetMode
                0x000000000800955e       0x1c ./Drivers/STM32H7xx_HAL_Driver/Src/stm32h7xx_ll_usb.o
                0x000000000800955e                USB_GetMode
 *fill*         0x000000000800957a        0x2 
 .text.USB_ActivateSetup
                0x000000000800957c       0x48 ./Drivers/STM32H7xx_HAL_Driver/Src/stm32h7xx_ll_usb.o
                0x000000000800957c                USB_ActivateSetup
 .text.USB_EP0_OutStart
                0x00000000080095c4       0xbc ./Drivers/STM32H7xx_HAL_Driver/Src/stm32h7xx_ll_usb.o
                0x00000000080095c4                USB_EP0_OutStart
 .text.USB_CoreReset
                0x0000000008009680       0x68 ./Drivers/STM32H7xx_HAL_Driver/Src/stm32h7xx_ll_usb.o
 .text.USBD_CDC_Init
                0x00000000080096e8      0x1f0 ./Middlewares/ST/STM32_USB_Device_Library/Class/CDC/Src/usbd_cdc.o
 .text.USBD_CDC_DeInit
                0x00000000080098d8      0x104 ./Middlewares/ST/STM32_USB_Device_Library/Class/CDC/Src/usbd_cdc.o
 .text.USBD_CDC_Setup
                0x00000000080099dc      0x1b8 ./Middlewares/ST/STM32_USB_Device_Library/Class/CDC/Src/usbd_cdc.o
 .text.USBD_CDC_DataIn
                0x0000000008009b94       0xfe ./Middlewares/ST/STM32_USB_Device_Library/Class/CDC/Src/usbd_cdc.o
 .text.USBD_CDC_DataOut
                0x0000000008009c92       0x70 ./Middlewares/ST/STM32_USB_Device_Library/Class/CDC/Src/usbd_cdc.o
 .text.USBD_CDC_EP0_RxReady
                0x0000000008009d02       0x76 ./Middlewares/ST/STM32_USB_Device_Library/Class/CDC/Src/usbd_cdc.o
 .text.USBD_CDC_GetFSCfgDesc
                0x0000000008009d78       0x70 ./Middlewares/ST/STM32_USB_Device_Library/Class/CDC/Src/usbd_cdc.o
 .text.USBD_CDC_GetHSCfgDesc
                0x0000000008009de8       0x70 ./Middlewares/ST/STM32_USB_Device_Library/Class/CDC/Src/usbd_cdc.o
 .text.USBD_CDC_GetOtherSpeedCfgDesc
                0x0000000008009e58       0x70 ./Middlewares/ST/STM32_USB_Device_Library/Class/CDC/Src/usbd_cdc.o
 .text.USBD_CDC_GetDeviceQualifierDescriptor
                0x0000000008009ec8       0x20 ./Middlewares/ST/STM32_USB_Device_Library/Class/CDC/Src/usbd_cdc.o
                0x0000000008009ec8                USBD_CDC_GetDeviceQualifierDescriptor
 .text.USBD_CDC_RegisterInterface
                0x0000000008009ee8       0x34 ./Middlewares/ST/STM32_USB_Device_Library/Class/CDC/Src/usbd_cdc.o
                0x0000000008009ee8                USBD_CDC_RegisterInterface
 .text.USBD_CDC_SetTxBuffer
                0x0000000008009f1c       0x44 ./Middlewares/ST/STM32_USB_Device_Library/Class/CDC/Src/usbd_cdc.o
                0x0000000008009f1c                USBD_CDC_SetTxBuffer
 .text.USBD_CDC_SetRxBuffer
                0x0000000008009f60       0x3a ./Middlewares/ST/STM32_USB_Device_Library/Class/CDC/Src/usbd_cdc.o
                0x0000000008009f60                USBD_CDC_SetRxBuffer
 *fill*         0x0000000008009f9a        0x2 
 .text.USBD_CDC_TransmitPacket
                0x0000000008009f9c       0x80 ./Middlewares/ST/STM32_USB_Device_Library/Class/CDC/Src/usbd_cdc.o
                0x0000000008009f9c                USBD_CDC_TransmitPacket
 .text.USBD_CDC_ReceivePacket
                0x000000000800a01c       0x6c ./Middlewares/ST/STM32_USB_Device_Library/Class/CDC/Src/usbd_cdc.o
                0x000000000800a01c                USBD_CDC_ReceivePacket
 .text.USBD_Init
                0x000000000800a088       0x60 ./Middlewares/ST/STM32_USB_Device_Library/Core/Src/usbd_core.o
                0x000000000800a088                USBD_Init
 .text.USBD_RegisterClass
                0x000000000800a0e8       0x6c ./Middlewares/ST/STM32_USB_Device_Library/Core/Src/usbd_core.o
                0x000000000800a0e8                USBD_RegisterClass
 .text.USBD_Start
                0x000000000800a154       0x18 ./Middlewares/ST/STM32_USB_Device_Library/Core/Src/usbd_core.o
                0x000000000800a154                USBD_Start
 .text.USBD_RunTestMode
                0x000000000800a16c       0x16 ./Middlewares/ST/STM32_USB_Device_Library/Core/Src/usbd_core.o
                0x000000000800a16c                USBD_RunTestMode
 .text.USBD_SetClassConfig
                0x000000000800a182       0x38 ./Middlewares/ST/STM32_USB_Device_Library/Core/Src/usbd_core.o
                0x000000000800a182                USBD_SetClassConfig
 .text.USBD_ClrClassConfig
                0x000000000800a1ba       0x34 ./Middlewares/ST/STM32_USB_Device_Library/Core/Src/usbd_core.o
                0x000000000800a1ba                USBD_ClrClassConfig
 .text.USBD_LL_SetupStage
                0x000000000800a1ee       0xaa ./Middlewares/ST/STM32_USB_Device_Library/Core/Src/usbd_core.o
                0x000000000800a1ee                USBD_LL_SetupStage
 .text.USBD_LL_DataOutStage
                0x000000000800a298      0x166 ./Middlewares/ST/STM32_USB_Device_Library/Core/Src/usbd_core.o
                0x000000000800a298                USBD_LL_DataOutStage
 .text.USBD_LL_DataInStage
                0x000000000800a3fe      0x164 ./Middlewares/ST/STM32_USB_Device_Library/Core/Src/usbd_core.o
                0x000000000800a3fe                USBD_LL_DataInStage
 .text.USBD_LL_Reset
                0x000000000800a562       0xa4 ./Middlewares/ST/STM32_USB_Device_Library/Core/Src/usbd_core.o
                0x000000000800a562                USBD_LL_Reset
 .text.USBD_LL_SetSpeed
                0x000000000800a606       0x20 ./Middlewares/ST/STM32_USB_Device_Library/Core/Src/usbd_core.o
                0x000000000800a606                USBD_LL_SetSpeed
 .text.USBD_LL_Suspend
                0x000000000800a626       0x38 ./Middlewares/ST/STM32_USB_Device_Library/Core/Src/usbd_core.o
                0x000000000800a626                USBD_LL_Suspend
 .text.USBD_LL_Resume
                0x000000000800a65e       0x30 ./Middlewares/ST/STM32_USB_Device_Library/Core/Src/usbd_core.o
                0x000000000800a65e                USBD_LL_Resume
 .text.USBD_LL_SOF
                0x000000000800a68e       0x40 ./Middlewares/ST/STM32_USB_Device_Library/Core/Src/usbd_core.o
                0x000000000800a68e                USBD_LL_SOF
 .text.USBD_LL_IsoINIncomplete
                0x000000000800a6ce       0x64 ./Middlewares/ST/STM32_USB_Device_Library/Core/Src/usbd_core.o
                0x000000000800a6ce                USBD_LL_IsoINIncomplete
 .text.USBD_LL_IsoOUTIncomplete
                0x000000000800a732       0x64 ./Middlewares/ST/STM32_USB_Device_Library/Core/Src/usbd_core.o
                0x000000000800a732                USBD_LL_IsoOUTIncomplete
 .text.USBD_LL_DevConnected
                0x000000000800a796       0x16 ./Middlewares/ST/STM32_USB_Device_Library/Core/Src/usbd_core.o
                0x000000000800a796                USBD_LL_DevConnected
 .text.USBD_LL_DevDisconnected
                0x000000000800a7ac       0x46 ./Middlewares/ST/STM32_USB_Device_Library/Core/Src/usbd_core.o
                0x000000000800a7ac                USBD_LL_DevDisconnected
 .text.USBD_CoreFindIF
                0x000000000800a7f2       0x1a ./Middlewares/ST/STM32_USB_Device_Library/Core/Src/usbd_core.o
                0x000000000800a7f2                USBD_CoreFindIF
 .text.USBD_CoreFindEP
                0x000000000800a80c       0x1a ./Middlewares/ST/STM32_USB_Device_Library/Core/Src/usbd_core.o
                0x000000000800a80c                USBD_CoreFindEP
 .text.USBD_GetEpDesc
                0x000000000800a826       0x74 ./Middlewares/ST/STM32_USB_Device_Library/Core/Src/usbd_core.o
                0x000000000800a826                USBD_GetEpDesc
 .text.USBD_GetNextDesc
                0x000000000800a89a       0x3a ./Middlewares/ST/STM32_USB_Device_Library/Core/Src/usbd_core.o
                0x000000000800a89a                USBD_GetNextDesc
 .text.SWAPBYTE
                0x000000000800a8d4       0x3c ./Middlewares/ST/STM32_USB_Device_Library/Core/Src/usbd_ctlreq.o
 .text.USBD_StdDevReq
                0x000000000800a910       0xe4 ./Middlewares/ST/STM32_USB_Device_Library/Core/Src/usbd_ctlreq.o
                0x000000000800a910                USBD_StdDevReq
 .text.USBD_StdItfReq
                0x000000000800a9f4       0xd8 ./Middlewares/ST/STM32_USB_Device_Library/Core/Src/usbd_ctlreq.o
                0x000000000800a9f4                USBD_StdItfReq
 .text.USBD_StdEPReq
                0x000000000800aacc      0x33a ./Middlewares/ST/STM32_USB_Device_Library/Core/Src/usbd_ctlreq.o
                0x000000000800aacc                USBD_StdEPReq
 *fill*         0x000000000800ae06        0x2 
 .text.USBD_GetDescriptor
                0x000000000800ae08      0x2d4 ./Middlewares/ST/STM32_USB_Device_Library/Core/Src/usbd_ctlreq.o
 .text.USBD_SetAddress
                0x000000000800b0dc       0x88 ./Middlewares/ST/STM32_USB_Device_Library/Core/Src/usbd_ctlreq.o
 .text.USBD_SetConfig
                0x000000000800b164      0x154 ./Middlewares/ST/STM32_USB_Device_Library/Core/Src/usbd_ctlreq.o
 .text.USBD_GetConfig
                0x000000000800b2b8       0x6c ./Middlewares/ST/STM32_USB_Device_Library/Core/Src/usbd_ctlreq.o
 .text.USBD_GetStatus
                0x000000000800b324       0x68 ./Middlewares/ST/STM32_USB_Device_Library/Core/Src/usbd_ctlreq.o
 .text.USBD_SetFeature
                0x000000000800b38c       0x52 ./Middlewares/ST/STM32_USB_Device_Library/Core/Src/usbd_ctlreq.o
 .text.USBD_ClrFeature
                0x000000000800b3de       0x44 ./Middlewares/ST/STM32_USB_Device_Library/Core/Src/usbd_ctlreq.o
 .text.USBD_ParseSetupRequest
                0x000000000800b422       0x74 ./Middlewares/ST/STM32_USB_Device_Library/Core/Src/usbd_ctlreq.o
                0x000000000800b422                USBD_ParseSetupRequest
 .text.USBD_CtlError
                0x000000000800b496       0x22 ./Middlewares/ST/STM32_USB_Device_Library/Core/Src/usbd_ctlreq.o
                0x000000000800b496                USBD_CtlError
 .text.USBD_GetString
                0x000000000800b4b8       0x8c ./Middlewares/ST/STM32_USB_Device_Library/Core/Src/usbd_ctlreq.o
                0x000000000800b4b8                USBD_GetString
 .text.USBD_GetLen
                0x000000000800b544       0x34 ./Middlewares/ST/STM32_USB_Device_Library/Core/Src/usbd_ctlreq.o
 .text.USBD_CtlSendData
                0x000000000800b578       0x36 ./Middlewares/ST/STM32_USB_Device_Library/Core/Src/usbd_ioreq.o
                0x000000000800b578                USBD_CtlSendData
 .text.USBD_CtlContinueSendData
                0x000000000800b5ae       0x22 ./Middlewares/ST/STM32_USB_Device_Library/Core/Src/usbd_ioreq.o
                0x000000000800b5ae                USBD_CtlContinueSendData
 .text.USBD_CtlPrepareRx
                0x000000000800b5d0       0x3a ./Middlewares/ST/STM32_USB_Device_Library/Core/Src/usbd_ioreq.o
                0x000000000800b5d0                USBD_CtlPrepareRx
 .text.USBD_CtlContinueRx
                0x000000000800b60a       0x22 ./Middlewares/ST/STM32_USB_Device_Library/Core/Src/usbd_ioreq.o
                0x000000000800b60a                USBD_CtlContinueRx
 .text.USBD_CtlSendStatus
                0x000000000800b62c       0x26 ./Middlewares/ST/STM32_USB_Device_Library/Core/Src/usbd_ioreq.o
                0x000000000800b62c                USBD_CtlSendStatus
 .text.USBD_CtlReceiveStatus
                0x000000000800b652       0x26 ./Middlewares/ST/STM32_USB_Device_Library/Core/Src/usbd_ioreq.o
                0x000000000800b652                USBD_CtlReceiveStatus
 .text.MX_USB_DEVICE_Init
                0x000000000800b678       0x64 ./USB_DEVICE/App/usb_device.o
                0x000000000800b678                MX_USB_DEVICE_Init
 .text.CDC_Init_FS
                0x000000000800b6dc       0x28 ./USB_DEVICE/App/usbd_cdc_if.o
 .text.CDC_DeInit_FS
                0x000000000800b704       0x10 ./USB_DEVICE/App/usbd_cdc_if.o
 .text.CDC_Control_FS
                0x000000000800b714       0xbc ./USB_DEVICE/App/usbd_cdc_if.o
 .text.CDC_Receive_FS
                0x000000000800b7d0       0x28 ./USB_DEVICE/App/usbd_cdc_if.o
 .text.CDC_Transmit_FS
                0x000000000800b7f8       0x4c ./USB_DEVICE/App/usbd_cdc_if.o
                0x000000000800b7f8                CDC_Transmit_FS
 .text.CDC_TransmitCplt_FS
                0x000000000800b844       0x22 ./USB_DEVICE/App/usbd_cdc_if.o
 *fill*         0x000000000800b866        0x2 
 .text.USBD_FS_DeviceDescriptor
                0x000000000800b868       0x24 ./USB_DEVICE/App/usbd_desc.o
                0x000000000800b868                USBD_FS_DeviceDescriptor
 .text.USBD_FS_LangIDStrDescriptor
                0x000000000800b88c       0x24 ./USB_DEVICE/App/usbd_desc.o
                0x000000000800b88c                USBD_FS_LangIDStrDescriptor
 .text.USBD_FS_ProductStrDescriptor
                0x000000000800b8b0       0x3c ./USB_DEVICE/App/usbd_desc.o
                0x000000000800b8b0                USBD_FS_ProductStrDescriptor
 .text.USBD_FS_ManufacturerStrDescriptor
                0x000000000800b8ec       0x28 ./USB_DEVICE/App/usbd_desc.o
                0x000000000800b8ec                USBD_FS_ManufacturerStrDescriptor
 .text.USBD_FS_SerialStrDescriptor
                0x000000000800b914       0x24 ./USB_DEVICE/App/usbd_desc.o
                0x000000000800b914                USBD_FS_SerialStrDescriptor
 .text.USBD_FS_ConfigStrDescriptor
                0x000000000800b938       0x3c ./USB_DEVICE/App/usbd_desc.o
                0x000000000800b938                USBD_FS_ConfigStrDescriptor
 .text.USBD_FS_InterfaceStrDescriptor
                0x000000000800b974       0x3c ./USB_DEVICE/App/usbd_desc.o
                0x000000000800b974                USBD_FS_InterfaceStrDescriptor
 .text.Get_SerialNum
                0x000000000800b9b0       0x58 ./USB_DEVICE/App/usbd_desc.o
 .text.IntToUnicode
                0x000000000800ba08       0x7e ./USB_DEVICE/App/usbd_desc.o
 *fill*         0x000000000800ba86        0x2 
 .text.HAL_PCD_MspInit
                0x000000000800ba88       0xe8 ./USB_DEVICE/Target/usbd_conf.o
                0x000000000800ba88                HAL_PCD_MspInit
 .text.HAL_PCD_SetupStageCallback
                0x000000000800bb70       0x24 ./USB_DEVICE/Target/usbd_conf.o
                0x000000000800bb70                HAL_PCD_SetupStageCallback
 .text.HAL_PCD_DataOutStageCallback
                0x000000000800bb94       0x36 ./USB_DEVICE/Target/usbd_conf.o
                0x000000000800bb94                HAL_PCD_DataOutStageCallback
 .text.HAL_PCD_DataInStageCallback
                0x000000000800bbca       0x34 ./USB_DEVICE/Target/usbd_conf.o
                0x000000000800bbca                HAL_PCD_DataInStageCallback
 .text.HAL_PCD_SOFCallback
                0x000000000800bbfe       0x1c ./USB_DEVICE/Target/usbd_conf.o
                0x000000000800bbfe                HAL_PCD_SOFCallback
 .text.HAL_PCD_ResetCallback
                0x000000000800bc1a       0x50 ./USB_DEVICE/Target/usbd_conf.o
                0x000000000800bc1a                HAL_PCD_ResetCallback
 *fill*         0x000000000800bc6a        0x2 
 .text.HAL_PCD_SuspendCallback
                0x000000000800bc6c       0x4c ./USB_DEVICE/Target/usbd_conf.o
                0x000000000800bc6c                HAL_PCD_SuspendCallback
 .text.HAL_PCD_ResumeCallback
                0x000000000800bcb8       0x1c ./USB_DEVICE/Target/usbd_conf.o
                0x000000000800bcb8                HAL_PCD_ResumeCallback
 .text.HAL_PCD_ISOOUTIncompleteCallback
                0x000000000800bcd4       0x24 ./USB_DEVICE/Target/usbd_conf.o
                0x000000000800bcd4                HAL_PCD_ISOOUTIncompleteCallback
 .text.HAL_PCD_ISOINIncompleteCallback
                0x000000000800bcf8       0x24 ./USB_DEVICE/Target/usbd_conf.o
                0x000000000800bcf8                HAL_PCD_ISOINIncompleteCallback
 .text.HAL_PCD_ConnectCallback
                0x000000000800bd1c       0x1c ./USB_DEVICE/Target/usbd_conf.o
                0x000000000800bd1c                HAL_PCD_ConnectCallback
 .text.HAL_PCD_DisconnectCallback
                0x000000000800bd38       0x1c ./USB_DEVICE/Target/usbd_conf.o
                0x000000000800bd38                HAL_PCD_DisconnectCallback
 .text.USBD_LL_Init
                0x000000000800bd54       0xa0 ./USB_DEVICE/Target/usbd_conf.o
                0x000000000800bd54                USBD_LL_Init
 .text.USBD_LL_Start
                0x000000000800bdf4       0x36 ./USB_DEVICE/Target/usbd_conf.o
                0x000000000800bdf4                USBD_LL_Start
 .text.USBD_LL_OpenEP
                0x000000000800be2a       0x4c ./USB_DEVICE/Target/usbd_conf.o
                0x000000000800be2a                USBD_LL_OpenEP
 .text.USBD_LL_CloseEP
                0x000000000800be76       0x3e ./USB_DEVICE/Target/usbd_conf.o
                0x000000000800be76                USBD_LL_CloseEP
 .text.USBD_LL_StallEP
                0x000000000800beb4       0x3e ./USB_DEVICE/Target/usbd_conf.o
                0x000000000800beb4                USBD_LL_StallEP
 .text.USBD_LL_ClearStallEP
                0x000000000800bef2       0x3e ./USB_DEVICE/Target/usbd_conf.o
                0x000000000800bef2                USBD_LL_ClearStallEP
 .text.USBD_LL_IsStallEP
                0x000000000800bf30       0x58 ./USB_DEVICE/Target/usbd_conf.o
                0x000000000800bf30                USBD_LL_IsStallEP
 .text.USBD_LL_SetUSBAddress
                0x000000000800bf88       0x3e ./USB_DEVICE/Target/usbd_conf.o
                0x000000000800bf88                USBD_LL_SetUSBAddress
 .text.USBD_LL_Transmit
                0x000000000800bfc6       0x42 ./USB_DEVICE/Target/usbd_conf.o
                0x000000000800bfc6                USBD_LL_Transmit
 .text.USBD_LL_PrepareReceive
                0x000000000800c008       0x42 ./USB_DEVICE/Target/usbd_conf.o
                0x000000000800c008                USBD_LL_PrepareReceive
 .text.USBD_LL_GetRxDataSize
                0x000000000800c04a       0x26 ./USB_DEVICE/Target/usbd_conf.o
                0x000000000800c04a                USBD_LL_GetRxDataSize
 .text.USBD_static_malloc
                0x000000000800c070       0x1c ./USB_DEVICE/Target/usbd_conf.o
                0x000000000800c070                USBD_static_malloc
 .text.USBD_static_free
                0x000000000800c08c       0x14 ./USB_DEVICE/Target/usbd_conf.o
                0x000000000800c08c                USBD_static_free
 .text.USBD_Get_USB_Status
                0x000000000800c0a0       0x58 ./USB_DEVICE/Target/usbd_conf.o
                0x000000000800c0a0                USBD_Get_USB_Status
 .text.neai_classification_init
                0x000000000800c0f8      0x14c ../NEAI_Lib/Lib\libneai.a(NanoEdgeAI.o)
                0x000000000800c0f8                neai_classification_init
 .text.neai_classification
                0x000000000800c244      0x330 ../NEAI_Lib/Lib\libneai.a(NanoEdgeAI.o)
                0x000000000800c244                neai_classification
 .text.__errno  0x000000000800c574        0xc f:/fri_novssd/stm32-cubeide/stm32cubeide_1.9.0/stm32cubeide/plugins/com.st.stm32cube.ide.mcu.externaltools.gnu-tools-for-stm32.10.3-2021.10.win32_1.0.200.202301161003/tools/bin/../lib/gcc/arm-none-eabi/10.3.1/../../../../arm-none-eabi/lib/thumb/v7e-m+dp/hard\libc_nano.a(lib_a-errno.o)
                0x000000000800c574                __errno
 .text.__libc_init_array
                0x000000000800c580       0x48 f:/fri_novssd/stm32-cubeide/stm32cubeide_1.9.0/stm32cubeide/plugins/com.st.stm32cube.ide.mcu.externaltools.gnu-tools-for-stm32.10.3-2021.10.win32_1.0.200.202301161003/tools/bin/../lib/gcc/arm-none-eabi/10.3.1/../../../../arm-none-eabi/lib/thumb/v7e-m+dp/hard\libc_nano.a(lib_a-init.o)
                0x000000000800c580                __libc_init_array
 .text.memset   0x000000000800c5c8       0x10 f:/fri_novssd/stm32-cubeide/stm32cubeide_1.9.0/stm32cubeide/plugins/com.st.stm32cube.ide.mcu.externaltools.gnu-tools-for-stm32.10.3-2021.10.win32_1.0.200.202301161003/tools/bin/../lib/gcc/arm-none-eabi/10.3.1/../../../../arm-none-eabi/lib/thumb/v7e-m+dp/hard\libc_nano.a(lib_a-memset.o)
                0x000000000800c5c8                memset
 .text.snprintf
                0x000000000800c5d8       0x68 f:/fri_novssd/stm32-cubeide/stm32cubeide_1.9.0/stm32cubeide/plugins/com.st.stm32cube.ide.mcu.externaltools.gnu-tools-for-stm32.10.3-2021.10.win32_1.0.200.202301161003/tools/bin/../lib/gcc/arm-none-eabi/10.3.1/../../../../arm-none-eabi/lib/thumb/v7e-m+dp/hard\libc_nano.a(lib_a-snprintf.o)
                0x000000000800c5d8                sniprintf
                0x000000000800c5d8                snprintf
 .text.__ssputs_r
                0x000000000800c640       0xb6 f:/fri_novssd/stm32-cubeide/stm32cubeide_1.9.0/stm32cubeide/plugins/com.st.stm32cube.ide.mcu.externaltools.gnu-tools-for-stm32.10.3-2021.10.win32_1.0.200.202301161003/tools/bin/../lib/gcc/arm-none-eabi/10.3.1/../../../../arm-none-eabi/lib/thumb/v7e-m+dp/hard\libc_nano.a(lib_a-nano-svfprintf.o)
                0x000000000800c640                __ssputs_r
 *fill*         0x000000000800c6f6        0x2 
 .text._svfprintf_r
                0x000000000800c6f8      0x200 f:/fri_novssd/stm32-cubeide/stm32cubeide_1.9.0/stm32cubeide/plugins/com.st.stm32cube.ide.mcu.externaltools.gnu-tools-for-stm32.10.3-2021.10.win32_1.0.200.202301161003/tools/bin/../lib/gcc/arm-none-eabi/10.3.1/../../../../arm-none-eabi/lib/thumb/v7e-m+dp/hard\libc_nano.a(lib_a-nano-svfprintf.o)
                0x000000000800c6f8                _svfiprintf_r
                0x000000000800c6f8                _svfprintf_r
 .text._printf_common
                0x000000000800c8f8       0xda f:/fri_novssd/stm32-cubeide/stm32cubeide_1.9.0/stm32cubeide/plugins/com.st.stm32cube.ide.mcu.externaltools.gnu-tools-for-stm32.10.3-2021.10.win32_1.0.200.202301161003/tools/bin/../lib/gcc/arm-none-eabi/10.3.1/../../../../arm-none-eabi/lib/thumb/v7e-m+dp/hard\libc_nano.a(lib_a-nano-vfprintf_i.o)
                0x000000000800c8f8                _printf_common
 *fill*         0x000000000800c9d2        0x2 
 .text._printf_i
                0x000000000800c9d4      0x24c f:/fri_novssd/stm32-cubeide/stm32cubeide_1.9.0/stm32cubeide/plugins/com.st.stm32cube.ide.mcu.externaltools.gnu-tools-for-stm32.10.3-2021.10.win32_1.0.200.202301161003/tools/bin/../lib/gcc/arm-none-eabi/10.3.1/../../../../arm-none-eabi/lib/thumb/v7e-m+dp/hard\libc_nano.a(lib_a-nano-vfprintf_i.o)
                0x000000000800c9d4                _printf_i
 .text.memcpy   0x000000000800cc20       0x1c f:/fri_novssd/stm32-cubeide/stm32cubeide_1.9.0/stm32cubeide/plugins/com.st.stm32cube.ide.mcu.externaltools.gnu-tools-for-stm32.10.3-2021.10.win32_1.0.200.202301161003/tools/bin/../lib/gcc/arm-none-eabi/10.3.1/../../../../arm-none-eabi/lib/thumb/v7e-m+dp/hard\libc_nano.a(lib_a-memcpy-stub.o)
                0x000000000800cc20                memcpy
 .text.memmove  0x000000000800cc3c       0x34 f:/fri_novssd/stm32-cubeide/stm32cubeide_1.9.0/stm32cubeide/plugins/com.st.stm32cube.ide.mcu.externaltools.gnu-tools-for-stm32.10.3-2021.10.win32_1.0.200.202301161003/tools/bin/../lib/gcc/arm-none-eabi/10.3.1/../../../../arm-none-eabi/lib/thumb/v7e-m+dp/hard\libc_nano.a(lib_a-memmove.o)
                0x000000000800cc3c                memmove
 .text._free_r  0x000000000800cc70       0x98 f:/fri_novssd/stm32-cubeide/stm32cubeide_1.9.0/stm32cubeide/plugins/com.st.stm32cube.ide.mcu.externaltools.gnu-tools-for-stm32.10.3-2021.10.win32_1.0.200.202301161003/tools/bin/../lib/gcc/arm-none-eabi/10.3.1/../../../../arm-none-eabi/lib/thumb/v7e-m+dp/hard\libc_nano.a(lib_a-nano-freer.o)
                0x000000000800cc70                _free_r
 .text.sbrk_aligned
                0x000000000800cd08       0x40 f:/fri_novssd/stm32-cubeide/stm32cubeide_1.9.0/stm32cubeide/plugins/com.st.stm32cube.ide.mcu.externaltools.gnu-tools-for-stm32.10.3-2021.10.win32_1.0.200.202301161003/tools/bin/../lib/gcc/arm-none-eabi/10.3.1/../../../../arm-none-eabi/lib/thumb/v7e-m+dp/hard\libc_nano.a(lib_a-nano-mallocr.o)
 .text._malloc_r
                0x000000000800cd48       0xe8 f:/fri_novssd/stm32-cubeide/stm32cubeide_1.9.0/stm32cubeide/plugins/com.st.stm32cube.ide.mcu.externaltools.gnu-tools-for-stm32.10.3-2021.10.win32_1.0.200.202301161003/tools/bin/../lib/gcc/arm-none-eabi/10.3.1/../../../../arm-none-eabi/lib/thumb/v7e-m+dp/hard\libc_nano.a(lib_a-nano-mallocr.o)
                0x000000000800cd48                _malloc_r
 .text._realloc_r
                0x000000000800ce30       0x5e f:/fri_novssd/stm32-cubeide/stm32cubeide_1.9.0/stm32cubeide/plugins/com.st.stm32cube.ide.mcu.externaltools.gnu-tools-for-stm32.10.3-2021.10.win32_1.0.200.202301161003/tools/bin/../lib/gcc/arm-none-eabi/10.3.1/../../../../arm-none-eabi/lib/thumb/v7e-m+dp/hard\libc_nano.a(lib_a-nano-reallocr.o)
                0x000000000800ce30                _realloc_r
 *fill*         0x000000000800ce8e        0x2 
 .text._sbrk_r  0x000000000800ce90       0x20 f:/fri_novssd/stm32-cubeide/stm32cubeide_1.9.0/stm32cubeide/plugins/com.st.stm32cube.ide.mcu.externaltools.gnu-tools-for-stm32.10.3-2021.10.win32_1.0.200.202301161003/tools/bin/../lib/gcc/arm-none-eabi/10.3.1/../../../../arm-none-eabi/lib/thumb/v7e-m+dp/hard\libc_nano.a(lib_a-sbrkr.o)
                0x000000000800ce90                _sbrk_r
 .text.__malloc_lock
                0x000000000800ceb0        0xc f:/fri_novssd/stm32-cubeide/stm32cubeide_1.9.0/stm32cubeide/plugins/com.st.stm32cube.ide.mcu.externaltools.gnu-tools-for-stm32.10.3-2021.10.win32_1.0.200.202301161003/tools/bin/../lib/gcc/arm-none-eabi/10.3.1/../../../../arm-none-eabi/lib/thumb/v7e-m+dp/hard\libc_nano.a(lib_a-mlock.o)
                0x000000000800ceb0                __malloc_lock
 .text.__malloc_unlock
                0x000000000800cebc        0xc f:/fri_novssd/stm32-cubeide/stm32cubeide_1.9.0/stm32cubeide/plugins/com.st.stm32cube.ide.mcu.externaltools.gnu-tools-for-stm32.10.3-2021.10.win32_1.0.200.202301161003/tools/bin/../lib/gcc/arm-none-eabi/10.3.1/../../../../arm-none-eabi/lib/thumb/v7e-m+dp/hard\libc_nano.a(lib_a-mlock.o)
                0x000000000800cebc                __malloc_unlock
 .text._malloc_usable_size_r
                0x000000000800cec8       0x10 f:/fri_novssd/stm32-cubeide/stm32cubeide_1.9.0/stm32cubeide/plugins/com.st.stm32cube.ide.mcu.externaltools.gnu-tools-for-stm32.10.3-2021.10.win32_1.0.200.202301161003/tools/bin/../lib/gcc/arm-none-eabi/10.3.1/../../../../arm-none-eabi/lib/thumb/v7e-m+dp/hard\libc_nano.a(lib_a-nano-msizer.o)
                0x000000000800cec8                _malloc_usable_size_r
 .text.__retarget_lock_acquire_recursive
                0x000000000800ced8        0x2 f:/fri_novssd/stm32-cubeide/stm32cubeide_1.9.0/stm32cubeide/plugins/com.st.stm32cube.ide.mcu.externaltools.gnu-tools-for-stm32.10.3-2021.10.win32_1.0.200.202301161003/tools/bin/../lib/gcc/arm-none-eabi/10.3.1/../../../../arm-none-eabi/lib/thumb/v7e-m+dp/hard\libc_nano.a(lib_a-lock.o)
                0x000000000800ced8                __retarget_lock_acquire_recursive
 .text.__retarget_lock_release_recursive
                0x000000000800ceda        0x2 f:/fri_novssd/stm32-cubeide/stm32cubeide_1.9.0/stm32cubeide/plugins/com.st.stm32cube.ide.mcu.externaltools.gnu-tools-for-stm32.10.3-2021.10.win32_1.0.200.202301161003/tools/bin/../lib/gcc/arm-none-eabi/10.3.1/../../../../arm-none-eabi/lib/thumb/v7e-m+dp/hard\libc_nano.a(lib_a-lock.o)
                0x000000000800ceda                __retarget_lock_release_recursive
 *fill*         0x000000000800cedc        0x4 
 .text.exp      0x000000000800cee0      0x1a4 f:/fri_novssd/stm32-cubeide/stm32cubeide_1.9.0/stm32cubeide/plugins/com.st.stm32cube.ide.mcu.externaltools.gnu-tools-for-stm32.10.3-2021.10.win32_1.0.200.202301161003/tools/bin/../lib/gcc/arm-none-eabi/10.3.1/../../../../arm-none-eabi/lib/thumb/v7e-m+dp/hard\libm.a(lib_a-exp.o)
                0x000000000800cee0                exp
 .text.with_errno
                0x000000000800d084       0x16 f:/fri_novssd/stm32-cubeide/stm32cubeide_1.9.0/stm32cubeide/plugins/com.st.stm32cube.ide.mcu.externaltools.gnu-tools-for-stm32.10.3-2021.10.win32_1.0.200.202301161003/tools/bin/../lib/gcc/arm-none-eabi/10.3.1/../../../../arm-none-eabi/lib/thumb/v7e-m+dp/hard\libm.a(lib_a-math_err.o)
 .text.xflow    0x000000000800d09a       0x22 f:/fri_novssd/stm32-cubeide/stm32cubeide_1.9.0/stm32cubeide/plugins/com.st.stm32cube.ide.mcu.externaltools.gnu-tools-for-stm32.10.3-2021.10.win32_1.0.200.202301161003/tools/bin/../lib/gcc/arm-none-eabi/10.3.1/../../../../arm-none-eabi/lib/thumb/v7e-m+dp/hard\libm.a(lib_a-math_err.o)
 *fill*         0x000000000800d0bc        0x4 
 .text.__math_uflow
                0x000000000800d0c0       0x10 f:/fri_novssd/stm32-cubeide/stm32cubeide_1.9.0/stm32cubeide/plugins/com.st.stm32cube.ide.mcu.externaltools.gnu-tools-for-stm32.10.3-2021.10.win32_1.0.200.202301161003/tools/bin/../lib/gcc/arm-none-eabi/10.3.1/../../../../arm-none-eabi/lib/thumb/v7e-m+dp/hard\libm.a(lib_a-math_err.o)
                0x000000000800d0c0                __math_uflow
 .text.__math_oflow
                0x000000000800d0d0       0x10 f:/fri_novssd/stm32-cubeide/stm32cubeide_1.9.0/stm32cubeide/plugins/com.st.stm32cube.ide.mcu.externaltools.gnu-tools-for-stm32.10.3-2021.10.win32_1.0.200.202301161003/tools/bin/../lib/gcc/arm-none-eabi/10.3.1/../../../../arm-none-eabi/lib/thumb/v7e-m+dp/hard\libm.a(lib_a-math_err.o)
                0x000000000800d0d0                __math_oflow
 .text.__math_check_uflow
                0x000000000800d0e0       0x12 f:/fri_novssd/stm32-cubeide/stm32cubeide_1.9.0/stm32cubeide/plugins/com.st.stm32cube.ide.mcu.externaltools.gnu-tools-for-stm32.10.3-2021.10.win32_1.0.200.202301161003/tools/bin/../lib/gcc/arm-none-eabi/10.3.1/../../../../arm-none-eabi/lib/thumb/v7e-m+dp/hard\libm.a(lib_a-math_err.o)
                0x000000000800d0e0                __math_check_uflow
 *fill*         0x000000000800d0f2        0x6 
 .text.__math_check_oflow
                0x000000000800d0f8       0x28 f:/fri_novssd/stm32-cubeide/stm32cubeide_1.9.0/stm32cubeide/plugins/com.st.stm32cube.ide.mcu.externaltools.gnu-tools-for-stm32.10.3-2021.10.win32_1.0.200.202301161003/tools/bin/../lib/gcc/arm-none-eabi/10.3.1/../../../../arm-none-eabi/lib/thumb/v7e-m+dp/hard\libm.a(lib_a-math_err.o)
                0x000000000800d0f8                __math_check_oflow
 *(.glue_7)
 .glue_7        0x000000000800d120        0x0 linker stubs
 *(.glue_7t)
 .glue_7t       0x000000000800d120        0x0 linker stubs
 *(.eh_frame)
 .eh_frame      0x000000000800d120        0x0 f:/fri_novssd/stm32-cubeide/stm32cubeide_1.9.0/stm32cubeide/plugins/com.st.stm32cube.ide.mcu.externaltools.gnu-tools-for-stm32.10.3-2021.10.win32_1.0.200.202301161003/tools/bin/../lib/gcc/arm-none-eabi/10.3.1/thumb/v7e-m+dp/hard/crtbegin.o
 *(.init)
 .init          0x000000000800d120        0x4 f:/fri_novssd/stm32-cubeide/stm32cubeide_1.9.0/stm32cubeide/plugins/com.st.stm32cube.ide.mcu.externaltools.gnu-tools-for-stm32.10.3-2021.10.win32_1.0.200.202301161003/tools/bin/../lib/gcc/arm-none-eabi/10.3.1/thumb/v7e-m+dp/hard/crti.o
                0x000000000800d120                _init
 .init          0x000000000800d124        0x8 f:/fri_novssd/stm32-cubeide/stm32cubeide_1.9.0/stm32cubeide/plugins/com.st.stm32cube.ide.mcu.externaltools.gnu-tools-for-stm32.10.3-2021.10.win32_1.0.200.202301161003/tools/bin/../lib/gcc/arm-none-eabi/10.3.1/thumb/v7e-m+dp/hard/crtn.o
 *(.fini)
 .fini          0x000000000800d12c        0x4 f:/fri_novssd/stm32-cubeide/stm32cubeide_1.9.0/stm32cubeide/plugins/com.st.stm32cube.ide.mcu.externaltools.gnu-tools-for-stm32.10.3-2021.10.win32_1.0.200.202301161003/tools/bin/../lib/gcc/arm-none-eabi/10.3.1/thumb/v7e-m+dp/hard/crti.o
                0x000000000800d12c                _fini
 .fini          0x000000000800d130        0x8 f:/fri_novssd/stm32-cubeide/stm32cubeide_1.9.0/stm32cubeide/plugins/com.st.stm32cube.ide.mcu.externaltools.gnu-tools-for-stm32.10.3-2021.10.win32_1.0.200.202301161003/tools/bin/../lib/gcc/arm-none-eabi/10.3.1/thumb/v7e-m+dp/hard/crtn.o
                0x000000000800d138                . = ALIGN (0x4)
                0x000000000800d138                _etext = .

.vfp11_veneer   0x000000000800d138        0x0
 .vfp11_veneer  0x000000000800d138        0x0 linker stubs

.v4_bx          0x000000000800d138        0x0
 .v4_bx         0x000000000800d138        0x0 linker stubs

.iplt           0x000000000800d138        0x0
 .iplt          0x000000000800d138        0x0 f:/fri_novssd/stm32-cubeide/stm32cubeide_1.9.0/stm32cubeide/plugins/com.st.stm32cube.ide.mcu.externaltools.gnu-tools-for-stm32.10.3-2021.10.win32_1.0.200.202301161003/tools/bin/../lib/gcc/arm-none-eabi/10.3.1/thumb/v7e-m+dp/hard/crtbegin.o

.rodata         0x000000000800d138      0xa08
                0x000000000800d138                . = ALIGN (0x4)
 *(.rodata)
 .rodata        0x000000000800d138       0xb2 ./Core/Src/main.o
 *fill*         0x000000000800d1ea        0x2 
 .rodata        0x000000000800d1ec       0x46 ./USB_DEVICE/App/usbd_desc.o
 *(.rodata*)
 *fill*         0x000000000800d232        0x2 
 .rodata.knowledge
                0x000000000800d234       0x58 ./Core/Src/main.o
                0x000000000800d234                knowledge
 .rodata.D1CorePrescTable
                0x000000000800d28c       0x10 ./Core/Src/system_stm32h7xx.o
                0x000000000800d28c                D1CorePrescTable
 .rodata._svfprintf_r.str1.1
                0x000000000800d29c       0x11 f:/fri_novssd/stm32-cubeide/stm32cubeide_1.9.0/stm32cubeide/plugins/com.st.stm32cube.ide.mcu.externaltools.gnu-tools-for-stm32.10.3-2021.10.win32_1.0.200.202301161003/tools/bin/../lib/gcc/arm-none-eabi/10.3.1/../../../../arm-none-eabi/lib/thumb/v7e-m+dp/hard\libc_nano.a(lib_a-nano-svfprintf.o)
 .rodata._printf_i.str1.1
                0x000000000800d2ad       0x22 f:/fri_novssd/stm32-cubeide/stm32cubeide_1.9.0/stm32cubeide/plugins/com.st.stm32cube.ide.mcu.externaltools.gnu-tools-for-stm32.10.3-2021.10.win32_1.0.200.202301161003/tools/bin/../lib/gcc/arm-none-eabi/10.3.1/../../../../arm-none-eabi/lib/thumb/v7e-m+dp/hard\libc_nano.a(lib_a-nano-vfprintf_i.o)
 *fill*         0x000000000800d2cf        0x1 
 .rodata.__exp_data
                0x000000000800d2d0      0x870 f:/fri_novssd/stm32-cubeide/stm32cubeide_1.9.0/stm32cubeide/plugins/com.st.stm32cube.ide.mcu.externaltools.gnu-tools-for-stm32.10.3-2021.10.win32_1.0.200.202301161003/tools/bin/../lib/gcc/arm-none-eabi/10.3.1/../../../../arm-none-eabi/lib/thumb/v7e-m+dp/hard\libm.a(lib_a-exp_data.o)
                0x000000000800d2d0                __exp_data
                0x000000000800db40                . = ALIGN (0x4)

.rel.dyn        0x000000000800db40        0x0
 .rel.iplt      0x000000000800db40        0x0 f:/fri_novssd/stm32-cubeide/stm32cubeide_1.9.0/stm32cubeide/plugins/com.st.stm32cube.ide.mcu.externaltools.gnu-tools-for-stm32.10.3-2021.10.win32_1.0.200.202301161003/tools/bin/../lib/gcc/arm-none-eabi/10.3.1/thumb/v7e-m+dp/hard/crtbegin.o

.ARM.extab
 *(.ARM.extab* .gnu.linkonce.armextab.*)

.ARM            0x000000000800db40        0x0
                0x000000000800db40                __exidx_start = .
 *(.ARM.exidx*)
                0x000000000800db40                __exidx_end = .

.preinit_array  0x000000000800db40        0x0
                0x000000000800db40                PROVIDE (__preinit_array_start = .)
 *(.preinit_array*)
                0x000000000800db40                PROVIDE (__preinit_array_end = .)

.init_array     0x000000000800db40        0x4
                0x000000000800db40                PROVIDE (__init_array_start = .)
 *(SORT_BY_NAME(.init_array.*))
 *(.init_array*)
 .init_array    0x000000000800db40        0x4 f:/fri_novssd/stm32-cubeide/stm32cubeide_1.9.0/stm32cubeide/plugins/com.st.stm32cube.ide.mcu.externaltools.gnu-tools-for-stm32.10.3-2021.10.win32_1.0.200.202301161003/tools/bin/../lib/gcc/arm-none-eabi/10.3.1/thumb/v7e-m+dp/hard/crtbegin.o
                0x000000000800db44                PROVIDE (__init_array_end = .)

.fini_array     0x000000000800db44        0x4
                [!provide]                        PROVIDE (__fini_array_start = .)
 *(SORT_BY_NAME(.fini_array.*))
 *(.fini_array*)
 .fini_array    0x000000000800db44        0x4 f:/fri_novssd/stm32-cubeide/stm32cubeide_1.9.0/stm32cubeide/plugins/com.st.stm32cube.ide.mcu.externaltools.gnu-tools-for-stm32.10.3-2021.10.win32_1.0.200.202301161003/tools/bin/../lib/gcc/arm-none-eabi/10.3.1/thumb/v7e-m+dp/hard/crtbegin.o
                [!provide]                        PROVIDE (__fini_array_end = .)
                0x000000000800db48                _sidata = LOADADDR (.data)

.data           0x0000000024000000      0x44c load address 0x000000000800db48
                0x0000000024000000                . = ALIGN (0x4)
                0x0000000024000000                _sdata = .
 *(.data)
 *(.data*)
 .data.numberOfDurations
                0x0000000024000000        0x4 ./Core/Src/main.o
                0x0000000024000000                numberOfDurations
 .data.testData
                0x0000000024000004      0x2e0 ./Core/Src/main.o
                0x0000000024000004                testData
 .data.sizeOfTestData
                0x00000000240002e4        0x4 ./Core/Src/main.o
                0x00000000240002e4                sizeOfTestData
 .data.SystemCoreClock
                0x00000000240002e8        0x4 ./Core/Src/system_stm32h7xx.o
                0x00000000240002e8                SystemCoreClock
 .data.SystemD2Clock
                0x00000000240002ec        0x4 ./Core/Src/system_stm32h7xx.o
                0x00000000240002ec                SystemD2Clock
 .data.uwTickPrio
                0x00000000240002f0        0x4 ./Drivers/STM32H7xx_HAL_Driver/Src/stm32h7xx_hal.o
                0x00000000240002f0                uwTickPrio
 .data.uwTickFreq
                0x00000000240002f4        0x1 ./Drivers/STM32H7xx_HAL_Driver/Src/stm32h7xx_hal.o
                0x00000000240002f4                uwTickFreq
 *fill*         0x00000000240002f5        0x3 
 .data.USBD_CDC_DeviceQualifierDesc
                0x00000000240002f8        0xa ./Middlewares/ST/STM32_USB_Device_Library/Class/CDC/Src/usbd_cdc.o
 *fill*         0x0000000024000302        0x2 
 .data.USBD_CDC
                0x0000000024000304       0x38 ./Middlewares/ST/STM32_USB_Device_Library/Class/CDC/Src/usbd_cdc.o
                0x0000000024000304                USBD_CDC
 .data.USBD_CDC_CfgDesc
                0x000000002400033c       0x43 ./Middlewares/ST/STM32_USB_Device_Library/Class/CDC/Src/usbd_cdc.o
 .data.CDCInEpAdd
                0x000000002400037f        0x1 ./Middlewares/ST/STM32_USB_Device_Library/Class/CDC/Src/usbd_cdc.o
 .data.CDCOutEpAdd
                0x0000000024000380        0x1 ./Middlewares/ST/STM32_USB_Device_Library/Class/CDC/Src/usbd_cdc.o
 .data.CDCCmdEpAdd
                0x0000000024000381        0x1 ./Middlewares/ST/STM32_USB_Device_Library/Class/CDC/Src/usbd_cdc.o
 *fill*         0x0000000024000382        0x2 
 .data.USBD_Interface_fops_FS
                0x0000000024000384       0x14 ./USB_DEVICE/App/usbd_cdc_if.o
                0x0000000024000384                USBD_Interface_fops_FS
 .data.FS_Desc  0x0000000024000398       0x1c ./USB_DEVICE/App/usbd_desc.o
                0x0000000024000398                FS_Desc
 .data.USBD_FS_DeviceDesc
                0x00000000240003b4       0x12 ./USB_DEVICE/App/usbd_desc.o
                0x00000000240003b4                USBD_FS_DeviceDesc
 *fill*         0x00000000240003c6        0x2 
 .data.USBD_LangIDDesc
                0x00000000240003c8        0x4 ./USB_DEVICE/App/usbd_desc.o
                0x00000000240003c8                USBD_LangIDDesc
 .data.USBD_StringSerial
                0x00000000240003cc       0x1a ./USB_DEVICE/App/usbd_desc.o
                0x00000000240003cc                USBD_StringSerial
 .data.funccclassifier7
                0x00000000240003e6        0x1 ../NEAI_Lib/Lib\libneai.a(NanoEdgeAI.o)
 *fill*         0x00000000240003e7        0x1 
 .data._impure_ptr
                0x00000000240003e8        0x4 f:/fri_novssd/stm32-cubeide/stm32cubeide_1.9.0/stm32cubeide/plugins/com.st.stm32cube.ide.mcu.externaltools.gnu-tools-for-stm32.10.3-2021.10.win32_1.0.200.202301161003/tools/bin/../lib/gcc/arm-none-eabi/10.3.1/../../../../arm-none-eabi/lib/thumb/v7e-m+dp/hard\libc_nano.a(lib_a-impure.o)
                0x00000000240003e8                _impure_ptr
 .data.impure_data
                0x00000000240003ec       0x60 f:/fri_novssd/stm32-cubeide/stm32cubeide_1.9.0/stm32cubeide/plugins/com.st.stm32cube.ide.mcu.externaltools.gnu-tools-for-stm32.10.3-2021.10.win32_1.0.200.202301161003/tools/bin/../lib/gcc/arm-none-eabi/10.3.1/../../../../arm-none-eabi/lib/thumb/v7e-m+dp/hard\libc_nano.a(lib_a-impure.o)
 *(.RamFunc)
 *(.RamFunc*)
                0x000000002400044c                . = ALIGN (0x4)
                0x000000002400044c                _edata = .

.igot.plt       0x000000002400044c        0x0 load address 0x000000000800df94
 .igot.plt      0x000000002400044c        0x0 f:/fri_novssd/stm32-cubeide/stm32cubeide_1.9.0/stm32cubeide/plugins/com.st.stm32cube.ide.mcu.externaltools.gnu-tools-for-stm32.10.3-2021.10.win32_1.0.200.202301161003/tools/bin/../lib/gcc/arm-none-eabi/10.3.1/thumb/v7e-m+dp/hard/crtbegin.o
                0x000000002400044c                . = ALIGN (0x4)

.bss            0x000000002400044c     0x1e40 load address 0x000000000800df94
                0x000000002400044c                _sbss = .
                0x000000002400044c                __bss_start__ = _sbss
 *(.bss)
 .bss           0x000000002400044c       0x1c f:/fri_novssd/stm32-cubeide/stm32cubeide_1.9.0/stm32cubeide/plugins/com.st.stm32cube.ide.mcu.externaltools.gnu-tools-for-stm32.10.3-2021.10.win32_1.0.200.202301161003/tools/bin/../lib/gcc/arm-none-eabi/10.3.1/thumb/v7e-m+dp/hard/crtbegin.o
 *(.bss*)
 .bss.input_user_buffer
                0x0000000024000468        0x4 ./Core/Src/main.o
                0x0000000024000468                input_user_buffer
 .bss.output_class_buffer
                0x000000002400046c        0xc ./Core/Src/main.o
                0x000000002400046c                output_class_buffer
 .bss.SendBuffer
                0x0000000024000478      0x100 ./Core/Src/main.o
                0x0000000024000478                SendBuffer
 .bss.counterOfTestData
                0x0000000024000578        0x4 ./Core/Src/main.o
                0x0000000024000578                counterOfTestData
 .bss.averageDurationValue
                0x000000002400057c        0x4 ./Core/Src/main.o
                0x000000002400057c                averageDurationValue
 .bss.countDurations
                0x0000000024000580        0x4 ./Core/Src/main.o
                0x0000000024000580                countDurations
 .bss.timestamp
                0x0000000024000584        0x4 ./Core/Src/main.o
                0x0000000024000584                timestamp
 .bss.hadc3     0x0000000024000588       0x64 ./Core/Src/main.o
                0x0000000024000588                hadc3
 .bss.htim16    0x00000000240005ec       0x4c ./Core/Src/main.o
                0x00000000240005ec                htim16
 .bss.__sbrk_heap_end
                0x0000000024000638        0x4 ./Core/Src/sysmem.o
 .bss.uwTick    0x000000002400063c        0x4 ./Drivers/STM32H7xx_HAL_Driver/Src/stm32h7xx_hal.o
                0x000000002400063c                uwTick
 .bss.cfgidx.0  0x0000000024000640        0x1 ./Middlewares/ST/STM32_USB_Device_Library/Core/Src/usbd_ctlreq.o
 *fill*         0x0000000024000641        0x3 
 .bss.hUsbDeviceFS
                0x0000000024000644      0x2dc ./USB_DEVICE/App/usb_device.o
                0x0000000024000644                hUsbDeviceFS
 .bss.UserRxBufferFS
                0x0000000024000920      0x800 ./USB_DEVICE/App/usbd_cdc_if.o
                0x0000000024000920                UserRxBufferFS
 .bss.UserTxBufferFS
                0x0000000024001120      0x800 ./USB_DEVICE/App/usbd_cdc_if.o
                0x0000000024001120                UserTxBufferFS
 .bss.USBD_StrDesc
                0x0000000024001920      0x200 ./USB_DEVICE/App/usbd_desc.o
                0x0000000024001920                USBD_StrDesc
 .bss.hpcd_USB_OTG_FS
                0x0000000024001b20      0x50c ./USB_DEVICE/Target/usbd_conf.o
                0x0000000024001b20                hpcd_USB_OTG_FS
 .bss.mem.0     0x000000002400202c      0x220 ./USB_DEVICE/Target/usbd_conf.o
 .bss.funccclassifier1
                0x000000002400224c        0x4 ../NEAI_Lib/Lib\libneai.a(NanoEdgeAI.o)
 .bss.varcclassifier65
                0x0000000024002250        0x4 ../NEAI_Lib/Lib\libneai.a(NanoEdgeAI.o)
 .bss.varcclassifier67
                0x0000000024002254        0x4 ../NEAI_Lib/Lib\libneai.a(NanoEdgeAI.o)
 .bss.varcclassifier71
                0x0000000024002258        0x6 ../NEAI_Lib/Lib\libneai.a(NanoEdgeAI.o)
 *fill*         0x000000002400225e        0x2 
 .bss.__malloc_free_list
                0x0000000024002260        0x4 f:/fri_novssd/stm32-cubeide/stm32cubeide_1.9.0/stm32cubeide/plugins/com.st.stm32cube.ide.mcu.externaltools.gnu-tools-for-stm32.10.3-2021.10.win32_1.0.200.202301161003/tools/bin/../lib/gcc/arm-none-eabi/10.3.1/../../../../arm-none-eabi/lib/thumb/v7e-m+dp/hard\libc_nano.a(lib_a-nano-mallocr.o)
                0x0000000024002260                __malloc_free_list
 .bss.__malloc_sbrk_start
                0x0000000024002264        0x4 f:/fri_novssd/stm32-cubeide/stm32cubeide_1.9.0/stm32cubeide/plugins/com.st.stm32cube.ide.mcu.externaltools.gnu-tools-for-stm32.10.3-2021.10.win32_1.0.200.202301161003/tools/bin/../lib/gcc/arm-none-eabi/10.3.1/../../../../arm-none-eabi/lib/thumb/v7e-m+dp/hard\libc_nano.a(lib_a-nano-mallocr.o)
                0x0000000024002264                __malloc_sbrk_start
 .bss.errno     0x0000000024002268        0x4 f:/fri_novssd/stm32-cubeide/stm32cubeide_1.9.0/stm32cubeide/plugins/com.st.stm32cube.ide.mcu.externaltools.gnu-tools-for-stm32.10.3-2021.10.win32_1.0.200.202301161003/tools/bin/../lib/gcc/arm-none-eabi/10.3.1/../../../../arm-none-eabi/lib/thumb/v7e-m+dp/hard\libc_nano.a(lib_a-reent.o)
                0x0000000024002268                errno
 .bss.__lock___malloc_recursive_mutex
                0x000000002400226c        0x1 f:/fri_novssd/stm32-cubeide/stm32cubeide_1.9.0/stm32cubeide/plugins/com.st.stm32cube.ide.mcu.externaltools.gnu-tools-for-stm32.10.3-2021.10.win32_1.0.200.202301161003/tools/bin/../lib/gcc/arm-none-eabi/10.3.1/../../../../arm-none-eabi/lib/thumb/v7e-m+dp/hard\libc_nano.a(lib_a-lock.o)
                0x000000002400226c                __lock___malloc_recursive_mutex
 *(COMMON)
 *fill*         0x000000002400226d        0x3 
 COMMON         0x0000000024002270       0x1c ../NEAI_Lib/Lib\libneai.a(NanoEdgeAI.o)
                0x0000000024002270                ptr_scaling_max
                0x0000000024002274                weights
                0x0000000024002278                ptr_pca_mtx
                0x000000002400227c                ptr_param_svm
                0x0000000024002280                ptr_scaling_min
                0x0000000024002284                rhos
                0x0000000024002288                ptr_pca_mean_vector
                0x000000002400228c                . = ALIGN (0x4)
                0x000000002400228c                _ebss = .
                0x000000002400228c                __bss_end__ = _ebss

._user_heap_stack
                0x000000002400228c      0x604 load address 0x000000000800df94
                0x0000000024002290                . = ALIGN (0x8)
 *fill*         0x000000002400228c        0x4 
                [!provide]                        PROVIDE (end = .)
                0x0000000024002290                PROVIDE (_end = .)
                0x0000000024002490                . = (. + _Min_Heap_Size)
 *fill*         0x0000000024002290      0x200 
                0x0000000024002890                . = (. + _Min_Stack_Size)
 *fill*         0x0000000024002490      0x400 
                0x0000000024002890                . = ALIGN (0x8)

/DISCARD/
 libc.a(*)
 libm.a(*)
 libgcc.a(*)

.ARM.attributes
                0x0000000000000000       0x2e
 *(.ARM.attributes)
 .ARM.attributes
                0x0000000000000000       0x1e f:/fri_novssd/stm32-cubeide/stm32cubeide_1.9.0/stm32cubeide/plugins/com.st.stm32cube.ide.mcu.externaltools.gnu-tools-for-stm32.10.3-2021.10.win32_1.0.200.202301161003/tools/bin/../lib/gcc/arm-none-eabi/10.3.1/thumb/v7e-m+dp/hard/crti.o
 .ARM.attributes
                0x000000000000001e       0x32 f:/fri_novssd/stm32-cubeide/stm32cubeide_1.9.0/stm32cubeide/plugins/com.st.stm32cube.ide.mcu.externaltools.gnu-tools-for-stm32.10.3-2021.10.win32_1.0.200.202301161003/tools/bin/../lib/gcc/arm-none-eabi/10.3.1/thumb/v7e-m+dp/hard/crtbegin.o
 .ARM.attributes
                0x0000000000000050       0x32 ./Core/Src/main.o
 .ARM.attributes
                0x0000000000000082       0x32 ./Core/Src/stm32h7xx_hal_msp.o
 .ARM.attributes
                0x00000000000000b4       0x32 ./Core/Src/stm32h7xx_it.o
 .ARM.attributes
                0x00000000000000e6       0x32 ./Core/Src/sysmem.o
 .ARM.attributes
                0x0000000000000118       0x32 ./Core/Src/system_stm32h7xx.o
 .ARM.attributes
                0x000000000000014a       0x21 ./Core/Startup/startup_stm32h750xbhx.o
 .ARM.attributes
                0x000000000000016b       0x32 ./Drivers/STM32H7xx_HAL_Driver/Src/stm32h7xx_hal.o
 .ARM.attributes
                0x000000000000019d       0x32 ./Drivers/STM32H7xx_HAL_Driver/Src/stm32h7xx_hal_adc.o
 .ARM.attributes
                0x00000000000001cf       0x32 ./Drivers/STM32H7xx_HAL_Driver/Src/stm32h7xx_hal_cortex.o
 .ARM.attributes
                0x0000000000000201       0x32 ./Drivers/STM32H7xx_HAL_Driver/Src/stm32h7xx_hal_gpio.o
 .ARM.attributes
                0x0000000000000233       0x32 ./Drivers/STM32H7xx_HAL_Driver/Src/stm32h7xx_hal_pcd.o
 .ARM.attributes
                0x0000000000000265       0x32 ./Drivers/STM32H7xx_HAL_Driver/Src/stm32h7xx_hal_pcd_ex.o
 .ARM.attributes
                0x0000000000000297       0x32 ./Drivers/STM32H7xx_HAL_Driver/Src/stm32h7xx_hal_pwr_ex.o
 .ARM.attributes
                0x00000000000002c9       0x32 ./Drivers/STM32H7xx_HAL_Driver/Src/stm32h7xx_hal_rcc.o
 .ARM.attributes
                0x00000000000002fb       0x32 ./Drivers/STM32H7xx_HAL_Driver/Src/stm32h7xx_hal_rcc_ex.o
 .ARM.attributes
                0x000000000000032d       0x32 ./Drivers/STM32H7xx_HAL_Driver/Src/stm32h7xx_hal_tim.o
 .ARM.attributes
                0x000000000000035f       0x32 ./Drivers/STM32H7xx_HAL_Driver/Src/stm32h7xx_ll_usb.o
 .ARM.attributes
                0x0000000000000391       0x32 ./Middlewares/ST/STM32_USB_Device_Library/Class/CDC/Src/usbd_cdc.o
 .ARM.attributes
                0x00000000000003c3       0x32 ./Middlewares/ST/STM32_USB_Device_Library/Core/Src/usbd_core.o
 .ARM.attributes
                0x00000000000003f5       0x32 ./Middlewares/ST/STM32_USB_Device_Library/Core/Src/usbd_ctlreq.o
 .ARM.attributes
                0x0000000000000427       0x32 ./Middlewares/ST/STM32_USB_Device_Library/Core/Src/usbd_ioreq.o
 .ARM.attributes
                0x0000000000000459       0x32 ./USB_DEVICE/App/usb_device.o
 .ARM.attributes
                0x000000000000048b       0x32 ./USB_DEVICE/App/usbd_cdc_if.o
 .ARM.attributes
                0x00000000000004bd       0x32 ./USB_DEVICE/App/usbd_desc.o
 .ARM.attributes
                0x00000000000004ef       0x32 ./USB_DEVICE/Target/usbd_conf.o
 .ARM.attributes
                0x0000000000000521       0x34 ../NEAI_Lib/Lib\libneai.a(NanoEdgeAI.o)
 .ARM.attributes
                0x0000000000000555       0x32 f:/fri_novssd/stm32-cubeide/stm32cubeide_1.9.0/stm32cubeide/plugins/com.st.stm32cube.ide.mcu.externaltools.gnu-tools-for-stm32.10.3-2021.10.win32_1.0.200.202301161003/tools/bin/../lib/gcc/arm-none-eabi/10.3.1/../../../../arm-none-eabi/lib/thumb/v7e-m+dp/hard\libc_nano.a(lib_a-errno.o)
 .ARM.attributes
                0x0000000000000587       0x32 f:/fri_novssd/stm32-cubeide/stm32cubeide_1.9.0/stm32cubeide/plugins/com.st.stm32cube.ide.mcu.externaltools.gnu-tools-for-stm32.10.3-2021.10.win32_1.0.200.202301161003/tools/bin/../lib/gcc/arm-none-eabi/10.3.1/../../../../arm-none-eabi/lib/thumb/v7e-m+dp/hard\libc_nano.a(lib_a-impure.o)
 .ARM.attributes
                0x00000000000005b9       0x32 f:/fri_novssd/stm32-cubeide/stm32cubeide_1.9.0/stm32cubeide/plugins/com.st.stm32cube.ide.mcu.externaltools.gnu-tools-for-stm32.10.3-2021.10.win32_1.0.200.202301161003/tools/bin/../lib/gcc/arm-none-eabi/10.3.1/../../../../arm-none-eabi/lib/thumb/v7e-m+dp/hard\libc_nano.a(lib_a-init.o)
 .ARM.attributes