F:/FRI_novSSD/Diploma/Diploma-GitHub/AlgoBuilder/Klasifikacijsko_drevo-Hoja_oseb/projekt/Project/Src/hci_tl_interface.c:89:9:HCI_TL_SPI_Init	48	static
F:/FRI_novSSD/Diploma/Diploma-GitHub/AlgoBuilder/Klasifikacijsko_drevo-Hoja_oseb/projekt/Project/Src/hci_tl_interface.c:138:9:HCI_TL_SPI_DeInit	8	static
F:/FRI_novSSD/Diploma/Diploma-GitHub/AlgoBuilder/Klasifikacijsko_drevo-Hoja_oseb/projekt/Project/Src/hci_tl_interface.c:152:9:HCI_TL_SPI_Reset	8	static
F:/FRI_novSSD/Diploma/Diploma-GitHub/AlgoBuilder/Klasifikacijsko_drevo-Hoja_oseb/projekt/Project/Src/hci_tl_interface.c:171:9:HCI_TL_SPI_Receive	40	static
F:/FRI_novSSD/Diploma/Diploma-GitHub/AlgoBuilder/Klasifikacijsko_drevo-Hoja_oseb/projekt/Project/Src/hci_tl_interface.c:232:9:HCI_TL_SPI_Send	48	static
F:/FRI_novSSD/Diploma/Diploma-GitHub/AlgoBuilder/Klasifikacijsko_drevo-Hoja_oseb/projekt/Project/Src/hci_tl_interface.c:324:6:hci_tl_lowlevel_init	40	static
F:/FRI_novSSD/Diploma/Diploma-GitHub/AlgoBuilder/Klasifikacijsko_drevo-Hoja_oseb/projekt/Project/Src/hci_tl_interface.c:364:6:hci_tl_lowlevel_isr	16	static
