F:/FRI_novSSD/Diploma/Diploma-GitHub/AlgoBuilder/Klasifikacijsko_drevo-Hoja_oseb/projekt/Project/Src/sensor_service.c:90:12:safe_aci_gatt_update_char_value	32	static
F:/FRI_novSSD/Diploma/Diploma-GitHub/AlgoBuilder/Klasifikacijsko_drevo-Hoja_oseb/projekt/Project/Src/sensor_service.c:116:6:aci_gatt_tx_pool_available_event	0	static
F:/FRI_novSSD/Diploma/Diploma-GitHub/AlgoBuilder/Klasifikacijsko_drevo-Hoja_oseb/projekt/Project/Src/sensor_service.c:126:6:setTMsgPointer	0	static
F:/FRI_novSSD/Diploma/Diploma-GitHub/AlgoBuilder/Klasifikacijsko_drevo-Hoja_oseb/projekt/Project/Src/sensor_service.c:136:12:Add_ALGOB_ServW2ST_Service	64	static
F:/FRI_novSSD/Diploma/Diploma-GitHub/AlgoBuilder/Klasifikacijsko_drevo-Hoja_oseb/projekt/Project/Src/sensor_service.c:177:12:ALGOB_Update	40	static
F:/FRI_novSSD/Diploma/Diploma-GitHub/AlgoBuilder/Klasifikacijsko_drevo-Hoja_oseb/projekt/Project/Src/sensor_service.c:190:12:ALGOB_COM_Update	40	static
F:/FRI_novSSD/Diploma/Diploma-GitHub/AlgoBuilder/Klasifikacijsko_drevo-Hoja_oseb/projekt/Project/Src/sensor_service.c:208:6:setConnectable	72	static
F:/FRI_novSSD/Diploma/Diploma-GitHub/AlgoBuilder/Klasifikacijsko_drevo-Hoja_oseb/projekt/Project/Src/sensor_service.c:254:6:setNotConnectable	0	static
F:/FRI_novSSD/Diploma/Diploma-GitHub/AlgoBuilder/Klasifikacijsko_drevo-Hoja_oseb/projekt/Project/Src/sensor_service.c:354:6:aci_gap_bond_lost_event	0	static
F:/FRI_novSSD/Diploma/Diploma-GitHub/AlgoBuilder/Klasifikacijsko_drevo-Hoja_oseb/projekt/Project/Src/sensor_service.c:368:6:aci_gap_pairing_complete_event	40	static
F:/FRI_novSSD/Diploma/Diploma-GitHub/AlgoBuilder/Klasifikacijsko_drevo-Hoja_oseb/projekt/Project/Src/sensor_service.c:392:6:aci_gap_pass_key_req_event	0	static
F:/FRI_novSSD/Diploma/Diploma-GitHub/AlgoBuilder/Klasifikacijsko_drevo-Hoja_oseb/projekt/Project/Src/sensor_service.c:413:6:aci_gap_numeric_comparison_value_event	0	static
F:/FRI_novSSD/Diploma/Diploma-GitHub/AlgoBuilder/Klasifikacijsko_drevo-Hoja_oseb/projekt/Project/Src/sensor_service.c:429:6:hci_encryption_change_event	0	static
F:/FRI_novSSD/Diploma/Diploma-GitHub/AlgoBuilder/Klasifikacijsko_drevo-Hoja_oseb/projekt/Project/Src/sensor_service.c:441:6:hci_le_connection_complete_event	8	static
F:/FRI_novSSD/Diploma/Diploma-GitHub/AlgoBuilder/Klasifikacijsko_drevo-Hoja_oseb/projekt/Project/Src/sensor_service.c:471:6:hci_disconnection_complete_event	0	static
F:/FRI_novSSD/Diploma/Diploma-GitHub/AlgoBuilder/Klasifikacijsko_drevo-Hoja_oseb/projekt/Project/Src/sensor_service.c:495:6:aci_gatt_read_permit_req_event	0	static
F:/FRI_novSSD/Diploma/Diploma-GitHub/AlgoBuilder/Klasifikacijsko_drevo-Hoja_oseb/projekt/Project/Src/sensor_service.c:509:6:aci_gatt_attribute_modified_event	16	static
F:/FRI_novSSD/Diploma/Diploma-GitHub/AlgoBuilder/Klasifikacijsko_drevo-Hoja_oseb/projekt/Project/Src/sensor_service.c:518:6:hci_read_remote_version_information_complete_event	0	static
F:/FRI_novSSD/Diploma/Diploma-GitHub/AlgoBuilder/Klasifikacijsko_drevo-Hoja_oseb/projekt/Project/Src/sensor_service.c:532:6:Printf_Data	280	static
