F:/FRI_novSSD/Diploma/Diploma-GitHub/AlgoBuilder/Klasifikacijsko_drevo-Hoja_oseb/projekt/Project/Src/usbd_conf.c:75:6:HAL_PCD_SetupStageCallback	0	static
F:/FRI_novSSD/Diploma/Diploma-GitHub/AlgoBuilder/Klasifikacijsko_drevo-Hoja_oseb/projekt/Project/Src/usbd_conf.c:86:6:HAL_PCD_DataOutStageCallback	0	static
F:/FRI_novSSD/Diploma/Diploma-GitHub/AlgoBuilder/Klasifikacijsko_drevo-Hoja_oseb/projekt/Project/Src/usbd_conf.c:97:6:HAL_PCD_DataInStageCallback	0	static
F:/FRI_novSSD/Diploma/Diploma-GitHub/AlgoBuilder/Klasifikacijsko_drevo-Hoja_oseb/projekt/Project/Src/usbd_conf.c:107:6:HAL_PCD_SOFCallback	0	static
F:/FRI_novSSD/Diploma/Diploma-GitHub/AlgoBuilder/Klasifikacijsko_drevo-Hoja_oseb/projekt/Project/Src/usbd_conf.c:117:6:HAL_PCD_ResetCallback	8	static
F:/FRI_novSSD/Diploma/Diploma-GitHub/AlgoBuilder/Klasifikacijsko_drevo-Hoja_oseb/projekt/Project/Src/usbd_conf.c:131:6:HAL_PCD_SuspendCallback	0	static
F:/FRI_novSSD/Diploma/Diploma-GitHub/AlgoBuilder/Klasifikacijsko_drevo-Hoja_oseb/projekt/Project/Src/usbd_conf.c:141:6:HAL_PCD_ResumeCallback	0	static
F:/FRI_novSSD/Diploma/Diploma-GitHub/AlgoBuilder/Klasifikacijsko_drevo-Hoja_oseb/projekt/Project/Src/usbd_conf.c:152:6:HAL_PCD_ISOOUTIncompleteCallback	0	static
F:/FRI_novSSD/Diploma/Diploma-GitHub/AlgoBuilder/Klasifikacijsko_drevo-Hoja_oseb/projekt/Project/Src/usbd_conf.c:163:6:HAL_PCD_ISOINIncompleteCallback	0	static
F:/FRI_novSSD/Diploma/Diploma-GitHub/AlgoBuilder/Klasifikacijsko_drevo-Hoja_oseb/projekt/Project/Src/usbd_conf.c:173:6:HAL_PCD_ConnectCallback	0	static
F:/FRI_novSSD/Diploma/Diploma-GitHub/AlgoBuilder/Klasifikacijsko_drevo-Hoja_oseb/projekt/Project/Src/usbd_conf.c:183:6:HAL_PCD_DisconnectCallback	0	static
F:/FRI_novSSD/Diploma/Diploma-GitHub/AlgoBuilder/Klasifikacijsko_drevo-Hoja_oseb/projekt/Project/Src/usbd_conf.c:198:20:USBD_LL_Init	16	static
F:/FRI_novSSD/Diploma/Diploma-GitHub/AlgoBuilder/Klasifikacijsko_drevo-Hoja_oseb/projekt/Project/Src/usbd_conf.c:241:20:USBD_LL_DeInit	8	static
F:/FRI_novSSD/Diploma/Diploma-GitHub/AlgoBuilder/Klasifikacijsko_drevo-Hoja_oseb/projekt/Project/Src/usbd_conf.c:252:20:USBD_LL_Start	8	static
F:/FRI_novSSD/Diploma/Diploma-GitHub/AlgoBuilder/Klasifikacijsko_drevo-Hoja_oseb/projekt/Project/Src/usbd_conf.c:263:20:USBD_LL_Stop	8	static
F:/FRI_novSSD/Diploma/Diploma-GitHub/AlgoBuilder/Klasifikacijsko_drevo-Hoja_oseb/projekt/Project/Src/usbd_conf.c:277:20:USBD_LL_OpenEP	8	static
F:/FRI_novSSD/Diploma/Diploma-GitHub/AlgoBuilder/Klasifikacijsko_drevo-Hoja_oseb/projekt/Project/Src/usbd_conf.c:296:20:USBD_LL_CloseEP	8	static
F:/FRI_novSSD/Diploma/Diploma-GitHub/AlgoBuilder/Klasifikacijsko_drevo-Hoja_oseb/projekt/Project/Src/usbd_conf.c:308:20:USBD_LL_FlushEP	8	static
F:/FRI_novSSD/Diploma/Diploma-GitHub/AlgoBuilder/Klasifikacijsko_drevo-Hoja_oseb/projekt/Project/Src/usbd_conf.c:320:20:USBD_LL_StallEP	8	static
F:/FRI_novSSD/Diploma/Diploma-GitHub/AlgoBuilder/Klasifikacijsko_drevo-Hoja_oseb/projekt/Project/Src/usbd_conf.c:332:20:USBD_LL_ClearStallEP	8	static
F:/FRI_novSSD/Diploma/Diploma-GitHub/AlgoBuilder/Klasifikacijsko_drevo-Hoja_oseb/projekt/Project/Src/usbd_conf.c:344:9:USBD_LL_IsStallEP	0	static
F:/FRI_novSSD/Diploma/Diploma-GitHub/AlgoBuilder/Klasifikacijsko_drevo-Hoja_oseb/projekt/Project/Src/usbd_conf.c:364:20:USBD_LL_SetUSBAddress	8	static
F:/FRI_novSSD/Diploma/Diploma-GitHub/AlgoBuilder/Klasifikacijsko_drevo-Hoja_oseb/projekt/Project/Src/usbd_conf.c:378:20:USBD_LL_Transmit	8	static
F:/FRI_novSSD/Diploma/Diploma-GitHub/AlgoBuilder/Klasifikacijsko_drevo-Hoja_oseb/projekt/Project/Src/usbd_conf.c:395:20:USBD_LL_PrepareReceive	8	static
F:/FRI_novSSD/Diploma/Diploma-GitHub/AlgoBuilder/Klasifikacijsko_drevo-Hoja_oseb/projekt/Project/Src/usbd_conf.c:410:10:USBD_LL_GetRxDataSize	0	static
F:/FRI_novSSD/Diploma/Diploma-GitHub/AlgoBuilder/Klasifikacijsko_drevo-Hoja_oseb/projekt/Project/Src/usbd_conf.c:420:6:USBD_LL_Delay	0	static
