Archive member included to satisfy reference by file (symbol)

../../../../../Drivers/CMSIS/Lib/GCC\libarm_cortexM4l_math.a(arm_max_f32.o)
                              ./Example/AlgoBuilder/ab_fft.o (arm_max_f32)
../../../../../Drivers/CMSIS/Lib/GCC\libarm_cortexM4l_math.a(arm_rfft_fast_init_f32.o)
                              ./Example/AlgoBuilder/ab_fft.o (arm_rfft_fast_init_f32)
../../../../../Drivers/CMSIS/Lib/GCC\libarm_cortexM4l_math.a(arm_rfft_fast_f32.o)
                              ./Example/AlgoBuilder/ab_fft.o (arm_rfft_fast_f32)
../../../../../Drivers/CMSIS/Lib/GCC\libarm_cortexM4l_math.a(arm_cfft_f32.o)
                              ../../../../../Drivers/CMSIS/Lib/GCC\libarm_cortexM4l_math.a(arm_rfft_fast_f32.o) (arm_cfft_f32)
../../../../../Drivers/CMSIS/Lib/GCC\libarm_cortexM4l_math.a(arm_bitreversal2.o)
                              ../../../../../Drivers/CMSIS/Lib/GCC\libarm_cortexM4l_math.a(arm_cfft_f32.o) (arm_bitreversal_32)
../../../../../Drivers/CMSIS/Lib/GCC\libarm_cortexM4l_math.a(arm_fir_init_f32.o)
                              ./Example/AlgoBuilder/ab_signal.o (arm_fir_init_f32)
../../../../../Drivers/CMSIS/Lib/GCC\libarm_cortexM4l_math.a(arm_fir_f32.o)
                              ./Example/AlgoBuilder/ab_signal.o (arm_fir_f32)
../../../../../Drivers/CMSIS/Lib/GCC\libarm_cortexM4l_math.a(arm_biquad_cascade_df1_init_f32.o)
                              ./Example/AlgoBuilder/ab_signal.o (arm_biquad_cascade_df1_init_f32)
../../../../../Drivers/CMSIS/Lib/GCC\libarm_cortexM4l_math.a(arm_biquad_cascade_df1_f32.o)
                              ./Example/AlgoBuilder/ab_signal.o (arm_biquad_cascade_df1_f32)
../../../../../Drivers/CMSIS/Lib/GCC\libarm_cortexM4l_math.a(arm_cmplx_mag_f32.o)
                              ./Example/AlgoBuilder/ab_fft.o (arm_cmplx_mag_f32)
../../../../../Drivers/CMSIS/Lib/GCC\libarm_cortexM4l_math.a(arm_common_tables.o)
                              ../../../../../Drivers/CMSIS/Lib/GCC\libarm_cortexM4l_math.a(arm_rfft_fast_init_f32.o) (twiddleCoef_rfft_4096)
../../../../../Drivers/CMSIS/Lib/GCC\libarm_cortexM4l_math.a(arm_cfft_init_f32.o)
                              ../../../../../Drivers/CMSIS/Lib/GCC\libarm_cortexM4l_math.a(arm_rfft_fast_init_f32.o) (arm_cfft_init_f32)
../../../../../Drivers/CMSIS/Lib/GCC\libarm_cortexM4l_math.a(arm_cfft_radix8_f32.o)
                              ../../../../../Drivers/CMSIS/Lib/GCC\libarm_cortexM4l_math.a(arm_cfft_f32.o) (arm_radix8_butterfly_f32)
../../../../../Drivers/CMSIS/Lib/GCC\libarm_cortexM4l_math.a(arm_const_structs.o)
                              ../../../../../Drivers/CMSIS/Lib/GCC\libarm_cortexM4l_math.a(arm_cfft_init_f32.o) (arm_cfft_sR_f32_len4096)
f:/fri_novssd/stm32-cubeide/stm32cubeide_1.9.0/stm32cubeide/plugins/com.st.stm32cube.ide.mcu.externaltools.gnu-tools-for-stm32.10.3-2021.10.win32_1.0.200.202301161003/tools/bin/../lib/gcc/arm-none-eabi/10.3.1/../../../../arm-none-eabi/lib/thumb/v7e-m+fp/softfp\libm.a(lib_a-wf_sqrt.o)
                              ../../../../../Drivers/CMSIS/Lib/GCC\libarm_cortexM4l_math.a(arm_cmplx_mag_f32.o) (sqrtf)
f:/fri_novssd/stm32-cubeide/stm32cubeide_1.9.0/stm32cubeide/plugins/com.st.stm32cube.ide.mcu.externaltools.gnu-tools-for-stm32.10.3-2021.10.win32_1.0.200.202301161003/tools/bin/../lib/gcc/arm-none-eabi/10.3.1/../../../../arm-none-eabi/lib/thumb/v7e-m+fp/softfp\libm.a(lib_a-ef_sqrt.o)
                              f:/fri_novssd/stm32-cubeide/stm32cubeide_1.9.0/stm32cubeide/plugins/com.st.stm32cube.ide.mcu.externaltools.gnu-tools-for-stm32.10.3-2021.10.win32_1.0.200.202301161003/tools/bin/../lib/gcc/arm-none-eabi/10.3.1/../../../../arm-none-eabi/lib/thumb/v7e-m+fp/softfp\libm.a(lib_a-wf_sqrt.o) (__ieee754_sqrtf)
f:/fri_novssd/stm32-cubeide/stm32cubeide_1.9.0/stm32cubeide/plugins/com.st.stm32cube.ide.mcu.externaltools.gnu-tools-for-stm32.10.3-2021.10.win32_1.0.200.202301161003/tools/bin/../lib/gcc/arm-none-eabi/10.3.1/../../../../arm-none-eabi/lib/thumb/v7e-m+fp/softfp\libc.a(lib_a-atoi.o)
                              ./Example/AlgoBuilder/ab_display.o (atoi)
f:/fri_novssd/stm32-cubeide/stm32cubeide_1.9.0/stm32cubeide/plugins/com.st.stm32cube.ide.mcu.externaltools.gnu-tools-for-stm32.10.3-2021.10.win32_1.0.200.202301161003/tools/bin/../lib/gcc/arm-none-eabi/10.3.1/../../../../arm-none-eabi/lib/thumb/v7e-m+fp/softfp\libc.a(lib_a-errno.o)
                              ./Example/SW4STM32/syscalls.o (__errno)
f:/fri_novssd/stm32-cubeide/stm32cubeide_1.9.0/stm32cubeide/plugins/com.st.stm32cube.ide.mcu.externaltools.gnu-tools-for-stm32.10.3-2021.10.win32_1.0.200.202301161003/tools/bin/../lib/gcc/arm-none-eabi/10.3.1/../../../../arm-none-eabi/lib/thumb/v7e-m+fp/softfp\libc.a(lib_a-exit.o)
[...]
Memory Configuration

Name             Origin             Length             Attributes
RAM              0x0000000020000000 0x00000000000a0000 xrw
FLASH            0x0000000008000000 0x000000000007c000 xr
*default*        0x0000000000000000 0xffffffffffffffff

Linker script and memory map

LOAD f:/fri_novssd/stm32-cubeide/stm32cubeide_1.9.0/stm32cubeide/plugins/com.st.stm32cube.ide.mcu.externaltools.gnu-tools-for-stm32.10.3-2021.10.win32_1.0.200.202301161003/tools/bin/../lib/gcc/arm-none-eabi/10.3.1/thumb/v7e-m+fp/softfp/crti.o
LOAD f:/fri_novssd/stm32-cubeide/stm32cubeide_1.9.0/stm32cubeide/plugins/com.st.stm32cube.ide.mcu.externaltools.gnu-tools-for-stm32.10.3-2021.10.win32_1.0.200.202301161003/tools/bin/../lib/gcc/arm-none-eabi/10.3.1/thumb/v7e-m+fp/softfp/crtbegin.o
LOAD f:/fri_novssd/stm32-cubeide/stm32cubeide_1.9.0/stm32cubeide/plugins/com.st.stm32cube.ide.mcu.externaltools.gnu-tools-for-stm32.10.3-2021.10.win32_1.0.200.202301161003/tools/bin/../lib/gcc/arm-none-eabi/10.3.1/../../../../arm-none-eabi/lib/thumb/v7e-m+fp/softfp/crt0.o
LOAD ./Drivers/BSP/Components/hts221.o
LOAD ./Drivers/BSP/Components/hts221_reg.o
LOAD ./Drivers/BSP/Components/lis2mdl.o
LOAD ./Drivers/BSP/Components/lis2mdl_reg.o
LOAD ./Drivers/BSP/Components/lps22hh.o
LOAD ./Drivers/BSP/Components/lps22hh_reg.o
LOAD ./Drivers/BSP/Components/lsm6dsox.o
LOAD ./Drivers/BSP/Components/lsm6dsox_reg.o
LOAD ./Drivers/BSP/SensorTile.box/SensorTile.box.o
LOAD ./Drivers/BSP/SensorTile.box/SensorTile.box_bus.o
LOAD ./Drivers/BSP/SensorTile.box/SensorTile.box_env_sensors.o
LOAD ./Drivers/BSP/SensorTile.box/SensorTile.box_env_sensors_ex.o
LOAD ./Drivers/BSP/SensorTile.box/SensorTile.box_motion_sensors.o
LOAD ./Drivers/BSP/SensorTile.box/SensorTile.box_motion_sensors_ex.o
LOAD ./Drivers/BSP/SensorTile.box/SensorTile.box_sd.o
LOAD ./Drivers/CMSIS/system_stm32l4xx.o
LOAD ./Drivers/STM32L4xx_HAL_Driver/stm32l4xx_hal.o
LOAD ./Drivers/STM32L4xx_HAL_Driver/stm32l4xx_hal_adc.o
LOAD ./Drivers/STM32L4xx_HAL_Driver/stm32l4xx_hal_adc_ex.o
LOAD ./Drivers/STM32L4xx_HAL_Driver/stm32l4xx_hal_cortex.o
LOAD ./Drivers/STM32L4xx_HAL_Driver/stm32l4xx_hal_dma.o
LOAD ./Drivers/STM32L4xx_HAL_Driver/stm32l4xx_hal_gpio.o
LOAD ./Drivers/STM32L4xx_HAL_Driver/stm32l4xx_hal_i2c.o
LOAD ./Drivers/STM32L4xx_HAL_Driver/stm32l4xx_hal_i2c_ex.o
LOAD ./Drivers/STM32L4xx_HAL_Driver/stm32l4xx_hal_pcd.o
LOAD ./Drivers/STM32L4xx_HAL_Driver/stm32l4xx_hal_pcd_ex.o
LOAD ./Drivers/STM32L4xx_HAL_Driver/stm32l4xx_hal_pwr.o
LOAD ./Drivers/STM32L4xx_HAL_Driver/stm32l4xx_hal_pwr_ex.o
LOAD ./Drivers/STM32L4xx_HAL_Driver/stm32l4xx_hal_rcc.o
LOAD ./Drivers/STM32L4xx_HAL_Driver/stm32l4xx_hal_rcc_ex.o
LOAD ./Drivers/STM32L4xx_HAL_Driver/stm32l4xx_hal_rtc.o
LOAD ./Drivers/STM32L4xx_HAL_Driver/stm32l4xx_hal_rtc_ex.o
LOAD ./Drivers/STM32L4xx_HAL_Driver/stm32l4xx_hal_sd.o
LOAD ./Drivers/STM32L4xx_HAL_Driver/stm32l4xx_hal_sd_ex.o
LOAD ./Drivers/STM32L4xx_HAL_Driver/stm32l4xx_hal_spi.o
LOAD ./Drivers/STM32L4xx_HAL_Driver/stm32l4xx_hal_tim.o
LOAD ./Drivers/STM32L4xx_HAL_Driver/stm32l4xx_hal_tim_ex.o
LOAD ./Drivers/STM32L4xx_HAL_Driver/stm32l4xx_ll_sdmmc.o
LOAD ./Drivers/STM32L4xx_HAL_Driver/stm32l4xx_ll_usb.o
LOAD ./Example/AlgoBuilder/ab_buffers.o
LOAD ./Example/AlgoBuilder/ab_display.o
LOAD ./Example/AlgoBuilder/ab_fft.o
LOAD ./Example/AlgoBuilder/ab_sensor_hub.o
LOAD ./Example/AlgoBuilder/ab_sequential_logic.o
LOAD ./Example/AlgoBuilder/ab_signal.o
LOAD ./Example/AlgoBuilder/ab_user_input.o
LOAD ./Example/SW4STM32/startup_stm32l4r9xx.o
LOAD ./Example/SW4STM32/syscalls.o
LOAD ./Example/User/algo_builder.o
LOAD ./Example/User/cube_hal_l4.o
LOAD ./Example/User/demo_serial.o
LOAD ./Example/User/fatfs.o
LOAD ./Example/User/main.o
LOAD ./Example/User/sd_diskio_SensorTile.box.o
LOAD ./Example/User/sensor_commands.o
LOAD ./Example/User/serial_protocol.o
LOAD ./Example/User/stm32l4xx_hal_msp.o
LOAD ./Example/User/stm32l4xx_it.o
LOAD ./Example/User/usbd_cdc_interface.o
LOAD ./Example/User/usbd_conf.o
LOAD ./Example/User/usbd_desc.o
LOAD ./Example/User/usbd_storage_if.o
LOAD ./Example/User/vcom.o
LOAD ./Middlewares/FatFs/Core/diskio.o
LOAD ./Middlewares/FatFs/Core/ff.o
LOAD ./Middlewares/FatFs/Core/ff_gen_drv.o
LOAD ./Middlewares/FatFs/Options/syscall.o
LOAD ./Middlewares/FatFs/Options/unicode.o
LOAD ./Middlewares/STM32_USBD_Library/Class/CDC/usbd_cdc.o
LOAD ./Middlewares/STM32_USBD_Library/Class/CDC_MSC/usbd_cdc_msc.o
LOAD ./Middlewares/STM32_USBD_Library/Class/MSC/usbd_msc.o
LOAD ./Middlewares/STM32_USBD_Library/Class/MSC/usbd_msc_bot.o
LOAD ./Middlewares/STM32_USBD_Library/Class/MSC/usbd_msc_data.o
LOAD ./Middlewares/STM32_USBD_Library/Class/MSC/usbd_msc_scsi.o
LOAD ./Middlewares/STM32_USBD_Library/Core/usbd_core.o
LOAD ./Middlewares/STM32_USBD_Library/Core/usbd_ctlreq.o
LOAD ./Middlewares/STM32_USBD_Library/Core/usbd_ioreq.o
LOAD ../../../../../Middlewares/ST/STM32_MotionAC_Library/Lib\MotionAC_CM4F_wc32_ot.a
LOAD ../../../../../Middlewares/ST/STM32_MotionAW_Library/Lib\MotionAW_CM4F_wc32_ot.a
LOAD ../../../../../Middlewares/ST/STM32_MotionEC_Library/Lib\MotionEC_CM4F_wc32_ot.a
LOAD ../../../../../Middlewares/ST/STM32_MotionFX_Library/Lib\MotionFX_CM4F_wc32_ot.a
LOAD ../../../../../Middlewares/ST/STM32_MotionGC_Library/Lib\MotionGC_CM4F_wc32_ot.a
LOAD ../../../../../Middlewares/ST/STM32_MotionID_Library/Lib\MotionID_CM4F_wc32_ot.a
LOAD ../../../../../Middlewares/ST/STM32_MotionMC_Library/Lib\MotionMC_CM4F_wc32_ot.a
LOAD ../../../../../Middlewares/ST/STM32_MotionPM_Library/Lib\MotionPM_CM4F_wc32_ot.a
LOAD ../../../../../Middlewares/ST/STM32_MotionPW_Library/Lib\MotionPW_CM4F_wc32_ot.a
LOAD ../../../../../Middlewares/ST/STM32_MotionTL_Library/Lib\MotionTL_CM4F_wc32_ot.a
LOAD ../../../../../Drivers/CMSIS/Lib/GCC\libarm_cortexM4l_math.a
LOAD f:/fri_novssd/stm32-cubeide/stm32cubeide_1.9.0/stm32cubeide/plugins/com.st.stm32cube.ide.mcu.externaltools.gnu-tools-for-stm32.10.3-2021.10.win32_1.0.200.202301161003/tools/bin/../lib/gcc/arm-none-eabi/10.3.1/../../../../arm-none-eabi/lib/thumb/v7e-m+fp/softfp\libm.a
LOAD f:/fri_novssd/stm32-cubeide/stm32cubeide_1.9.0/stm32cubeide/plugins/com.st.stm32cube.ide.mcu.externaltools.gnu-tools-for-stm32.10.3-2021.10.win32_1.0.200.202301161003/tools/bin/../lib/gcc/arm-none-eabi/10.3.1/../../../../arm-none-eabi/lib/thumb/v7e-m+fp/softfp\libc.a
START GROUP
LOAD f:/fri_novssd/stm32-cubeide/stm32cubeide_1.9.0/stm32cubeide/plugins/com.st.stm32cube.ide.mcu.externaltools.gnu-tools-for-stm32.10.3-2021.10.win32_1.0.200.202301161003/tools/bin/../lib/gcc/arm-none-eabi/10.3.1/../../../../arm-none-eabi/lib/thumb/v7e-m+fp/softfp\libc.a
LOAD f:/fri_novssd/stm32-cubeide/stm32cubeide_1.9.0/stm32cubeide/plugins/com.st.stm32cube.ide.mcu.externaltools.gnu-tools-for-stm32.10.3-2021.10.win32_1.0.200.202301161003/tools/bin/../lib/gcc/arm-none-eabi/10.3.1/../../../../arm-none-eabi/lib/thumb/v7e-m+fp/softfp\libm.a
END GROUP
START GROUP
LOAD f:/fri_novssd/stm32-cubeide/stm32cubeide_1.9.0/stm32cubeide/plugins/com.st.stm32cube.ide.mcu.externaltools.gnu-tools-for-stm32.10.3-2021.10.win32_1.0.200.202301161003/tools/bin/../lib/gcc/arm-none-eabi/10.3.1/thumb/v7e-m+fp/softfp\libgcc.a
LOAD f:/fri_novssd/stm32-cubeide/stm32cubeide_1.9.0/stm32cubeide/plugins/com.st.stm32cube.ide.mcu.externaltools.gnu-tools-for-stm32.10.3-2021.10.win32_1.0.200.202301161003/tools/bin/../lib/gcc/arm-none-eabi/10.3.1/../../../../arm-none-eabi/lib/thumb/v7e-m+fp/softfp\libc.a
END GROUP
LOAD f:/fri_novssd/stm32-cubeide/stm32cubeide_1.9.0/stm32cubeide/plugins/com.st.stm32cube.ide.mcu.externaltools.gnu-tools-for-stm32.10.3-2021.10.win32_1.0.200.202301161003/tools/bin/../lib/gcc/arm-none-eabi/10.3.1/thumb/v7e-m+fp/softfp/crtend.o
LOAD f:/fri_novssd/stm32-cubeide/stm32cubeide_1.9.0/stm32cubeide/plugins/com.st.stm32cube.ide.mcu.externaltools.gnu-tools-for-stm32.10.3-2021.10.win32_1.0.200.202301161003/tools/bin/../lib/gcc/arm-none-eabi/10.3.1/thumb/v7e-m+fp/softfp/crtn.o
                0x00000000200a0000                _estack = 0x200a0000
                0x0000000000000600                _Min_Heap_Size = 0x600
                0x0000000000008000                _Min_Stack_Size = 0x8000

.isr_vector     0x0000000008000000      0x1c0
                0x0000000008000000                . = ALIGN (0x8)
 *(.isr_vector)
 .isr_vector    0x0000000008000000      0x1bc ./Example/SW4STM32/startup_stm32l4r9xx.o
                0x0000000008000000                g_pfnVectors
                0x00000000080001c0                . = ALIGN (0x8)
 *fill*         0x00000000080001bc        0x4 

.text           0x00000000080001c0    0x193c8
                0x00000000080001c0                . = ALIGN (0x8)
 *(.text)
 .text          0x00000000080001c0       0x40 f:/fri_novssd/stm32-cubeide/stm32cubeide_1.9.0/stm32cubeide/plugins/com.st.stm32cube.ide.mcu.externaltools.gnu-tools-for-stm32.10.3-2021.10.win32_1.0.200.202301161003/tools/bin/../lib/gcc/arm-none-eabi/10.3.1/thumb/v7e-m+fp/softfp/crtbegin.o
 .text          0x0000000008000200       0x10 f:/fri_novssd/stm32-cubeide/stm32cubeide_1.9.0/stm32cubeide/plugins/com.st.stm32cube.ide.mcu.externaltools.gnu-tools-for-stm32.10.3-2021.10.win32_1.0.200.202301161003/tools/bin/../lib/gcc/arm-none-eabi/10.3.1/../../../../arm-none-eabi/lib/thumb/v7e-m+fp/softfp\libc.a(lib_a-strlen.o)
                0x0000000008000200                strlen
 .text          0x0000000008000210       0xa0 f:/fri_novssd/stm32-cubeide/stm32cubeide_1.9.0/stm32cubeide/plugins/com.st.stm32cube.ide.mcu.externaltools.gnu-tools-for-stm32.10.3-2021.10.win32_1.0.200.202301161003/tools/bin/../lib/gcc/arm-none-eabi/10.3.1/../../../../arm-none-eabi/lib/thumb/v7e-m+fp/softfp\libc.a(lib_a-memchr.o)
                0x0000000008000210                memchr
 .text          0x00000000080002b0      0x378 f:/fri_novssd/stm32-cubeide/stm32cubeide_1.9.0/stm32cubeide/plugins/com.st.stm32cube.ide.mcu.externaltools.gnu-tools-for-stm32.10.3-2021.10.win32_1.0.200.202301161003/tools/bin/../lib/gcc/arm-none-eabi/10.3.1/thumb/v7e-m+fp/softfp\libgcc.a(_arm_addsubdf3.o)
                0x00000000080002b0                __aeabi_drsub
                0x00000000080002b8                __aeabi_dsub
                0x00000000080002b8                __subdf3
                0x00000000080002bc                __aeabi_dadd
                0x00000000080002bc                __adddf3
                0x0000000008000534                __floatunsidf
                0x0000000008000534                __aeabi_ui2d
                0x0000000008000554                __floatsidf
                0x0000000008000554                __aeabi_i2d
                0x0000000008000578                __aeabi_f2d
                0x0000000008000578                __extendsfdf2
                0x00000000080005bc                __floatundidf
                0x00000000080005bc                __aeabi_ul2d
                0x00000000080005cc                __floatdidf
                0x00000000080005cc                __aeabi_l2d
 .text          0x0000000008000628      0x424 f:/fri_novssd/stm32-cubeide/stm32cubeide_1.9.0/stm32cubeide/plugins/com.st.stm32cube.ide.mcu.externaltools.gnu-tools-for-stm32.10.3-2021.10.win32_1.0.200.202301161003/tools/bin/../lib/gcc/arm-none-eabi/10.3.1/thumb/v7e-m+fp/softfp\libgcc.a(_arm_muldivdf3.o)
                0x0000000008000628                __aeabi_dmul
                0x0000000008000628                __muldf3
                0x000000000800087c                __divdf3
                0x000000000800087c                __aeabi_ddiv
 .text          0x0000000008000a4c      0x110 f:/fri_novssd/stm32-cubeide/stm32cubeide_1.9.0/stm32cubeide/plugins/com.st.stm32cube.ide.mcu.externaltools.gnu-tools-for-stm32.10.3-2021.10.win32_1.0.200.202301161003/tools/bin/../lib/gcc/arm-none-eabi/10.3.1/thumb/v7e-m+fp/softfp\libgcc.a(_arm_cmpdf2.o)
                0x0000000008000a4c                __gtdf2
                0x0000000008000a4c                __gedf2
                0x0000000008000a54                __ltdf2
                0x0000000008000a54                __ledf2
                0x0000000008000a5c                __nedf2
                0x0000000008000a5c                __eqdf2
                0x0000000008000a5c                __cmpdf2
                0x0000000008000ad8                __aeabi_cdrcmple
                0x0000000008000ae8                __aeabi_cdcmpeq
                0x0000000008000ae8                __aeabi_cdcmple
                0x0000000008000af8                __aeabi_dcmpeq
                0x0000000008000b0c                __aeabi_dcmplt
                0x0000000008000b20                __aeabi_dcmple
                0x0000000008000b34                __aeabi_dcmpge
                0x0000000008000b48                __aeabi_dcmpgt
 .text          0x0000000008000b5c       0x2c f:/fri_novssd/stm32-cubeide/stm32cubeide_1.9.0/stm32cubeide/plugins/com.st.stm32cube.ide.mcu.externaltools.gnu-tools-for-stm32.10.3-2021.10.win32_1.0.200.202301161003/tools/bin/../lib/gcc/arm-none-eabi/10.3.1/thumb/v7e-m+fp/softfp\libgcc.a(_arm_unorddf2.o)
                0x0000000008000b5c                __unorddf2
                0x0000000008000b5c                __aeabi_dcmpun
 .text          0x0000000008000b88       0x50 f:/fri_novssd/stm32-cubeide/stm32cubeide_1.9.0/stm32cubeide/plugins/com.st.stm32cube.ide.mcu.externaltools.gnu-tools-for-stm32.10.3-2021.10.win32_1.0.200.202301161003/tools/bin/../lib/gcc/arm-none-eabi/10.3.1/thumb/v7e-m+fp/softfp\libgcc.a(_arm_fixdfsi.o)
                0x0000000008000b88                __aeabi_d2iz
                0x0000000008000b88                __fixdfsi
 .text          0x0000000008000bd8       0x30 f:/fri_novssd/stm32-cubeide/stm32cubeide_1.9.0/stm32cubeide/plugins/com.st.stm32cube.ide.mcu.externaltools.gnu-tools-for-stm32.10.3-2021.10.win32_1.0.200.202301161003/tools/bin/../lib/gcc/arm-none-eabi/10.3.1/thumb/v7e-m+fp/softfp\libgcc.a(_aeabi_uldivmod.o)
                0x0000000008000bd8                __aeabi_uldivmod
 .text          0x0000000008000c08      0x2d0 f:/fri_novssd/stm32-cubeide/stm32cubeide_1.9.0/stm32cubeide/plugins/com.st.stm32cube.ide.mcu.externaltools.gnu-tools-for-stm32.10.3-2021.10.win32_1.0.200.202301161003/tools/bin/../lib/gcc/arm-none-eabi/10.3.1/thumb/v7e-m+fp/softfp\libgcc.a(_udivmoddi4.o)
                0x0000000008000c08                __udivmoddi4
 .text          0x0000000008000ed8        0x4 f:/fri_novssd/stm32-cubeide/stm32cubeide_1.9.0/stm32cubeide/plugins/com.st.stm32cube.ide.mcu.externaltools.gnu-tools-for-stm32.10.3-2021.10.win32_1.0.200.202301161003/tools/bin/../lib/gcc/arm-none-eabi/10.3.1/thumb/v7e-m+fp/softfp\libgcc.a(_dvmd_tls.o)
                0x0000000008000ed8                __aeabi_idiv0
                0x0000000008000ed8                __aeabi_ldiv0
 *(.text*)
 .text.HTS221_GetCapabilities
                0x0000000008000edc       0x18 ./Drivers/BSP/Components/hts221.o
                0x0000000008000edc                HTS221_GetCapabilities
 .text.HTS221_HUM_Enable
                0x0000000008000ef4       0x34 ./Drivers/BSP/Components/hts221.o
                0x0000000008000ef4                HTS221_HUM_Enable
 .text.HTS221_TEMP_Enable
                0x0000000008000f28       0x34 ./Drivers/BSP/Components/hts221.o
                0x0000000008000f28                HTS221_TEMP_Enable
 .text.HTS221_Init
                0x0000000008000f5c       0x3c ./Drivers/BSP/Components/hts221.o
                0x0000000008000f5c                HTS221_Init
 .text.HTS221_HUM_SetOutputDataRate
                0x0000000008000f98       0x3c ./Drivers/BSP/Components/hts221.o
                0x0000000008000f98                HTS221_HUM_SetOutputDataRate
 .text.HTS221_ReadID
                0x0000000008000fd4       0x14 ./Drivers/BSP/Components/hts221.o
                0x0000000008000fd4                HTS221_ReadID
 .text.HTS221_HUM_GetHumidity
                0x0000000008000fe8       0xb4 ./Drivers/BSP/Components/hts221.o
                0x0000000008000fe8                HTS221_HUM_GetHumidity
 .text.HTS221_TEMP_GetTemperature
                0x000000000800109c       0x84 ./Drivers/BSP/Components/hts221.o
                0x000000000800109c                HTS221_TEMP_GetTemperature
 .text.ReadRegWrap
                0x0000000008001120       0x28 ./Drivers/BSP/Components/hts221.o
 .text.WriteRegWrap
                0x0000000008001148       0x28 ./Drivers/BSP/Components/hts221.o
 .text.HTS221_DeInit
                0x0000000008001170       0x50 ./Drivers/BSP/Components/hts221.o
                0x0000000008001170                HTS221_DeInit
 .text.HTS221_TEMP_GetOutputDataRate
                0x00000000080011c0       0x54 ./Drivers/BSP/Components/hts221.o
                0x00000000080011c0                HTS221_TEMP_GetOutputDataRate
 .text.HTS221_HUM_Disable
                0x0000000008001214       0x2c ./Drivers/BSP/Components/hts221.o
                0x0000000008001214                HTS221_HUM_Disable
 .text.HTS221_TEMP_Disable
                0x0000000008001240       0x2c ./Drivers/BSP/Components/hts221.o
                0x0000000008001240                HTS221_TEMP_Disable
 .text.HTS221_HUM_GetOutputDataRate
                0x000000000800126c       0x54 ./Drivers/BSP/Components/hts221.o
                0x000000000800126c                HTS221_HUM_GetOutputDataRate
 .text.HTS221_TEMP_SetOutputDataRate
                0x00000000080012c0       0x3c ./Drivers/BSP/Components/hts221.o
                0x00000000080012c0                HTS221_TEMP_SetOutputDataRate
 .text.HTS221_RegisterBusIO
                0x00000000080012fc       0x50 ./Drivers/BSP/Components/hts221.o
                0x00000000080012fc                HTS221_RegisterBusIO
 .text.hts221_read_reg
                0x000000000800134c       0x10 ./Drivers/BSP/Components/hts221_reg.o
                0x000000000800134c                hts221_read_reg
 .text.hts221_write_reg
                0x000000000800135c       0x10 ./Drivers/BSP/Components/hts221_reg.o
                0x000000000800135c                hts221_write_reg
 .text.hts221_data_rate_set
                0x000000000800136c       0x34 ./Drivers/BSP/Components/hts221_reg.o
                0x000000000800136c                hts221_data_rate_set
 .text.hts221_data_rate_get
                0x00000000080013a0       0x4c ./Drivers/BSP/Components/hts221_reg.o
                0x00000000080013a0                hts221_data_rate_get
 .text.hts221_block_data_update_set
                0x00000000080013ec       0x34 ./Drivers/BSP/Components/hts221_reg.o
                0x00000000080013ec                hts221_block_data_update_set
 .text.hts221_humidity_raw_get
                0x0000000008001420       0x24 ./Drivers/BSP/Components/hts221_reg.o
                0x0000000008001420                hts221_humidity_raw_get
 .text.hts221_temperature_raw_get
                0x0000000008001444       0x24 ./Drivers/BSP/Components/hts221_reg.o
                0x0000000008001444                hts221_temperature_raw_get
 .text.hts221_device_id_get
                0x0000000008001468       0x10 ./Drivers/BSP/Components/hts221_reg.o
                0x0000000008001468                hts221_device_id_get
 .text.hts221_power_on_set
                0x0000000008001478       0x34 ./Drivers/BSP/Components/hts221_reg.o
                0x0000000008001478                hts221_power_on_set
 .text.hts221_hum_rh_point_0_get
                0x00000000080014ac       0x28 ./Drivers/BSP/Components/hts221_reg.o
                0x00000000080014ac                hts221_hum_rh_point_0_get
 .text.hts221_hum_rh_point_1_get
                0x00000000080014d4       0x28 ./Drivers/BSP/Components/hts221_reg.o
                0x00000000080014d4                hts221_hum_rh_point_1_get
 .text.hts221_temp_deg_point_0_get
                0x00000000080014fc       0x48 ./Drivers/BSP/Components/hts221_reg.o
                0x00000000080014fc                hts221_temp_deg_point_0_get
 .text.hts221_temp_deg_point_1_get
                0x0000000008001544       0x48 ./Drivers/BSP/Components/hts221_reg.o
                0x0000000008001544                hts221_temp_deg_point_1_get
 .text.hts221_hum_adc_point_0_get
                0x000000000800158c       0x30 ./Drivers/BSP/Components/hts221_reg.o
                0x000000000800158c                hts221_hum_adc_point_0_get
 .text.hts221_hum_adc_point_1_get
                0x00000000080015bc       0x30 ./Drivers/BSP/Components/hts221_reg.o
                0x00000000080015bc                hts221_hum_adc_point_1_get
 .text.hts221_temp_adc_point_0_get
                0x00000000080015ec       0x30 ./Drivers/BSP/Components/hts221_reg.o
                0x00000000080015ec                hts221_temp_adc_point_0_get
 .text.hts221_temp_adc_point_1_get
                0x000000000800161c       0x30 ./Drivers/BSP/Components/hts221_reg.o
                0x000000000800161c                hts221_temp_adc_point_1_get
 .text.LIS2MDL_GetCapabilities
                0x000000000800164c       0x28 ./Drivers/BSP/Components/lis2mdl.o
                0x000000000800164c                LIS2MDL_GetCapabilities
 .text.LIS2MDL_MAG_GetSensitivity
                0x0000000008001674        0xc ./Drivers/BSP/Components/lis2mdl.o
                0x0000000008001674                LIS2MDL_MAG_GetSensitivity
 .text.LIS2MDL_MAG_GetFullScale
                0x0000000008001680        0x8 ./Drivers/BSP/Components/lis2mdl.o
                0x0000000008001680                LIS2MDL_MAG_GetFullScale
 .text.LIS2MDL_MAG_SetFullScale
                0x0000000008001688        0x4 ./Drivers/BSP/Components/lis2mdl.o
                0x0000000008001688                LIS2MDL_MAG_SetFullScale
 .text.LSM6DSOX_SENSORHUB_LIS2MDL_ReadShData
                0x000000000800168c      0x148 ./Drivers/BSP/Components/lis2mdl.o
 .text.LIS2MDL_MAG_GetOutputDataRate
                0x00000000080017d4       0x58 ./Drivers/BSP/Components/lis2mdl.o
                0x00000000080017d4                LIS2MDL_MAG_GetOutputDataRate
 .text.LIS2MDL_MAG_GetAxesRaw
                0x000000000800182c       0x24 ./Drivers/BSP/Components/lis2mdl.o
                0x000000000800182c                LIS2MDL_MAG_GetAxesRaw
 .text.LIS2MDL_MAG_GetAxes
                0x0000000008001850       0xb4 ./Drivers/BSP/Components/lis2mdl.o
                0x0000000008001850                LIS2MDL_MAG_GetAxes
 .text.ReadMagRegWrap
                0x0000000008001904       0x2c ./Drivers/BSP/Components/lis2mdl.o
 .text.WriteMagRegWrap
                0x0000000008001930       0x2c ./Drivers/BSP/Components/lis2mdl.o
 .text.LIS2MDL_ReadID
                0x000000000800195c       0x2c ./Drivers/BSP/Components/lis2mdl.o
                0x000000000800195c                LIS2MDL_ReadID
 .text.LSM6DSOX_SENSORHUB_LIS2MDL_WriteShData.constprop.0
                0x0000000008001988      0x118 ./Drivers/BSP/Components/lis2mdl.o
 .text.LIS2MDL_MAG_SetOutputDataRate
                0x0000000008001aa0       0xa4 ./Drivers/BSP/Components/lis2mdl.o
                0x0000000008001aa0                LIS2MDL_MAG_SetOutputDataRate
 .text.LIS2MDL_DeInit
                0x0000000008001b44       0x5c ./Drivers/BSP/Components/lis2mdl.o
                0x0000000008001b44                LIS2MDL_DeInit
 .text.LIS2MDL_MAG_Enable
                0x0000000008001ba0       0x5c ./Drivers/BSP/Components/lis2mdl.o
                0x0000000008001ba0                LIS2MDL_MAG_Enable
 .text.LIS2MDL_Init
                0x0000000008001bfc       0xa0 ./Drivers/BSP/Components/lis2mdl.o
                0x0000000008001bfc                LIS2MDL_Init
 .text.LIS2MDL_MAG_Disable
                0x0000000008001c9c       0x5c ./Drivers/BSP/Components/lis2mdl.o
                0x0000000008001c9c                LIS2MDL_MAG_Disable
 .text.LIS2MDL_RegisterBusIO
                0x0000000008001cf8       0x98 ./Drivers/BSP/Components/lis2mdl.o
                0x0000000008001cf8                LIS2MDL_RegisterBusIO
 .text.LIS2MDL_Read_Reg
                0x0000000008001d90       0x2c ./Drivers/BSP/Components/lis2mdl.o
                0x0000000008001d90                LIS2MDL_Read_Reg
 .text.LIS2MDL_Write_Reg
                0x0000000008001dbc       0x40 ./Drivers/BSP/Components/lis2mdl.o
                0x0000000008001dbc                LIS2MDL_Write_Reg
 .text.lis2mdl_read_reg
                0x0000000008001dfc       0x10 ./Drivers/BSP/Components/lis2mdl_reg.o
                0x0000000008001dfc                lis2mdl_read_reg
 .text.lis2mdl_write_reg
                0x0000000008001e0c       0x10 ./Drivers/BSP/Components/lis2mdl_reg.o
                0x0000000008001e0c                lis2mdl_write_reg
 .text.lis2mdl_operating_mode_set
                0x0000000008001e1c       0x34 ./Drivers/BSP/Components/lis2mdl_reg.o
                0x0000000008001e1c                lis2mdl_operating_mode_set
 .text.lis2mdl_data_rate_set
                0x0000000008001e50       0x34 ./Drivers/BSP/Components/lis2mdl_reg.o
                0x0000000008001e50                lis2mdl_data_rate_set
 .text.lis2mdl_data_rate_get
                0x0000000008001e84       0x38 ./Drivers/BSP/Components/lis2mdl_reg.o
                0x0000000008001e84                lis2mdl_data_rate_get
 .text.lis2mdl_block_data_update_set
                0x0000000008001ebc       0x34 ./Drivers/BSP/Components/lis2mdl_reg.o
                0x0000000008001ebc                lis2mdl_block_data_update_set
 .text.lis2mdl_magnetic_raw_get
                0x0000000008001ef0       0x40 ./Drivers/BSP/Components/lis2mdl_reg.o
                0x0000000008001ef0                lis2mdl_magnetic_raw_get
 .text.lis2mdl_device_id_get
                0x0000000008001f30       0x14 ./Drivers/BSP/Components/lis2mdl_reg.o
                0x0000000008001f30                lis2mdl_device_id_get
 .text.lis2mdl_self_test_set
                0x0000000008001f44       0x34 ./Drivers/BSP/Components/lis2mdl_reg.o
                0x0000000008001f44                lis2mdl_self_test_set
 .text.lis2mdl_i2c_interface_set
                0x0000000008001f78       0x34 ./Drivers/BSP/Components/lis2mdl_reg.o
                0x0000000008001f78                lis2mdl_i2c_interface_set
 .text.LPS22HH_GetCapabilities
                0x0000000008001fac       0x18 ./Drivers/BSP/Components/lps22hh.o
                0x0000000008001fac                LPS22HH_GetCapabilities
 .text.ReadRegWrap
                0x0000000008001fc4       0x10 ./Drivers/BSP/Components/lps22hh.o
 .text.WriteRegWrap
                0x0000000008001fd4       0x10 ./Drivers/BSP/Components/lps22hh.o
 .text.LPS22HH_Init
                0x0000000008001fe4       0x58 ./Drivers/BSP/Components/lps22hh.o
                0x0000000008001fe4                LPS22HH_Init
 .text.LPS22HH_ReadID
                0x000000000800203c       0x14 ./Drivers/BSP/Components/lps22hh.o
                0x000000000800203c                LPS22HH_ReadID
 .text.LPS22HH_PRESS_SetOutputDataRate
                0x0000000008002050      0x118 ./Drivers/BSP/Components/lps22hh.o
                0x0000000008002050                LPS22HH_PRESS_SetOutputDataRate
 .text.LPS22HH_PRESS_GetPressure
                0x0000000008002168       0x2c ./Drivers/BSP/Components/lps22hh.o
                0x0000000008002168                LPS22HH_PRESS_GetPressure
 .text.LPS22HH_TEMP_GetTemperature
                0x0000000008002194       0x30 ./Drivers/BSP/Components/lps22hh.o
                0x0000000008002194                LPS22HH_TEMP_GetTemperature
 .text.LPS22HH_PRESS_Enable
                0x00000000080021c4       0x2c ./Drivers/BSP/Components/lps22hh.o
                0x00000000080021c4                LPS22HH_PRESS_Enable
 .text.LPS22HH_TEMP_Enable
                0x00000000080021f0       0x2c ./Drivers/BSP/Components/lps22hh.o
                0x00000000080021f0                LPS22HH_TEMP_Enable
 .text.LPS22HH_DeInit
                0x000000000800221c       0x70 ./Drivers/BSP/Components/lps22hh.o
                0x000000000800221c                LPS22HH_DeInit
 .text.LPS22HH_TEMP_GetOutputDataRate
                0x000000000800228c       0x88 ./Drivers/BSP/Components/lps22hh.o
                0x000000000800228c                LPS22HH_TEMP_GetOutputDataRate
 .text.LPS22HH_PRESS_GetOutputDataRate
                0x0000000008002314       0x88 ./Drivers/BSP/Components/lps22hh.o
                0x0000000008002314                LPS22HH_PRESS_GetOutputDataRate
 .text.LPS22HH_PRESS_Disable
                0x000000000800239c       0x3c ./Drivers/BSP/Components/lps22hh.o
                0x000000000800239c                LPS22HH_PRESS_Disable
 .text.LPS22HH_TEMP_Disable
                0x00000000080023d8       0x3c ./Drivers/BSP/Components/lps22hh.o
                0x00000000080023d8                LPS22HH_TEMP_Disable
 .text.LPS22HH_TEMP_SetOutputDataRate
                0x0000000008002414      0x118 ./Drivers/BSP/Components/lps22hh.o
                0x0000000008002414                LPS22HH_TEMP_SetOutputDataRate
 .text.LPS22HH_RegisterBusIO
                0x000000000800252c       0x80 ./Drivers/BSP/Components/lps22hh.o
                0x000000000800252c                LPS22HH_RegisterBusIO
 .text.lps22hh_read_reg
                0x00000000080025ac       0x10 ./Drivers/BSP/Components/lps22hh_reg.o
                0x00000000080025ac                lps22hh_read_reg
 .text.lps22hh_write_reg
                0x00000000080025bc       0x10 ./Drivers/BSP/Components/lps22hh_reg.o
                0x00000000080025bc                lps22hh_write_reg
 .text.lps22hh_from_lsb_to_hpa
                0x00000000080025cc       0x10 ./Drivers/BSP/Components/lps22hh_reg.o
                0x00000000080025cc                lps22hh_from_lsb_to_hpa
 .text.lps22hh_from_lsb_to_celsius
                0x00000000080025dc       0x1c ./Drivers/BSP/Components/lps22hh_reg.o
                0x00000000080025dc                lps22hh_from_lsb_to_celsius
 .text.lps22hh_block_data_update_set
                0x00000000080025f8       0x34 ./Drivers/BSP/Components/lps22hh_reg.o
                0x00000000080025f8                lps22hh_block_data_update_set
 .text.lps22hh_data_rate_set
                0x000000000800262c       0x68 ./Drivers/BSP/Components/lps22hh_reg.o
                0x000000000800262c                lps22hh_data_rate_set
 .text.lps22hh_data_rate_get
                0x0000000008002694       0xbc ./Drivers/BSP/Components/lps22hh_reg.o
                0x0000000008002694                lps22hh_data_rate_get
 .text.lps22hh_pressure_raw_get
                0x0000000008002750       0x2c ./Drivers/BSP/Components/lps22hh_reg.o
                0x0000000008002750                lps22hh_pressure_raw_get
 .text.lps22hh_temperature_raw_get
                0x000000000800277c       0x24 ./Drivers/BSP/Components/lps22hh_reg.o
                0x000000000800277c                lps22hh_temperature_raw_get
 .text.lps22hh_device_id_get
                0x00000000080027a0       0x10 ./Drivers/BSP/Components/lps22hh_reg.o
                0x00000000080027a0                lps22hh_device_id_get
 .text.lps22hh_auto_increment_set
                0x00000000080027b0       0x34 ./Drivers/BSP/Components/lps22hh_reg.o
                0x00000000080027b0                lps22hh_auto_increment_set
 .text.lps22hh_lp_bandwidth_set
                0x00000000080027e4       0x34 ./Drivers/BSP/Components/lps22hh_reg.o
                0x00000000080027e4                lps22hh_lp_bandwidth_set
 .text.lps22hh_i3c_interface_set
                0x0000000008002818       0x44 ./Drivers/BSP/Components/lps22hh_reg.o
                0x0000000008002818                lps22hh_i3c_interface_set
 .text.LSM6DSOX_GetCapabilities
                0x000000000800285c       0x2c ./Drivers/BSP/Components/lsm6dsox.o
                0x000000000800285c                LSM6DSOX_GetCapabilities
 .text.ReadRegWrap
                0x0000000008002888       0x10 ./Drivers/BSP/Components/lsm6dsox.o
 .text.WriteRegWrap
                0x0000000008002898       0x10 ./Drivers/BSP/Components/lsm6dsox.o
 .text.LSM6DSOX_ACC_SetFullScale
                0x00000000080028a8       0x2c ./Drivers/BSP/Components/lsm6dsox.o
                0x00000000080028a8                LSM6DSOX_ACC_SetFullScale
 .text.LSM6DSOX_Init
                0x00000000080028d4       0x70 ./Drivers/BSP/Components/lsm6dsox.o
                0x00000000080028d4                LSM6DSOX_Init
 .text.LSM6DSOX_GYRO_SetFullScale
                0x0000000008002944       0x38 ./Drivers/BSP/Components/lsm6dsox.o
                0x0000000008002944                LSM6DSOX_GYRO_SetFullScale
 .text.LSM6DSOX_ReadID
                0x000000000800297c       0x14 ./Drivers/BSP/Components/lsm6dsox.o
                0x000000000800297c                LSM6DSOX_ReadID
 .text.LSM6DSOX_ACC_GetOutputDataRate
                0x0000000008002990       0xa8 ./Drivers/BSP/Components/lsm6dsox.o
                0x0000000008002990                LSM6DSOX_ACC_GetOutputDataRate
 .text.LSM6DSOX_ACC_GetSensitivity
                0x0000000008002a38       0x58 ./Drivers/BSP/Components/lsm6dsox.o
                0x0000000008002a38                LSM6DSOX_ACC_GetSensitivity
 .text.LSM6DSOX_ACC_GetFullScale
                0x0000000008002a90       0x48 ./Drivers/BSP/Components/lsm6dsox.o
                0x0000000008002a90                LSM6DSOX_ACC_GetFullScale
 .text.LSM6DSOX_ACC_GetAxesRaw
                0x0000000008002ad8       0x24 ./Drivers/BSP/Components/lsm6dsox.o
                0x0000000008002ad8                LSM6DSOX_ACC_GetAxesRaw
 .text.LSM6DSOX_GYRO_GetOutputDataRate
                0x0000000008002afc       0xa0 ./Drivers/BSP/Components/lsm6dsox.o
                0x0000000008002afc                LSM6DSOX_GYRO_GetOutputDataRate
 .text.LSM6DSOX_GYRO_GetSensitivity
                0x0000000008002b9c       0x6c ./Drivers/BSP/Components/lsm6dsox.o
                0x0000000008002b9c                LSM6DSOX_GYRO_GetSensitivity
 .text.LSM6DSOX_GYRO_GetFullScale
                0x0000000008002c08       0x5c ./Drivers/BSP/Components/lsm6dsox.o
                0x0000000008002c08                LSM6DSOX_GYRO_GetFullScale
 .text.LSM6DSOX_GYRO_GetAxesRaw
                0x0000000008002c64       0x24 ./Drivers/BSP/Components/lsm6dsox.o
                0x0000000008002c64                LSM6DSOX_GYRO_GetAxesRaw
 .text.LSM6DSOX_ACC_Enable
                0x0000000008002c88       0x2c ./Drivers/BSP/Components/lsm6dsox.o
                0x0000000008002c88                LSM6DSOX_ACC_Enable
 .text.LSM6DSOX_GYRO_Enable
                0x0000000008002cb4       0x2c ./Drivers/BSP/Components/lsm6dsox.o
                0x0000000008002cb4                LSM6DSOX_GYRO_Enable
 .text.LSM6DSOX_ACC_Disable
                0x0000000008002ce0       0x34 ./Drivers/BSP/Components/lsm6dsox.o
                0x0000000008002ce0                LSM6DSOX_ACC_Disable
 .text.LSM6DSOX_GYRO_Disable
                0x0000000008002d14       0x34 ./Drivers/BSP/Components/lsm6dsox.o
                0x0000000008002d14                LSM6DSOX_GYRO_Disable
 .text.LSM6DSOX_DeInit
                0x0000000008002d48       0x68 ./Drivers/BSP/Components/lsm6dsox.o
                0x0000000008002d48                LSM6DSOX_DeInit
 .text.LSM6DSOX_ACC_GetAxes
                0x0000000008002db0       0xac ./Drivers/BSP/Components/lsm6dsox.o
                0x0000000008002db0                LSM6DSOX_ACC_GetAxes
 .text.LSM6DSOX_GYRO_GetAxes
                0x0000000008002e5c       0xb8 ./Drivers/BSP/Components/lsm6dsox.o
                0x0000000008002e5c                LSM6DSOX_GYRO_GetAxes
 .text.LSM6DSOX_GYRO_SetOutputDataRate
                0x0000000008002f14      0x1e0 ./Drivers/BSP/Components/lsm6dsox.o
                0x0000000008002f14                LSM6DSOX_GYRO_SetOutputDataRate
 .text.LSM6DSOX_ACC_SetOutputDataRate
                0x00000000080030f4      0x254 ./Drivers/BSP/Components/lsm6dsox.o
                0x00000000080030f4                LSM6DSOX_ACC_SetOutputDataRate
 .text.LSM6DSOX_RegisterBusIO
                0x0000000008003348       0x84 ./Drivers/BSP/Components/lsm6dsox.o
                0x0000000008003348                LSM6DSOX_RegisterBusIO
 .text.LSM6DSOX_Read_Reg
                0x00000000080033cc       0x14 ./Drivers/BSP/Components/lsm6dsox.o
                0x00000000080033cc                LSM6DSOX_Read_Reg
 .text.LSM6DSOX_Write_Reg
                0x00000000080033e0       0x24 ./Drivers/BSP/Components/lsm6dsox.o
                0x00000000080033e0                LSM6DSOX_Write_Reg
 .text.LSM6DSOX_Set_DRDY_Mode
                0x0000000008003404       0x1c ./Drivers/BSP/Components/lsm6dsox.o
                0x0000000008003404                LSM6DSOX_Set_DRDY_Mode
 .text.LSM6DSOX_Set_Pin_INT1_Route
                0x0000000008003420       0x24 ./Drivers/BSP/Components/lsm6dsox.o
                0x0000000008003420                LSM6DSOX_Set_Pin_INT1_Route
 .text.lsm6dsox_read_reg
                0x0000000008003444       0x10 ./Drivers/BSP/Components/lsm6dsox_reg.o
                0x0000000008003444                lsm6dsox_read_reg
 .text.lsm6dsox_write_reg
                0x0000000008003454       0x10 ./Drivers/BSP/Components/lsm6dsox_reg.o
                0x0000000008003454                lsm6dsox_write_reg
 .text.lsm6dsox_xl_full_scale_set
                0x0000000008003464       0x34 ./Drivers/BSP/Components/lsm6dsox_reg.o
                0x0000000008003464                lsm6dsox_xl_full_scale_set
 .text.lsm6dsox_xl_full_scale_get
                0x0000000008003498       0x38 ./Drivers/BSP/Components/lsm6dsox_reg.o
                0x0000000008003498                lsm6dsox_xl_full_scale_get
 .text.lsm6dsox_xl_data_rate_get
                0x00000000080034d0       0x78 ./Drivers/BSP/Components/lsm6dsox_reg.o
                0x00000000080034d0                lsm6dsox_xl_data_rate_get
 .text.lsm6dsox_gy_full_scale_set
                0x0000000008003548       0x34 ./Drivers/BSP/Components/lsm6dsox_reg.o
                0x0000000008003548                lsm6dsox_gy_full_scale_set
 .text.lsm6dsox_gy_full_scale_get
                0x000000000800357c       0x54 ./Drivers/BSP/Components/lsm6dsox_reg.o
                0x000000000800357c                lsm6dsox_gy_full_scale_get
 .text.lsm6dsox_gy_data_rate_get
                0x00000000080035d0       0x70 ./Drivers/BSP/Components/lsm6dsox_reg.o
                0x00000000080035d0                lsm6dsox_gy_data_rate_get
 .text.lsm6dsox_block_data_update_set
                0x0000000008003640       0x34 ./Drivers/BSP/Components/lsm6dsox_reg.o
                0x0000000008003640                lsm6dsox_block_data_update_set
 .text.lsm6dsox_angular_rate_raw_get
                0x0000000008003674       0x40 ./Drivers/BSP/Components/lsm6dsox_reg.o
                0x0000000008003674                lsm6dsox_angular_rate_raw_get
 .text.lsm6dsox_acceleration_raw_get
                0x00000000080036b4       0x40 ./Drivers/BSP/Components/lsm6dsox_reg.o
                0x00000000080036b4                lsm6dsox_acceleration_raw_get
 .text.lsm6dsox_data_ready_mode_set
                0x00000000080036f4       0x34 ./Drivers/BSP/Components/lsm6dsox_reg.o
                0x00000000080036f4                lsm6dsox_data_ready_mode_set
 .text.lsm6dsox_device_id_get
                0x0000000008003728       0x14 ./Drivers/BSP/Components/lsm6dsox_reg.o
                0x0000000008003728                lsm6dsox_device_id_get
 .text.lsm6dsox_auto_increment_set
                0x000000000800373c       0x34 ./Drivers/BSP/Components/lsm6dsox_reg.o
                0x000000000800373c                lsm6dsox_auto_increment_set
 .text.lsm6dsox_i3c_disable_set
                0x0000000008003770       0x5c ./Drivers/BSP/Components/lsm6dsox_reg.o
                0x0000000008003770                lsm6dsox_i3c_disable_set
 .text.lsm6dsox_fifo_mode_set
                0x00000000080037cc       0x34 ./Drivers/BSP/Components/lsm6dsox_reg.o
                0x00000000080037cc                lsm6dsox_fifo_mode_set
 .text.lsm6dsox_fsm_data_rate_get
                0x0000000008003800       0x88 ./Drivers/BSP/Components/lsm6dsox_reg.o
                0x0000000008003800                lsm6dsox_fsm_data_rate_get
 .text.lsm6dsox_mlc_data_rate_get
                0x0000000008003888       0x88 ./Drivers/BSP/Components/lsm6dsox_reg.o
                0x0000000008003888                lsm6dsox_mlc_data_rate_get
 .text.lsm6dsox_pin_int2_route_get
                0x0000000008003910      0x2b0 ./Drivers/BSP/Components/lsm6dsox_reg.o
                0x0000000008003910                lsm6dsox_pin_int2_route_get
 .text.lsm6dsox_pin_int1_route_set
                0x0000000008003bc0      0x49c ./Drivers/BSP/Components/lsm6dsox_reg.o
                0x0000000008003bc0                lsm6dsox_pin_int1_route_set
 .text.lsm6dsox_embedded_sens_get
                0x000000000800405c       0xbc ./Drivers/BSP/Components/lsm6dsox_reg.o
                0x000000000800405c                lsm6dsox_embedded_sens_get
 .text.lsm6dsox_xl_data_rate_set
                0x0000000008004118      0x1d8 ./Drivers/BSP/Components/lsm6dsox_reg.o
                0x0000000008004118                lsm6dsox_xl_data_rate_set
 .text.lsm6dsox_gy_data_rate_set
                0x00000000080042f0      0x1dc ./Drivers/BSP/Components/lsm6dsox_reg.o
                0x00000000080042f0                lsm6dsox_gy_data_rate_set
 .text.BSP_LED_Init
                0x00000000080044cc       0xbc ./Drivers/BSP/SensorTile.box/SensorTile.box.o
                0x00000000080044cc                BSP_LED_Init
 .text.BSP_LED_On
                0x0000000008004588       0x2c ./Drivers/BSP/SensorTile.box/SensorTile.box.o
                0x0000000008004588                BSP_LED_On
 .text.BSP_LED_Off
                0x00000000080045b4       0x2c ./Drivers/BSP/SensorTile.box/SensorTile.box.o
                0x00000000080045b4                BSP_LED_Off
 .text.BSP_PB_Init
                0x00000000080045e0       0xac ./Drivers/BSP/SensorTile.box/SensorTile.box.o
                0x00000000080045e0                BSP_PB_Init
 .text.BSP_I2C1_DeInit
                0x000000000800468c       0x34 ./Drivers/BSP/SensorTile.box/SensorTile.box_bus.o
                0x000000000800468c                BSP_I2C1_DeInit
 .text.BSP_I2C1_WriteReg
                0x00000000080046c0       0x34 ./Drivers/BSP/SensorTile.box/SensorTile.box_bus.o
                0x00000000080046c0                BSP_I2C1_WriteReg
 .text.BSP_I2C1_ReadReg
                0x00000000080046f4       0x30 ./Drivers/BSP/SensorTile.box/SensorTile.box_bus.o
                0x00000000080046f4                BSP_I2C1_ReadReg
 .text.BSP_SPI1_DeInit
                0x0000000008004724       0x34 ./Drivers/BSP/SensorTile.box/SensorTile.box_bus.o
                0x0000000008004724                BSP_SPI1_DeInit
 .text.BSP_SPI1_Send
                0x0000000008004758       0x24 ./Drivers/BSP/SensorTile.box/SensorTile.box_bus.o
                0x0000000008004758                BSP_SPI1_Send
 .text.BSP_SPI1_Recv
                0x000000000800477c       0x24 ./Drivers/BSP/SensorTile.box/SensorTile.box_bus.o
                0x000000000800477c                BSP_SPI1_Recv
 .text.BSP_SPI3_DeInit
                0x00000000080047a0       0x34 ./Drivers/BSP/SensorTile.box/SensorTile.box_bus.o
                0x00000000080047a0                BSP_SPI3_DeInit
 .text.BSP_SPI3_Send
                0x00000000080047d4       0x24 ./Drivers/BSP/SensorTile.box/SensorTile.box_bus.o
                0x00000000080047d4                BSP_SPI3_Send
 .text.BSP_GetTick
                0x00000000080047f8        0x4 ./Drivers/BSP/SensorTile.box/SensorTile.box_bus.o
                0x00000000080047f8                BSP_GetTick
 .text.MX_SPI1_Init
                0x00000000080047fc       0x44 ./Drivers/BSP/SensorTile.box/SensorTile.box_bus.o
                0x00000000080047fc                MX_SPI1_Init
 .text.BSP_SPI1_Init
                0x0000000008004840       0x80 ./Drivers/BSP/SensorTile.box/SensorTile.box_bus.o
                0x0000000008004840                BSP_SPI1_Init
 .text.MX_SPI3_Init
                0x00000000080048c0       0x5c ./Drivers/BSP/SensorTile.box/SensorTile.box_bus.o
                0x00000000080048c0                MX_SPI3_Init
 .text.BSP_SPI3_Init
                0x000000000800491c       0x80 ./Drivers/BSP/SensorTile.box/SensorTile.box_bus.o
                0x000000000800491c                BSP_SPI3_Init
 .text.MX_I2C1_Init
                0x000000000800499c       0x50 ./Drivers/BSP/SensorTile.box/SensorTile.box_bus.o
                0x000000000800499c                MX_I2C1_Init
 .text.BSP_I2C1_Init
                0x00000000080049ec       0x84 ./Drivers/BSP/SensorTile.box/SensorTile.box_bus.o
                0x00000000080049ec                BSP_I2C1_Init
 .text.BSP_ENV_SENSOR_Init
                0x0000000008004a70      0x2bc ./Drivers/BSP/SensorTile.box/SensorTile.box_env_sensors.o
                0x0000000008004a70                BSP_ENV_SENSOR_Init
 .text.BSP_ENV_SENSOR_DeInit
                0x0000000008004d2c       0x28 ./Drivers/BSP/SensorTile.box/SensorTile.box_env_sensors.o
                0x0000000008004d2c                BSP_ENV_SENSOR_DeInit
 .text.BSP_ENV_SENSOR_Enable
                0x0000000008004d54       0x54 ./Drivers/BSP/SensorTile.box/SensorTile.box_env_sensors.o
                0x0000000008004d54                BSP_ENV_SENSOR_Enable
 .text.BSP_ENV_SENSOR_Disable
                0x0000000008004da8       0x54 ./Drivers/BSP/SensorTile.box/SensorTile.box_env_sensors.o
                0x0000000008004da8                BSP_ENV_SENSOR_Disable
 .text.BSP_ENV_SENSOR_SetOutputDataRate
                0x0000000008004dfc       0x58 ./Drivers/BSP/SensorTile.box/SensorTile.box_env_sensors.o
                0x0000000008004dfc                BSP_ENV_SENSOR_SetOutputDataRate
 .text.BSP_ENV_SENSOR_GetValue
                0x0000000008004e54       0x58 ./Drivers/BSP/SensorTile.box/SensorTile.box_env_sensors.o
                0x0000000008004e54                BSP_ENV_SENSOR_GetValue
 .text.BSP_LIS2MDL_WriteReg
                0x0000000008004eac       0x54 ./Drivers/BSP/SensorTile.box/SensorTile.box_motion_sensors.o
 .text.BSP_LIS2MDL_DeInit
                0x0000000008004f00       0x10 ./Drivers/BSP/SensorTile.box/SensorTile.box_motion_sensors.o
 .text.BSP_LIS2MDL_Init
                0x0000000008004f10       0x64 ./Drivers/BSP/SensorTile.box/SensorTile.box_motion_sensors.o
 .text.BSP_LSM6DSOX_WriteReg
                0x0000000008004f74       0x54 ./Drivers/BSP/SensorTile.box/SensorTile.box_motion_sensors.o
 .text.BSP_LSM6DSOX_ReadReg
                0x0000000008004fc8       0x58 ./Drivers/BSP/SensorTile.box/SensorTile.box_motion_sensors.o
 .text.BSP_LSM6DSOX_DeInit
                0x0000000008005020       0x10 ./Drivers/BSP/SensorTile.box/SensorTile.box_motion_sensors.o
 .text.BSP_LSM6DSOX_Init
                0x0000000008005030       0x60 ./Drivers/BSP/SensorTile.box/SensorTile.box_motion_sensors.o
 .text.BSP_LIS2MDL_ReadReg
                0x0000000008005090       0xf8 ./Drivers/BSP/SensorTile.box/SensorTile.box_motion_sensors.o
 .text.BSP_MOTION_SENSOR_Init
                0x0000000008005188      0x2e0 ./Drivers/BSP/SensorTile.box/SensorTile.box_motion_sensors.o
                0x0000000008005188                BSP_MOTION_SENSOR_Init
 .text.BSP_MOTION_SENSOR_DeInit
                0x0000000008005468       0x28 ./Drivers/BSP/SensorTile.box/SensorTile.box_motion_sensors.o
                0x0000000008005468                BSP_MOTION_SENSOR_DeInit
 .text.BSP_MOTION_SENSOR_Enable
                0x0000000008005490       0x54 ./Drivers/BSP/SensorTile.box/SensorTile.box_motion_sensors.o
                0x0000000008005490                BSP_MOTION_SENSOR_Enable
 .text.BSP_MOTION_SENSOR_Disable
                0x00000000080054e4       0x54 ./Drivers/BSP/SensorTile.box/SensorTile.box_motion_sensors.o
                0x00000000080054e4                BSP_MOTION_SENSOR_Disable
 .text.BSP_MOTION_SENSOR_GetAxes
                0x0000000008005538       0x58 ./Drivers/BSP/SensorTile.box/SensorTile.box_motion_sensors.o
                0x0000000008005538                BSP_MOTION_SENSOR_GetAxes
 .text.BSP_MOTION_SENSOR_GetOutputDataRate
                0x0000000008005590       0x58 ./Drivers/BSP/SensorTile.box/SensorTile.box_motion_sensors.o
                0x0000000008005590                BSP_MOTION_SENSOR_GetOutputDataRate
 .text.BSP_MOTION_SENSOR_GetFullScale
                0x00000000080055e8       0x58 ./Drivers/BSP/SensorTile.box/SensorTile.box_motion_sensors.o
                0x00000000080055e8                BSP_MOTION_SENSOR_GetFullScale
 .text.BSP_MOTION_SENSOR_SetOutputDataRate
                0x0000000008005640       0x58 ./Drivers/BSP/SensorTile.box/SensorTile.box_motion_sensors.o
                0x0000000008005640                BSP_MOTION_SENSOR_SetOutputDataRate
 .text.BSP_MOTION_SENSOR_SetFullScale
                0x0000000008005698       0x58 ./Drivers/BSP/SensorTile.box/SensorTile.box_motion_sensors.o
                0x0000000008005698                BSP_MOTION_SENSOR_SetFullScale
 .text.BSP_MOTION_SENSOR_Read_Register
                0x00000000080056f0       0x34 ./Drivers/BSP/SensorTile.box/SensorTile.box_motion_sensors_ex.o
                0x00000000080056f0                BSP_MOTION_SENSOR_Read_Register
 .text.BSP_MOTION_SENSOR_Write_Register
                0x0000000008005724       0x34 ./Drivers/BSP/SensorTile.box/SensorTile.box_motion_sensors_ex.o
                0x0000000008005724                BSP_MOTION_SENSOR_Write_Register
 .text.BSP_MOTION_SENSOR_Set_DRDY_Mode
                0x0000000008005758       0x24 ./Drivers/BSP/SensorTile.box/SensorTile.box_motion_sensors_ex.o
                0x0000000008005758                BSP_MOTION_SENSOR_Set_DRDY_Mode
 .text.BSP_MOTION_SENSOR_Set_Pin_INT1_Route
                0x000000000800577c       0x34 ./Drivers/BSP/SensorTile.box/SensorTile.box_motion_sensors_ex.o
                0x000000000800577c                BSP_MOTION_SENSOR_Set_Pin_INT1_Route
 .text.BSP_SD_Init
                0x00000000080057b0       0xa8 ./Drivers/BSP/SensorTile.box/SensorTile.box_sd.o
                0x00000000080057b0                BSP_SD_Init
 .text.BSP_SD_ReadBlocks_DMA
                0x0000000008005858       0x1c ./Drivers/BSP/SensorTile.box/SensorTile.box_sd.o
                0x0000000008005858                BSP_SD_ReadBlocks_DMA
 .text.BSP_SD_WriteBlocks_DMA
                0x0000000008005874       0x1c ./Drivers/BSP/SensorTile.box/SensorTile.box_sd.o
                0x0000000008005874                BSP_SD_WriteBlocks_DMA
 .text.HAL_SD_MspInit
                0x0000000008005890       0xe0 ./Drivers/BSP/SensorTile.box/SensorTile.box_sd.o
                0x0000000008005890                HAL_SD_MspInit
 .text.BSP_SD_GetCardState
                0x0000000008005970       0x14 ./Drivers/BSP/SensorTile.box/SensorTile.box_sd.o
                0x0000000008005970                BSP_SD_GetCardState
 .text.BSP_SD_GetCardInfo
                0x0000000008005984        0xc ./Drivers/BSP/SensorTile.box/SensorTile.box_sd.o
                0x0000000008005984                BSP_SD_GetCardInfo
 .text.HAL_SDEx_DriveTransceiver_1_8V_Callback
                0x0000000008005990       0x14 ./Drivers/BSP/SensorTile.box/SensorTile.box_sd.o
                0x0000000008005990                HAL_SDEx_DriveTransceiver_1_8V_Callback
 .text.HAL_SD_TxCpltCallback
                0x00000000080059a4        0x8 ./Drivers/BSP/SensorTile.box/SensorTile.box_sd.o
                0x00000000080059a4                HAL_SD_TxCpltCallback
 .text.HAL_SD_RxCpltCallback
                0x00000000080059ac        0x8 ./Drivers/BSP/SensorTile.box/SensorTile.box_sd.o
                0x00000000080059ac                HAL_SD_RxCpltCallback
 .text.SystemInit
                0x00000000080059b4       0x50 ./Drivers/CMSIS/system_stm32l4xx.o
                0x00000000080059b4                SystemInit
 .text.HAL_MspInit
                0x0000000008005a04        0x4 ./Drivers/STM32L4xx_HAL_Driver/stm32l4xx_hal.o
                0x0000000008005a04                HAL_MspInit
 .text.HAL_InitTick
                0x0000000008005a08       0x48 ./Drivers/STM32L4xx_HAL_Driver/stm32l4xx_hal.o
                0x0000000008005a08                HAL_InitTick
 .text.HAL_Init
                0x0000000008005a50       0x20 ./Drivers/STM32L4xx_HAL_Driver/stm32l4xx_hal.o
                0x0000000008005a50                HAL_Init
 .text.HAL_IncTick
                0x0000000008005a70       0x18 ./Drivers/STM32L4xx_HAL_Driver/stm32l4xx_hal.o
                0x0000000008005a70                HAL_IncTick
 .text.HAL_GetTick
                0x0000000008005a88        0xc ./Drivers/STM32L4xx_HAL_Driver/stm32l4xx_hal.o
                0x0000000008005a88                HAL_GetTick
 .text.HAL_Delay
                0x0000000008005a94       0x24 ./Drivers/STM32L4xx_HAL_Driver/stm32l4xx_hal.o
                0x0000000008005a94                HAL_Delay
 .text.HAL_NVIC_SetPriorityGrouping
                0x0000000008005ab8       0x24 ./Drivers/STM32L4xx_HAL_Driver/stm32l4xx_hal_cortex.o
                0x0000000008005ab8                HAL_NVIC_SetPriorityGrouping
 .text.HAL_NVIC_SetPriority
                0x0000000008005adc       0x7c ./Drivers/STM32L4xx_HAL_Driver/stm32l4xx_hal_cortex.o
                0x0000000008005adc                HAL_NVIC_SetPriority
 .text.HAL_NVIC_EnableIRQ
                0x0000000008005b58       0x1c ./Drivers/STM32L4xx_HAL_Driver/stm32l4xx_hal_cortex.o
                0x0000000008005b58                HAL_NVIC_EnableIRQ
 .text.HAL_SYSTICK_Config
                0x0000000008005b74       0x34 ./Drivers/STM32L4xx_HAL_Driver/stm32l4xx_hal_cortex.o
                0x0000000008005b74                HAL_SYSTICK_Config
 .text.HAL_GPIO_Init
                0x0000000008005ba8      0x234 ./Drivers/STM32L4xx_HAL_Driver/stm32l4xx_hal_gpio.o
                0x0000000008005ba8                HAL_GPIO_Init
 .text.HAL_GPIO_DeInit
                0x0000000008005ddc      0x160 ./Drivers/STM32L4xx_HAL_Driver/stm32l4xx_hal_gpio.o
                0x0000000008005ddc                HAL_GPIO_DeInit
 .text.HAL_GPIO_ReadPin
                0x0000000008005f3c        0xc ./Drivers/STM32L4xx_HAL_Driver/stm32l4xx_hal_gpio.o
                0x0000000008005f3c                HAL_GPIO_ReadPin
 .text.HAL_GPIO_WritePin
                0x0000000008005f48        0xc ./Drivers/STM32L4xx_HAL_Driver/stm32l4xx_hal_gpio.o
                0x0000000008005f48                HAL_GPIO_WritePin
 .text.HAL_GPIO_EXTI_IRQHandler
                0x0000000008005f54       0x18 ./Drivers/STM32L4xx_HAL_Driver/stm32l4xx_hal_gpio.o
                0x0000000008005f54                HAL_GPIO_EXTI_IRQHandler
 .text.I2C_WaitOnTXISFlagUntilTimeout
                0x0000000008005f6c       0xac ./Drivers/STM32L4xx_HAL_Driver/stm32l4xx_hal_i2c.o
 .text.I2C_WaitOnSTOPFlagUntilTimeout
                0x0000000008006018       0xb0 ./Drivers/STM32L4xx_HAL_Driver/stm32l4xx_hal_i2c.o
 .text.HAL_I2C_MspInit
                0x00000000080060c8        0x4 ./Drivers/STM32L4xx_HAL_Driver/stm32l4xx_hal_i2c.o
                0x00000000080060c8                HAL_I2C_MspInit
 .text.HAL_I2C_Init
                0x00000000080060cc       0xa8 ./Drivers/STM32L4xx_HAL_Driver/stm32l4xx_hal_i2c.o
                0x00000000080060cc                HAL_I2C_Init
 .text.HAL_I2C_MspDeInit
                0x0000000008006174        0x4 ./Drivers/STM32L4xx_HAL_Driver/stm32l4xx_hal_i2c.o
                0x0000000008006174                HAL_I2C_MspDeInit
 .text.HAL_I2C_DeInit
                0x0000000008006178       0x34 ./Drivers/STM32L4xx_HAL_Driver/stm32l4xx_hal_i2c.o
                0x0000000008006178                HAL_I2C_DeInit
 .text.HAL_I2C_Mem_Write
                0x00000000080061ac      0x260 ./Drivers/STM32L4xx_HAL_Driver/stm32l4xx_hal_i2c.o
                0x00000000080061ac                HAL_I2C_Mem_Write
 .text.HAL_I2C_Mem_Read
                0x000000000800640c      0x268 ./Drivers/STM32L4xx_HAL_Driver/stm32l4xx_hal_i2c.o
                0x000000000800640c                HAL_I2C_Mem_Read
 .text.HAL_I2C_GetState
                0x0000000008006674        0x8 ./Drivers/STM32L4xx_HAL_Driver/stm32l4xx_hal_i2c.o
                0x0000000008006674                HAL_I2C_GetState
 .text.HAL_I2CEx_ConfigAnalogFilter
                0x000000000800667c       0x54 ./Drivers/STM32L4xx_HAL_Driver/stm32l4xx_hal_i2c_ex.o
                0x000000000800667c                HAL_I2CEx_ConfigAnalogFilter
 .text.HAL_I2CEx_ConfigDigitalFilter
                0x00000000080066d0       0x58 ./Drivers/STM32L4xx_HAL_Driver/stm32l4xx_hal_i2c_ex.o
                0x00000000080066d0                HAL_I2CEx_ConfigDigitalFilter
 .text.HAL_PCD_Init
                0x0000000008006728      0x12c ./Drivers/STM32L4xx_HAL_Driver/stm32l4xx_hal_pcd.o
                0x0000000008006728                HAL_PCD_Init
 .text.HAL_PCD_DeInit
                0x0000000008006854       0x5c ./Drivers/STM32L4xx_HAL_Driver/stm32l4xx_hal_pcd.o
                0x0000000008006854                HAL_PCD_DeInit
 .text.HAL_PCD_Start
                0x00000000080068b0       0x38 ./Drivers/STM32L4xx_HAL_Driver/stm32l4xx_hal_pcd.o
                0x00000000080068b0                HAL_PCD_Start
 .text.HAL_PCD_Stop
                0x00000000080068e8       0x44 ./Drivers/STM32L4xx_HAL_Driver/stm32l4xx_hal_pcd.o
                0x00000000080068e8                HAL_PCD_Stop
 .text.HAL_PCD_IRQHandler
                0x000000000800692c      0x570 ./Drivers/STM32L4xx_HAL_Driver/stm32l4xx_hal_pcd.o
                0x000000000800692c                HAL_PCD_IRQHandler
 .text.HAL_PCD_SetAddress
                0x0000000008006e9c       0x28 ./Drivers/STM32L4xx_HAL_Driver/stm32l4xx_hal_pcd.o
                0x0000000008006e9c                HAL_PCD_SetAddress
 .text.HAL_PCD_EP_Open
                0x0000000008006ec4       0x7c ./Drivers/STM32L4xx_HAL_Driver/stm32l4xx_hal_pcd.o
                0x0000000008006ec4                HAL_PCD_EP_Open
 .text.HAL_PCD_EP_Close
                0x0000000008006f40       0x5c ./Drivers/STM32L4xx_HAL_Driver/stm32l4xx_hal_pcd.o
                0x0000000008006f40                HAL_PCD_EP_Close
 .text.HAL_PCD_EP_Receive
                0x0000000008006f9c       0x44 ./Drivers/STM32L4xx_HAL_Driver/stm32l4xx_hal_pcd.o
                0x0000000008006f9c                HAL_PCD_EP_Receive
 .text.HAL_PCD_EP_GetRxCount
                0x0000000008006fe0       0x14 ./Drivers/STM32L4xx_HAL_Driver/stm32l4xx_hal_pcd.o
                0x0000000008006fe0                HAL_PCD_EP_GetRxCount
 .text.HAL_PCD_EP_Transmit
                0x0000000008006ff4       0x44 ./Drivers/STM32L4xx_HAL_Driver/stm32l4xx_hal_pcd.o
                0x0000000008006ff4                HAL_PCD_EP_Transmit
 .text.HAL_PCD_EP_SetStall
                0x0000000008007038       0x84 ./Drivers/STM32L4xx_HAL_Driver/stm32l4xx_hal_pcd.o
                0x0000000008007038                HAL_PCD_EP_SetStall
 .text.HAL_PCD_EP_ClrStall
                0x00000000080070bc       0x70 ./Drivers/STM32L4xx_HAL_Driver/stm32l4xx_hal_pcd.o
                0x00000000080070bc                HAL_PCD_EP_ClrStall
 .text.HAL_PCD_EP_Flush
                0x000000000800712c       0x38 ./Drivers/STM32L4xx_HAL_Driver/stm32l4xx_hal_pcd.o
                0x000000000800712c                HAL_PCD_EP_Flush
 .text.HAL_PCDEx_SetTxFiFo
                0x0000000008007164       0x54 ./Drivers/STM32L4xx_HAL_Driver/stm32l4xx_hal_pcd_ex.o
                0x0000000008007164                HAL_PCDEx_SetTxFiFo
 .text.HAL_PCDEx_SetRxFiFo
                0x00000000080071b8        0x8 ./Drivers/STM32L4xx_HAL_Driver/stm32l4xx_hal_pcd_ex.o
                0x00000000080071b8                HAL_PCDEx_SetRxFiFo
 .text.HAL_PCDEx_ActivateLPM
                0x00000000080071c0       0x2c ./Drivers/STM32L4xx_HAL_Driver/stm32l4xx_hal_pcd_ex.o
                0x00000000080071c0                HAL_PCDEx_ActivateLPM
 .text.HAL_PCDEx_LPM_Callback
                0x00000000080071ec        0x4 ./Drivers/STM32L4xx_HAL_Driver/stm32l4xx_hal_pcd_ex.o
                0x00000000080071ec                HAL_PCDEx_LPM_Callback
 .text.HAL_PWR_EnableBkUpAccess
                0x00000000080071f0       0x10 ./Drivers/STM32L4xx_HAL_Driver/stm32l4xx_hal_pwr.o
                0x00000000080071f0                HAL_PWR_EnableBkUpAccess
 .text.HAL_PWREx_GetVoltageRange
                0x0000000008007200       0x24 ./Drivers/STM32L4xx_HAL_Driver/stm32l4xx_hal_pwr_ex.o
                0x0000000008007200                HAL_PWREx_GetVoltageRange
 .text.HAL_PWREx_EnableVddUSB
                0x0000000008007224       0x10 ./Drivers/STM32L4xx_HAL_Driver/stm32l4xx_hal_pwr_ex.o
                0x0000000008007224                HAL_PWREx_EnableVddUSB
 .text.HAL_PWREx_EnableVddIO2
                0x0000000008007234       0x10 ./Drivers/STM32L4xx_HAL_Driver/stm32l4xx_hal_pwr_ex.o
                0x0000000008007234                HAL_PWREx_EnableVddIO2
 .text.RCC_SetFlashLatencyFromMSIRange
                0x0000000008007244       0x84 ./Drivers/STM32L4xx_HAL_Driver/stm32l4xx_hal_rcc.o
 .text.HAL_RCC_GetSysClockFreq
                0x00000000080072c8       0xa0 ./Drivers/STM32L4xx_HAL_Driver/stm32l4xx_hal_rcc.o
                0x00000000080072c8                HAL_RCC_GetSysClockFreq
 .text.HAL_RCC_OscConfig
                0x0000000008007368      0x62c ./Drivers/STM32L4xx_HAL_Driver/stm32l4xx_hal_rcc.o
                0x0000000008007368                HAL_RCC_OscConfig
 .text.HAL_RCC_ClockConfig
                0x0000000008007994      0x230 ./Drivers/STM32L4xx_HAL_Driver/stm32l4xx_hal_rcc.o
                0x0000000008007994                HAL_RCC_ClockConfig
 .text.HAL_RCC_GetHCLKFreq
                0x0000000008007bc4        0xc ./Drivers/STM32L4xx_HAL_Driver/stm32l4xx_hal_rcc.o
                0x0000000008007bc4                HAL_RCC_GetHCLKFreq
 .text.RCCEx_PLLSAI1_Config
                0x0000000008007bd0      0x124 ./Drivers/STM32L4xx_HAL_Driver/stm32l4xx_hal_rcc_ex.o
 .text.RCCEx_PLLSAI2_Config
                0x0000000008007cf4      0x124 ./Drivers/STM32L4xx_HAL_Driver/stm32l4xx_hal_rcc_ex.o
 .text.HAL_RCCEx_PeriphCLKConfig
                0x0000000008007e18      0x534 ./Drivers/STM32L4xx_HAL_Driver/stm32l4xx_hal_rcc_ex.o
                0x0000000008007e18                HAL_RCCEx_PeriphCLKConfig
 .text.HAL_RCCEx_DisableLSECSS
                0x000000000800834c       0x1c ./Drivers/STM32L4xx_HAL_Driver/stm32l4xx_hal_rcc_ex.o
                0x000000000800834c                HAL_RCCEx_DisableLSECSS
 .text.HAL_RCCEx_EnableMSIPLLMode
                0x0000000008008368       0x10 ./Drivers/STM32L4xx_HAL_Driver/stm32l4xx_hal_rcc_ex.o
                0x0000000008008368                HAL_RCCEx_EnableMSIPLLMode
 .text.HAL_RTC_GetTime
                0x0000000008008378       0x70 ./Drivers/STM32L4xx_HAL_Driver/stm32l4xx_hal_rtc.o
                0x0000000008008378                HAL_RTC_GetTime
 .text.HAL_RTC_GetDate
                0x00000000080083e8       0x64 ./Drivers/STM32L4xx_HAL_Driver/stm32l4xx_hal_rtc.o
                0x00000000080083e8                HAL_RTC_GetDate
 .text.RTC_ExitInitMode
                0x000000000800844c       0x90 ./Drivers/STM32L4xx_HAL_Driver/stm32l4xx_hal_rtc.o
                0x000000000800844c                RTC_ExitInitMode
 .text.HAL_RTC_Init
                0x00000000080084dc       0xbc ./Drivers/STM32L4xx_HAL_Driver/stm32l4xx_hal_rtc.o
                0x00000000080084dc                HAL_RTC_Init
 .text.HAL_RTC_SetTime
                0x0000000008008598      0x140 ./Drivers/STM32L4xx_HAL_Driver/stm32l4xx_hal_rtc.o
                0x0000000008008598                HAL_RTC_SetTime
 .text.HAL_RTC_SetDate
                0x00000000080086d8      0x130 ./Drivers/STM32L4xx_HAL_Driver/stm32l4xx_hal_rtc.o
                0x00000000080086d8                HAL_RTC_SetDate
 .text.SD_FindSCR
                0x0000000008008808       0xdc ./Drivers/STM32L4xx_HAL_Driver/stm32l4xx_hal_sd.o
 .text.HAL_SD_ReadBlocks
                0x00000000080088e4      0x240 ./Drivers/STM32L4xx_HAL_Driver/stm32l4xx_hal_sd.o
                0x00000000080088e4                HAL_SD_ReadBlocks
 .text.HAL_SD_WriteBlocks
                0x0000000008008b24      0x1e0 ./Drivers/STM32L4xx_HAL_Driver/stm32l4xx_hal_sd.o
                0x0000000008008b24                HAL_SD_WriteBlocks
 .text.HAL_SD_ReadBlocks_DMA
                0x0000000008008d04       0xf4 ./Drivers/STM32L4xx_HAL_Driver/stm32l4xx_hal_sd.o
                0x0000000008008d04                HAL_SD_ReadBlocks_DMA
 .text.HAL_SD_WriteBlocks_DMA
                0x0000000008008df8       0xf8 ./Drivers/STM32L4xx_HAL_Driver/stm32l4xx_hal_sd.o
                0x0000000008008df8                HAL_SD_WriteBlocks_DMA
 .text.HAL_SD_ErrorCallback
                0x0000000008008ef0        0x4 ./Drivers/STM32L4xx_HAL_Driver/stm32l4xx_hal_sd.o
                0x0000000008008ef0                HAL_SD_ErrorCallback
 .text.HAL_SD_IRQHandler
                0x0000000008008ef4      0x2b0 ./Drivers/STM32L4xx_HAL_Driver/stm32l4xx_hal_sd.o
                0x0000000008008ef4                HAL_SD_IRQHandler
 .text.HAL_SD_GetCardCSD
                0x00000000080091a4      0x17c ./Drivers/STM32L4xx_HAL_Driver/stm32l4xx_hal_sd.o
                0x00000000080091a4                HAL_SD_GetCardCSD
 .text.HAL_SD_InitCard
                0x0000000008009320      0x2d0 ./Drivers/STM32L4xx_HAL_Driver/stm32l4xx_hal_sd.o
                0x0000000008009320                HAL_SD_InitCard
 .text.HAL_SD_GetCardStatus
                0x00000000080095f0      0x19c ./Drivers/STM32L4xx_HAL_Driver/stm32l4xx_hal_sd.o
                0x00000000080095f0                HAL_SD_GetCardStatus
 .text.HAL_SD_GetCardInfo
                0x000000000800978c       0x28 ./Drivers/STM32L4xx_HAL_Driver/stm32l4xx_hal_sd.o
                0x000000000800978c                HAL_SD_GetCardInfo
 .text.HAL_SD_ConfigWideBusOperation
                0x00000000080097b4      0x140 ./Drivers/STM32L4xx_HAL_Driver/stm32l4xx_hal_sd.o
                0x00000000080097b4                HAL_SD_ConfigWideBusOperation
 .text.HAL_SD_Init
                0x00000000080098f4       0xc8 ./Drivers/STM32L4xx_HAL_Driver/stm32l4xx_hal_sd.o
                0x00000000080098f4                HAL_SD_Init
 .text.HAL_SD_GetCardState
                0x00000000080099bc       0x28 ./Drivers/STM32L4xx_HAL_Driver/stm32l4xx_hal_sd.o
                0x00000000080099bc                HAL_SD_GetCardState
 .text.HAL_SDEx_Read_DMADoubleBuffer0CpltCallback
                0x00000000080099e4        0x4 ./Drivers/STM32L4xx_HAL_Driver/stm32l4xx_hal_sd_ex.o
                0x00000000080099e4                HAL_SDEx_Read_DMADoubleBuffer0CpltCallback
 .text.HAL_SDEx_Read_DMADoubleBuffer1CpltCallback
                0x00000000080099e8        0x4 ./Drivers/STM32L4xx_HAL_Driver/stm32l4xx_hal_sd_ex.o
                0x00000000080099e8                HAL_SDEx_Read_DMADoubleBuffer1CpltCallback
 .text.HAL_SDEx_Write_DMADoubleBuffer0CpltCallback
                0x00000000080099ec        0x4 ./Drivers/STM32L4xx_HAL_Driver/stm32l4xx_hal_sd_ex.o
                0x00000000080099ec                HAL_SDEx_Write_DMADoubleBuffer0CpltCallback
 .text.HAL_SDEx_Write_DMADoubleBuffer1CpltCallback
                0x00000000080099f0        0x4 ./Drivers/STM32L4xx_HAL_Driver/stm32l4xx_hal_sd_ex.o
                0x00000000080099f0                HAL_SDEx_Write_DMADoubleBuffer1CpltCallback
 .text.SPI_WaitFlagStateUntilTimeout
                0x00000000080099f4       0x94 ./Drivers/STM32L4xx_HAL_Driver/stm32l4xx_hal_spi.o
 .text.SPI_EndRxTxTransaction
                0x0000000008009a88       0xcc ./Drivers/STM32L4xx_HAL_Driver/stm32l4xx_hal_spi.o
 .text.HAL_SPI_MspInit
                0x0000000008009b54        0x4 ./Drivers/STM32L4xx_HAL_Driver/stm32l4xx_hal_spi.o
                0x0000000008009b54                HAL_SPI_MspInit
 .text.HAL_SPI_Init
                0x0000000008009b58       0xec ./Drivers/STM32L4xx_HAL_Driver/stm32l4xx_hal_spi.o
                0x0000000008009b58                HAL_SPI_Init
 .text.HAL_SPI_MspDeInit
                0x0000000008009c44        0x4 ./Drivers/STM32L4xx_HAL_Driver/stm32l4xx_hal_spi.o
                0x0000000008009c44                HAL_SPI_MspDeInit
 .text.HAL_SPI_DeInit
                0x0000000008009c48       0x2c ./Drivers/STM32L4xx_HAL_Driver/stm32l4xx_hal_spi.o
                0x0000000008009c48                HAL_SPI_DeInit
 .text.HAL_SPI_Transmit
                0x0000000008009c74      0x2fc ./Drivers/STM32L4xx_HAL_Driver/stm32l4xx_hal_spi.o
                0x0000000008009c74                HAL_SPI_Transmit
 .text.HAL_SPI_TransmitReceive
                0x0000000008009f70      0x3c0 ./Drivers/STM32L4xx_HAL_Driver/stm32l4xx_hal_spi.o
                0x0000000008009f70                HAL_SPI_TransmitReceive
 .text.HAL_SPI_Receive
                0x000000000800a330      0x404 ./Drivers/STM32L4xx_HAL_Driver/stm32l4xx_hal_spi.o
                0x000000000800a330                HAL_SPI_Receive
 .text.HAL_SPI_GetState
                0x000000000800a734        0x8 ./Drivers/STM32L4xx_HAL_Driver/stm32l4xx_hal_spi.o
                0x000000000800a734                HAL_SPI_GetState
 .text.TIM_OC1_SetConfig
                0x000000000800a73c       0x78 ./Drivers/STM32L4xx_HAL_Driver/stm32l4xx_hal_tim.o
 .text.TIM_OC3_SetConfig
                0x000000000800a7b4       0x80 ./Drivers/STM32L4xx_HAL_Driver/stm32l4xx_hal_tim.o
 .text.HAL_TIM_Base_Init
                0x000000000800a834       0xec ./Drivers/STM32L4xx_HAL_Driver/stm32l4xx_hal_tim.o
                0x000000000800a834                HAL_TIM_Base_Init
 .text.HAL_TIM_Base_Start_IT
                0x000000000800a920       0x2c ./Drivers/STM32L4xx_HAL_Driver/stm32l4xx_hal_tim.o
                0x000000000800a920                HAL_TIM_Base_Start_IT
 .text.HAL_TIM_Base_Stop_IT
                0x000000000800a94c       0x2c ./Drivers/STM32L4xx_HAL_Driver/stm32l4xx_hal_tim.o
                0x000000000800a94c                HAL_TIM_Base_Stop_IT
 .text.HAL_TIM_OC_Init
                0x000000000800a978       0xec ./Drivers/STM32L4xx_HAL_Driver/stm32l4xx_hal_tim.o
                0x000000000800a978                HAL_TIM_OC_Init
 .text.HAL_TIM_OC_Start_IT
                0x000000000800aa64       0xb4 ./Drivers/STM32L4xx_HAL_Driver/stm32l4xx_hal_tim.o
                0x000000000800aa64                HAL_TIM_OC_Start_IT
 .text.HAL_TIM_OC_Stop_IT
                0x000000000800ab18       0xc8 ./Drivers/STM32L4xx_HAL_Driver/stm32l4xx_hal_tim.o
                0x000000000800ab18                HAL_TIM_OC_Stop_IT
 .text.HAL_TIM_ConfigClockSource
                0x000000000800abe0      0x148 ./Drivers/STM32L4xx_HAL_Driver/stm32l4xx_hal_tim.o
                0x000000000800abe0                HAL_TIM_ConfigClockSource
 .text.HAL_TIM_ReadCapturedValue
                0x000000000800ad28       0x34 ./Drivers/STM32L4xx_HAL_Driver/stm32l4xx_hal_tim.o
                0x000000000800ad28                HAL_TIM_ReadCapturedValue
 .text.HAL_TIM_IC_CaptureCallback
                0x000000000800ad5c        0x4 ./Drivers/STM32L4xx_HAL_Driver/stm32l4xx_hal_tim.o
                0x000000000800ad5c                HAL_TIM_IC_CaptureCallback
 .text.HAL_TIM_PWM_PulseFinishedCallback
                0x000000000800ad60        0x4 ./Drivers/STM32L4xx_HAL_Driver/stm32l4xx_hal_tim.o
                0x000000000800ad60                HAL_TIM_PWM_PulseFinishedCallback
 .text.HAL_TIM_TriggerCallback
                0x000000000800ad64        0x4 ./Drivers/STM32L4xx_HAL_Driver/stm32l4xx_hal_tim.o
                0x000000000800ad64                HAL_TIM_TriggerCallback
 .text.HAL_TIM_IRQHandler
                0x000000000800ad68      0x170 ./Drivers/STM32L4xx_HAL_Driver/stm32l4xx_hal_tim.o
                0x000000000800ad68                HAL_TIM_IRQHandler
 .text.TIM_OC2_SetConfig
                0x000000000800aed8       0x80 ./Drivers/STM32L4xx_HAL_Driver/stm32l4xx_hal_tim.o
                0x000000000800aed8                TIM_OC2_SetConfig
 .text.HAL_TIM_OC_ConfigChannel
                0x000000000800af58      0x198 ./Drivers/STM32L4xx_HAL_Driver/stm32l4xx_hal_tim.o
                0x000000000800af58                HAL_TIM_OC_ConfigChannel
 .text.HAL_TIMEx_MasterConfigSynchronization
                0x000000000800b0f0       0x94 ./Drivers/STM32L4xx_HAL_Driver/stm32l4xx_hal_tim_ex.o
                0x000000000800b0f0                HAL_TIMEx_MasterConfigSynchronization
 .text.HAL_TIMEx_CommutCallback
                0x000000000800b184        0x4 ./Drivers/STM32L4xx_HAL_Driver/stm32l4xx_hal_tim_ex.o
                0x000000000800b184                HAL_TIMEx_CommutCallback
 .text.HAL_TIMEx_BreakCallback
                0x000000000800b188        0x4 ./Drivers/STM32L4xx_HAL_Driver/stm32l4xx_hal_tim_ex.o
                0x000000000800b188                HAL_TIMEx_BreakCallback
 .text.HAL_TIMEx_Break2Callback
                0x000000000800b18c        0x4 ./Drivers/STM32L4xx_HAL_Driver/stm32l4xx_hal_tim_ex.o
                0x000000000800b18c                HAL_TIMEx_Break2Callback
 .text.SDMMC_Init
                0x000000000800b190       0x38 ./Drivers/STM32L4xx_HAL_Driver/stm32l4xx_ll_sdmmc.o
                0x000000000800b190                SDMMC_Init
 .text.SDMMC_ReadFIFO
                0x000000000800b1c8        0x8 ./Drivers/STM32L4xx_HAL_Driver/stm32l4xx_ll_sdmmc.o
                0x000000000800b1c8                SDMMC_ReadFIFO
 .text.SDMMC_WriteFIFO
                0x000000000800b1d0        0xc ./Drivers/STM32L4xx_HAL_Driver/stm32l4xx_ll_sdmmc.o
                0x000000000800b1d0                SDMMC_WriteFIFO
 .text.SDMMC_PowerState_ON
                0x000000000800b1dc       0x18 ./Drivers/STM32L4xx_HAL_Driver/stm32l4xx_ll_sdmmc.o
                0x000000000800b1dc                SDMMC_PowerState_ON
 .text.SDMMC_GetPowerState
                0x000000000800b1f4        0x8 ./Drivers/STM32L4xx_HAL_Driver/stm32l4xx_ll_sdmmc.o
                0x000000000800b1f4                SDMMC_GetPowerState
 .text.SDMMC_GetResponse
                0x000000000800b1fc        0x8 ./Drivers/STM32L4xx_HAL_Driver/stm32l4xx_ll_sdmmc.o
                0x000000000800b1fc                SDMMC_GetResponse
 .text.SDMMC_ConfigData
                0x000000000800b204       0x2c ./Drivers/STM32L4xx_HAL_Driver/stm32l4xx_ll_sdmmc.o
                0x000000000800b204                SDMMC_ConfigData
 .text.SDMMC_CmdBlockLength
                0x000000000800b230      0x150 ./Drivers/STM32L4xx_HAL_Driver/stm32l4xx_ll_sdmmc.o
                0x000000000800b230                SDMMC_CmdBlockLength
 .text.SDMMC_CmdReadSingleBlock
                0x000000000800b380      0x150 ./Drivers/STM32L4xx_HAL_Driver/stm32l4xx_ll_sdmmc.o
                0x000000000800b380                SDMMC_CmdReadSingleBlock
 .text.SDMMC_CmdReadMultiBlock
                0x000000000800b4d0      0x150 ./Drivers/STM32L4xx_HAL_Driver/stm32l4xx_ll_sdmmc.o
                0x000000000800b4d0                SDMMC_CmdReadMultiBlock
 .text.SDMMC_CmdWriteSingleBlock
                0x000000000800b620      0x150 ./Drivers/STM32L4xx_HAL_Driver/stm32l4xx_ll_sdmmc.o
                0x000000000800b620                SDMMC_CmdWriteSingleBlock
 .text.SDMMC_CmdWriteMultiBlock
                0x000000000800b770      0x150 ./Drivers/STM32L4xx_HAL_Driver/stm32l4xx_ll_sdmmc.o
                0x000000000800b770                SDMMC_CmdWriteMultiBlock
 .text.SDMMC_CmdStopTransfer
                0x000000000800b8c0      0x16c ./Drivers/STM32L4xx_HAL_Driver/stm32l4xx_ll_sdmmc.o
                0x000000000800b8c0                SDMMC_CmdStopTransfer
 .text.SDMMC_CmdSelDesel
                0x000000000800ba2c      0x150 ./Drivers/STM32L4xx_HAL_Driver/stm32l4xx_ll_sdmmc.o
                0x000000000800ba2c                SDMMC_CmdSelDesel
 .text.SDMMC_CmdGoIdleState
                0x000000000800bb7c       0x58 ./Drivers/STM32L4xx_HAL_Driver/stm32l4xx_ll_sdmmc.o
                0x000000000800bb7c                SDMMC_CmdGoIdleState
 .text.SDMMC_CmdOperCond
                0x000000000800bbd4       0x84 ./Drivers/STM32L4xx_HAL_Driver/stm32l4xx_ll_sdmmc.o
                0x000000000800bbd4                SDMMC_CmdOperCond
 .text.SDMMC_CmdAppCommand
                0x000000000800bc58      0x150 ./Drivers/STM32L4xx_HAL_Driver/stm32l4xx_ll_sdmmc.o
                0x000000000800bc58                SDMMC_CmdAppCommand
 .text.SDMMC_CmdAppOperCommand
                0x000000000800bda8       0x74 ./Drivers/STM32L4xx_HAL_Driver/stm32l4xx_ll_sdmmc.o
                0x000000000800bda8                SDMMC_CmdAppOperCommand
 .text.SDMMC_CmdBusWidth
                0x000000000800be1c      0x150 ./Drivers/STM32L4xx_HAL_Driver/stm32l4xx_ll_sdmmc.o
                0x000000000800be1c                SDMMC_CmdBusWidth
 .text.SDMMC_CmdSendSCR
                0x000000000800bf6c      0x150 ./Drivers/STM32L4xx_HAL_Driver/stm32l4xx_ll_sdmmc.o
                0x000000000800bf6c                SDMMC_CmdSendSCR
 .text.SDMMC_CmdSendCID
                0x000000000800c0bc       0x80 ./Drivers/STM32L4xx_HAL_Driver/stm32l4xx_ll_sdmmc.o
                0x000000000800c0bc                SDMMC_CmdSendCID
 .text.SDMMC_CmdSendCSD
                0x000000000800c13c       0x80 ./Drivers/STM32L4xx_HAL_Driver/stm32l4xx_ll_sdmmc.o
                0x000000000800c13c                SDMMC_CmdSendCSD
 .text.SDMMC_CmdSetRelAdd
                0x000000000800c1bc       0xb0 ./Drivers/STM32L4xx_HAL_Driver/stm32l4xx_ll_sdmmc.o
                0x000000000800c1bc                SDMMC_CmdSetRelAdd
 .text.SDMMC_CmdSendStatus
                0x000000000800c26c      0x150 ./Drivers/STM32L4xx_HAL_Driver/stm32l4xx_ll_sdmmc.o
                0x000000000800c26c                SDMMC_CmdSendStatus
 .text.SDMMC_CmdStatusRegister
                0x000000000800c3bc      0x150 ./Drivers/STM32L4xx_HAL_Driver/stm32l4xx_ll_sdmmc.o
                0x000000000800c3bc                SDMMC_CmdStatusRegister
 .text.SDMMC_CmdVoltageSwitch
                0x000000000800c50c      0x150 ./Drivers/STM32L4xx_HAL_Driver/stm32l4xx_ll_sdmmc.o
                0x000000000800c50c                SDMMC_CmdVoltageSwitch
 .text.USB_CoreInit
                0x000000000800c65c       0xc4 ./Drivers/STM32L4xx_HAL_Driver/stm32l4xx_ll_usb.o
                0x000000000800c65c                USB_CoreInit
 .text.USB_SetTurnaroundTime
                0x000000000800c720       0xf4 ./Drivers/STM32L4xx_HAL_Driver/stm32l4xx_ll_usb.o
                0x000000000800c720                USB_SetTurnaroundTime
 .text.USB_EnableGlobalInt
                0x000000000800c814       0x10 ./Drivers/STM32L4xx_HAL_Driver/stm32l4xx_ll_usb.o
                0x000000000800c814                USB_EnableGlobalInt
 .text.USB_DisableGlobalInt
                0x000000000800c824       0x10 ./Drivers/STM32L4xx_HAL_Driver/stm32l4xx_ll_usb.o
                0x000000000800c824                USB_DisableGlobalInt
 .text.USB_SetCurrentMode
                0x000000000800c834       0x30 ./Drivers/STM32L4xx_HAL_Driver/stm32l4xx_ll_usb.o
                0x000000000800c834                USB_SetCurrentMode
 .text.USB_DevInit
                0x000000000800c864      0x1b0 ./Drivers/STM32L4xx_HAL_Driver/stm32l4xx_ll_usb.o
                0x000000000800c864                USB_DevInit
 .text.USB_FlushTxFifo
                0x000000000800ca14       0x24 ./Drivers/STM32L4xx_HAL_Driver/stm32l4xx_ll_usb.o
                0x000000000800ca14                USB_FlushTxFifo
 .text.USB_FlushRxFifo
                0x000000000800ca38       0x20 ./Drivers/STM32L4xx_HAL_Driver/stm32l4xx_ll_usb.o
                0x000000000800ca38                USB_FlushRxFifo
 .text.USB_GetDevSpeed
                0x000000000800ca58       0x14 ./Drivers/STM32L4xx_HAL_Driver/stm32l4xx_ll_usb.o
                0x000000000800ca58                USB_GetDevSpeed
 .text.USB_ActivateEndpoint
                0x000000000800ca6c       0x98 ./Drivers/STM32L4xx_HAL_Driver/stm32l4xx_ll_usb.o
                0x000000000800ca6c                USB_ActivateEndpoint
 .text.USB_DeactivateEndpoint
                0x000000000800cb04       0xc4 ./Drivers/STM32L4xx_HAL_Driver/stm32l4xx_ll_usb.o
                0x000000000800cb04                USB_DeactivateEndpoint
 .text.USB_EPStartXfer
                0x000000000800cbc8      0x1c8 ./Drivers/STM32L4xx_HAL_Driver/stm32l4xx_ll_usb.o
                0x000000000800cbc8                USB_EPStartXfer
 .text.USB_EP0StartXfer
                0x000000000800cd90      0x120 ./Drivers/STM32L4xx_HAL_Driver/stm32l4xx_ll_usb.o
                0x000000000800cd90                USB_EP0StartXfer
 .text.USB_WritePacket
                0x000000000800ceb0       0x20 ./Drivers/STM32L4xx_HAL_Driver/stm32l4xx_ll_usb.o
                0x000000000800ceb0                USB_WritePacket
 .text.USB_ReadPacket
                0x000000000800ced0       0x20 ./Drivers/STM32L4xx_HAL_Driver/stm32l4xx_ll_usb.o
                0x000000000800ced0                USB_ReadPacket
 .text.USB_EPSetStall
                0x000000000800cef0       0x5c ./Drivers/STM32L4xx_HAL_Driver/stm32l4xx_ll_usb.o
                0x000000000800cef0                USB_EPSetStall
 .text.USB_EPClearStall
                0x000000000800cf4c       0x58 ./Drivers/STM32L4xx_HAL_Driver/stm32l4xx_ll_usb.o
                0x000000000800cf4c                USB_EPClearStall
 .text.USB_StopDevice
                0x000000000800cfa4       0xc8 ./Drivers/STM32L4xx_HAL_Driver/stm32l4xx_ll_usb.o
                0x000000000800cfa4                USB_StopDevice
 .text.USB_SetDevAddress
                0x000000000800d06c       0x20 ./Drivers/STM32L4xx_HAL_Driver/stm32l4xx_ll_usb.o
                0x000000000800d06c                USB_SetDevAddress
 .text.USB_DevConnect
                0x000000000800d08c       0x1c ./Drivers/STM32L4xx_HAL_Driver/stm32l4xx_ll_usb.o
                0x000000000800d08c                USB_DevConnect
 .text.USB_DevDisconnect
                0x000000000800d0a8       0x1c ./Drivers/STM32L4xx_HAL_Driver/stm32l4xx_ll_usb.o
                0x000000000800d0a8                USB_DevDisconnect
 .text.USB_ReadInterrupts
                0x000000000800d0c4        0x8 ./Drivers/STM32L4xx_HAL_Driver/stm32l4xx_ll_usb.o
                0x000000000800d0c4                USB_ReadInterrupts
 .text.USB_ReadDevAllOutEpInterrupt
                0x000000000800d0cc       0x10 ./Drivers/STM32L4xx_HAL_Driver/stm32l4xx_ll_usb.o
                0x000000000800d0cc                USB_ReadDevAllOutEpInterrupt
 .text.USB_ReadDevAllInEpInterrupt
                0x000000000800d0dc       0x10 ./Drivers/STM32L4xx_HAL_Driver/stm32l4xx_ll_usb.o
                0x000000000800d0dc                USB_ReadDevAllInEpInterrupt
 .text.USB_ReadDevOutEPInterrupt
                0x000000000800d0ec       0x14 ./Drivers/STM32L4xx_HAL_Driver/stm32l4xx_ll_usb.o
                0x000000000800d0ec                USB_ReadDevOutEPInterrupt
 .text.USB_ReadDevInEPInterrupt
                0x000000000800d100       0x20 ./Drivers/STM32L4xx_HAL_Driver/stm32l4xx_ll_usb.o
                0x000000000800d100                USB_ReadDevInEPInterrupt
 .text.USB_GetMode
                0x000000000800d120        0x8 ./Drivers/STM32L4xx_HAL_Driver/stm32l4xx_ll_usb.o
                0x000000000800d120                USB_GetMode
 .text.USB_ActivateSetup
                0x000000000800d128       0x24 ./Drivers/STM32L4xx_HAL_Driver/stm32l4xx_ll_usb.o
                0x000000000800d128                USB_ActivateSetup
 .text.USB_EP0_OutStart
                0x000000000800d14c       0x40 ./Drivers/STM32L4xx_HAL_Driver/stm32l4xx_ll_usb.o
                0x000000000800d14c                USB_EP0_OutStart
 .text.Display_Update
                0x000000000800d18c      0x168 ./Example/AlgoBuilder/ab_display.o
                0x000000000800d18c                Display_Update
 .text.Datalog_Open
                0x000000000800d2f4      0x204 ./Example/AlgoBuilder/ab_display.o
                0x000000000800d2f4                Datalog_Open
 .text.Datalog_Close
                0x000000000800d4f8       0x1c ./Example/AlgoBuilder/ab_display.o
                0x000000000800d4f8                Datalog_Close
 .text.Datalog_Sync_Handler
                0x000000000800d514       0x4c ./Example/AlgoBuilder/ab_display.o
                0x000000000800d514                Datalog_Sync_Handler
 .text.Datalog_Set_RTC_Handle
                0x000000000800d560        0xc ./Example/AlgoBuilder/ab_display.o
                0x000000000800d560                Datalog_Set_RTC_Handle
 .text.get_fattime
                0x000000000800d56c       0x58 ./Example/AlgoBuilder/ab_display.o
                0x000000000800d56c                get_fattime
 .text.Sensor_Hub_Init
                0x000000000800d5c4      0x1e8 ./Example/AlgoBuilder/ab_sensor_hub.o
                0x000000000800d5c4                Sensor_Hub_Init
 .text.Sensor_Hub_Handler
                0x000000000800d7ac      0x468 ./Example/AlgoBuilder/ab_sensor_hub.o
                0x000000000800d7ac                Sensor_Hub_Handler
 .text.Accelero_Init
                0x000000000800dc14       0x10 ./Example/AlgoBuilder/ab_sensor_hub.o
                0x000000000800dc14                Accelero_Init
 .text.Accelero_Sensor_GetData
                0x000000000800dc24       0x10 ./Example/AlgoBuilder/ab_sensor_hub.o
                0x000000000800dc24                Accelero_Sensor_GetData
 .text.FSM_MLC_Check_ODR_FS_Change
                0x000000000800dc34       0xc4 ./Example/AlgoBuilder/ab_sensor_hub.o
                0x000000000800dc34                FSM_MLC_Check_ODR_FS_Change
 .text.ISPU_Check_ODR_FS_Change
                0x000000000800dcf8       0xc4 ./Example/AlgoBuilder/ab_sensor_hub.o
                0x000000000800dcf8                ISPU_Check_ODR_FS_Change
 .text.Reset_Handler
                0x000000000800ddbc       0x50 ./Example/SW4STM32/startup_stm32l4r9xx.o
                0x000000000800ddbc                Reset_Handler
 .text.Default_Handler
                0x000000000800de0c        0x2 ./Example/SW4STM32/startup_stm32l4r9xx.o
                0x000000000800de0c                RTC_Alarm_IRQHandler
                0x000000000800de0c                TIM8_TRG_COM_IRQHandler
                0x000000000800de0c                TIM8_CC_IRQHandler
                0x000000000800de0c                TSC_IRQHandler
                0x000000000800de0c                TAMP_STAMP_IRQHandler
                0x000000000800de0c                PendSV_Handler
                0x000000000800de0c                EXTI3_IRQHandler
                0x000000000800de0c                LPTIM2_IRQHandler
                0x000000000800de0c                DFSDM1_FLT1_IRQHandler
                0x000000000800de0c                GFXMMU_IRQHandler
                0x000000000800de0c                I2C3_ER_IRQHandler
                0x000000000800de0c                DFSDM1_FLT2_IRQHandler
                0x000000000800de0c                EXTI0_IRQHandler
                0x000000000800de0c                I2C2_EV_IRQHandler
                0x000000000800de0c                CAN1_RX0_IRQHandler
                0x000000000800de0c                FPU_IRQHandler
                0x000000000800de0c                TIM1_UP_TIM16_IRQHandler
                0x000000000800de0c                UsageFault_Handler
                0x000000000800de0c                LTDC_ER_IRQHandler
                0x000000000800de0c                SPI1_IRQHandler
                0x000000000800de0c                OCTOSPI1_IRQHandler
                0x000000000800de0c                TIM6_DAC_IRQHandler
                0x000000000800de0c                DCMI_IRQHandler
                0x000000000800de0c                TIM8_UP_IRQHandler
                0x000000000800de0c                OCTOSPI2_IRQHandler
                0x000000000800de0c                DMA2_Channel2_IRQHandler
                0x000000000800de0c                DMA1_Channel4_IRQHandler
                0x000000000800de0c                SAI2_IRQHandler
                0x000000000800de0c                ADC1_IRQHandler
                0x000000000800de0c                DFSDM1_FLT3_IRQHandler
                0x000000000800de0c                USART3_IRQHandler
                0x000000000800de0c                DMA1_Channel7_IRQHandler
                0x000000000800de0c                CAN1_RX1_IRQHandler
                0x000000000800de0c                UART5_IRQHandler
                0x000000000800de0c                DMA2_Channel1_IRQHandler
                0x000000000800de0c                I2C1_EV_IRQHandler
                0x000000000800de0c                DMAMUX1_OVR_IRQHandler
                0x000000000800de0c                DMA1_Channel6_IRQHandler
                0x000000000800de0c                UART4_IRQHandler
                0x000000000800de0c                DMA2_Channel4_IRQHandler
                0x000000000800de0c                TIM3_IRQHandler
                0x000000000800de0c                RCC_IRQHandler
                0x000000000800de0c                DMA1_Channel1_IRQHandler
                0x000000000800de0c                Default_Handler
                0x000000000800de0c                DMA2_Channel7_IRQHandler
                0x000000000800de0c                EXTI15_10_IRQHandler
                0x000000000800de0c                TIM7_IRQHandler
                0x000000000800de0c                TIM5_IRQHandler
                0x000000000800de0c                I2C3_EV_IRQHandler
                0x000000000800de0c                EXTI9_5_IRQHandler
                0x000000000800de0c                RTC_WKUP_IRQHandler
                0x000000000800de0c                LTDC_IRQHandler
                0x000000000800de0c                PVD_PVM_IRQHandler
                0x000000000800de0c                SPI2_IRQHandler
                0x000000000800de0c                MemManage_Handler
                0x000000000800de0c                CAN1_TX_IRQHandler
                0x000000000800de0c                SVC_Handler
                0x000000000800de0c                DMA2_Channel5_IRQHandler
                0x000000000800de0c                CRS_IRQHandler
                0x000000000800de0c                DMA1_Channel5_IRQHandler
                0x000000000800de0c                RNG_IRQHandler
                0x000000000800de0c                TIM1_TRG_COM_TIM17_IRQHandler
                0x000000000800de0c                DMA1_Channel3_IRQHandler
                0x000000000800de0c                COMP_IRQHandler
                0x000000000800de0c                DSI_IRQHandler
                0x000000000800de0c                WWDG_IRQHandler
                0x000000000800de0c                I2C4_EV_IRQHandler
                0x000000000800de0c                LPUART1_IRQHandler
                0x000000000800de0c                DMA2_Channel6_IRQHandler
                0x000000000800de0c                DMA2D_IRQHandler
                0x000000000800de0c                USART2_IRQHandler
                0x000000000800de0c                DFSDM1_FLT0_IRQHandler
                0x000000000800de0c                I2C2_ER_IRQHandler
                0x000000000800de0c                DMA1_Channel2_IRQHandler
                0x000000000800de0c                TIM8_BRK_IRQHandler
                0x000000000800de0c                CAN1_SCE_IRQHandler
                0x000000000800de0c                FLASH_IRQHandler
                0x000000000800de0c                BusFault_Handler
                0x000000000800de0c                USART1_IRQHandler
                0x000000000800de0c                SPI3_IRQHandler
                0x000000000800de0c                I2C1_ER_IRQHandler
                0x000000000800de0c                FMC_IRQHandler
                0x000000000800de0c                LPTIM1_IRQHandler
                0x000000000800de0c                I2C4_ER_IRQHandler
                0x000000000800de0c                SAI1_IRQHandler
                0x000000000800de0c                DMA2_Channel3_IRQHandler
                0x000000000800de0c                TIM1_BRK_TIM15_IRQHandler
 *fill*         0x000000000800de0e        0x2 
 .text._getpid  0x000000000800de10        0x4 ./Example/SW4STM32/syscalls.o
                0x000000000800de10                _getpid
 .text._kill    0x000000000800de14       0x10 ./Example/SW4STM32/syscalls.o
                0x000000000800de14                _kill
 .text._exit    0x000000000800de24        0xc ./Example/SW4STM32/syscalls.o
                0x000000000800de24                _exit
 .text._read    0x000000000800de30       0x1c ./Example/SW4STM32/syscalls.o
                0x000000000800de30                _read
 .text._write   0x000000000800de4c       0x1c ./Example/SW4STM32/syscalls.o
                0x000000000800de4c                _write
 .text._sbrk    0x000000000800de68       0x38 ./Example/SW4STM32/syscalls.o
                0x000000000800de68                _sbrk
 .text._close   0x000000000800dea0        0x8 ./Example/SW4STM32/syscalls.o
                0x000000000800dea0                _close
 .text._fstat   0x000000000800dea8        0xc ./Example/SW4STM32/syscalls.o
                0x000000000800dea8                _fstat
 .text._isatty  0x000000000800deb4        0x4 ./Example/SW4STM32/syscalls.o
                0x000000000800deb4                _isatty
 .text._lseek   0x000000000800deb8        0x4 ./Example/SW4STM32/syscalls.o
                0x000000000800deb8                _lseek
 .text.AB_Init  0x000000000800debc       0x20 ./Example/User/algo_builder.o
                0x000000000800debc                AB_Init
 .text.AB_Handler
                0x000000000800dedc       0x28 ./Example/User/algo_builder.o
                0x000000000800dedc                AB_Handler
 *fill*         0x000000000800df04        0x4 
 .text.SystemClock_Config
                0x000000000800df08       0xe4 ./Example/User/cube_hal_l4.o
                0x000000000800df08                SystemClock_Config
 .text.BUILD_REPLY_HEADER
                0x000000000800dfec       0x10 ./Example/User/demo_serial.o
                0x000000000800dfec                BUILD_REPLY_HEADER
 .text.INIT_STREAMING_HEADER
                0x000000000800dffc       0x1c ./Example/User/demo_serial.o
                0x000000000800dffc                INIT_STREAMING_HEADER
 .text.HandleMSG
                0x000000000800e018      0x678 ./Example/User/demo_serial.o
                0x000000000800e018                HandleMSG
 .text.Init_Error
                0x000000000800e690       0x14 ./Example/User/demo_serial.o
                0x000000000800e690                Init_Error
 .text.Report_Init_Error
                0x000000000800e6a4       0x24 ./Example/User/demo_serial.o
                0x000000000800e6a4                Report_Init_Error
 .text.SendMSG  0x000000000800e6c8        0x8 ./Example/User/demo_serial.o
                0x000000000800e6c8                SendMSG
 .text.FATFS_Init