F:/FRI_novSSD/Diploma/Diploma-GitHub/AlgoBuilder/Zajem_podatkov-Jakost_gibanja/Projekt/Middlewares/ST/STM32_USB_Device_Library/Class/CDC/Src/usbd_cdc.c:722:10:USBD_CDC_EP0_RxReady	8	static
F:/FRI_novSSD/Diploma/Diploma-GitHub/AlgoBuilder/Zajem_podatkov-Jakost_gibanja/Projekt/Middlewares/ST/STM32_USB_Device_Library/Class/CDC/Src/usbd_cdc.c:744:18:USBD_CDC_GetFSCfgDesc	0	static
F:/FRI_novSSD/Diploma/Diploma-GitHub/AlgoBuilder/Zajem_podatkov-Jakost_gibanja/Projekt/Middlewares/ST/STM32_USB_Device_Library/Class/CDC/Src/usbd_cdc.c:757:18:USBD_CDC_GetHSCfgDesc	0	static
F:/FRI_novSSD/Diploma/Diploma-GitHub/AlgoBuilder/Zajem_podatkov-Jakost_gibanja/Projekt/Middlewares/ST/STM32_USB_Device_Library/Class/CDC/Src/usbd_cdc.c:770:18:USBD_CDC_GetOtherSpeedCfgDesc	0	static
F:/FRI_novSSD/Diploma/Diploma-GitHub/AlgoBuilder/Zajem_podatkov-Jakost_gibanja/Projekt/Middlewares/ST/STM32_USB_Device_Library/Class/CDC/Src/usbd_cdc.c:782:11:USBD_CDC_GetDeviceQualifierDescriptor	0	static
F:/FRI_novSSD/Diploma/Diploma-GitHub/AlgoBuilder/Zajem_podatkov-Jakost_gibanja/Projekt/Middlewares/ST/STM32_USB_Device_Library/Class/CDC/Src/usbd_cdc.c:455:10:USBD_CDC_Init	24	static
F:/FRI_novSSD/Diploma/Diploma-GitHub/AlgoBuilder/Zajem_podatkov-Jakost_gibanja/Projekt/Middlewares/ST/STM32_USB_Device_Library/Class/CDC/Src/usbd_cdc.c:533:10:USBD_CDC_DeInit	16	static
F:/FRI_novSSD/Diploma/Diploma-GitHub/AlgoBuilder/Zajem_podatkov-Jakost_gibanja/Projekt/Middlewares/ST/STM32_USB_Device_Library/Class/CDC/Src/usbd_cdc.c:567:10:USBD_CDC_Setup	32	static
F:/FRI_novSSD/Diploma/Diploma-GitHub/AlgoBuilder/Zajem_podatkov-Jakost_gibanja/Projekt/Middlewares/ST/STM32_USB_Device_Library/Class/CDC/Src/usbd_cdc.c:661:10:USBD_CDC_DataIn	16	static
F:/FRI_novSSD/Diploma/Diploma-GitHub/AlgoBuilder/Zajem_podatkov-Jakost_gibanja/Projekt/Middlewares/ST/STM32_USB_Device_Library/Class/CDC/Src/usbd_cdc.c:695:10:USBD_CDC_DataOut	16	static
F:/FRI_novSSD/Diploma/Diploma-GitHub/AlgoBuilder/Zajem_podatkov-Jakost_gibanja/Projekt/Middlewares/ST/STM32_USB_Device_Library/Class/CDC/Src/usbd_cdc.c:794:10:USBD_CDC_RegisterInterface	0	static
F:/FRI_novSSD/Diploma/Diploma-GitHub/AlgoBuilder/Zajem_podatkov-Jakost_gibanja/Projekt/Middlewares/ST/STM32_USB_Device_Library/Class/CDC/Src/usbd_cdc.c:814:10:USBD_CDC_SetTxBuffer	0	static
F:/FRI_novSSD/Diploma/Diploma-GitHub/AlgoBuilder/Zajem_podatkov-Jakost_gibanja/Projekt/Middlewares/ST/STM32_USB_Device_Library/Class/CDC/Src/usbd_cdc.c:833:10:USBD_CDC_SetRxBuffer	0	static
F:/FRI_novSSD/Diploma/Diploma-GitHub/AlgoBuilder/Zajem_podatkov-Jakost_gibanja/Projekt/Middlewares/ST/STM32_USB_Device_Library/Class/CDC/Src/usbd_cdc.c:849:10:USBD_CDC_TransmitPacket	8	static
F:/FRI_novSSD/Diploma/Diploma-GitHub/AlgoBuilder/Zajem_podatkov-Jakost_gibanja/Projekt/Middlewares/ST/STM32_USB_Device_Library/Class/CDC/Src/usbd_cdc.c:887:10:USBD_CDC_ReceivePacket	8	static
