../Core/Inc/emlearn/eml_common.h:37:1:eml_error_valid	16	static
../Core/Inc/emlearn/eml_common.h:42:1:eml_error_str	16	static
../Core/Inc/emlearn/eml_net.h:55:1:eml_net_relu	16	static
../Core/Inc/emlearn/eml_net.h:60:1:eml_net_expit	16	static
../Core/Inc/emlearn/eml_net.h:65:1:eml_net_tanh	16	static
../Core/Inc/emlearn/eml_net.h:70:1:eml_net_softmax	48	static
../Core/Inc/emlearn/eml_net.h:95:1:eml_net_argmax	32	static
../Core/Inc/emlearn/eml_net.h:110:1:eml_net_valid	24	static
../Core/Inc/emlearn/eml_net.h:116:1:eml_net_outputs	16	static
../Core/Inc/emlearn/eml_net.h:122:1:eml_net_outputs_proba	24	static
../Core/Inc/emlearn/eml_net.h:132:1:eml_net_find_largest_layer	24	static
../Core/Inc/emlearn/eml_net.h:174:1:eml_net_layer_forward	64	static
../Core/Inc/emlearn/eml_net.h:229:1:eml_net_infer	72	static
../Core/Inc/emlearn/eml_net.h:262:1:eml_net_predict_proba	64	static
../Core/Inc/emlearn/eml_net.h:295:1:eml_net_predict	40	static
../Core/Inc/nevronskaMreza_jakostGibanja.h:14:5:nevronskaMreza_jakostGibanja_predict	16	static
../Core/Src/main.c:125:5:main	96	static
../Core/Src/main.c:302:6:SystemClock_Config	96	static
../Core/Src/main.c:359:13:MX_ADC1_Init	32	static
../Core/Src/main.c:418:13:MX_DFSDM1_Init	8	static
../Core/Src/main.c:471:13:MX_I2C1_Init	8	static
../Core/Src/main.c:519:13:MX_I2C3_Init	8	static
../Core/Src/main.c:567:13:MX_RTC_Init	32	static
../Core/Src/main.c:631:13:MX_SDMMC1_SD_Init	4	static
../Core/Src/main.c:659:13:MX_SPI1_Init	8	static
../Core/Src/main.c:699:13:MX_SPI2_Init	8	static
../Core/Src/main.c:739:13:MX_SPI3_Init	8	static
../Core/Src/main.c:779:13:MX_TIM2_Init	40	static
../Core/Src/main.c:824:13:MX_TIM6_Init	24	static
../Core/Src/main.c:862:13:MX_TIM7_Init	24	static
../Core/Src/main.c:898:13:MX_DMA_Init	16	static
../Core/Src/main.c:917:13:MX_GPIO_Init	64	static
../Core/Src/main.c:1060:6:Error_Handler	4	static,ignoring_inline_asm
